Archive member included to satisfy reference by file (symbol)

c:/st/stm32cubeide_1.6.0/stm32cubeide/plugins/com.st.stm32cube.ide.mcu.externaltools.gnu-tools-for-stm32.9-2020-q2-update.win32_1.5.0.202011040924/tools/bin/../lib/gcc/arm-none-eabi/9.3.1/../../../../arm-none-eabi/lib/thumb/v7e-m+fp/hard\libc_nano.a(lib_a-errno.o)
                              Core/Src/syscalls.o (__errno)
c:/st/stm32cubeide_1.6.0/stm32cubeide/plugins/com.st.stm32cube.ide.mcu.externaltools.gnu-tools-for-stm32.9-2020-q2-update.win32_1.5.0.202011040924/tools/bin/../lib/gcc/arm-none-eabi/9.3.1/../../../../arm-none-eabi/lib/thumb/v7e-m+fp/hard\libc_nano.a(lib_a-exit.o)
                              c:/st/stm32cubeide_1.6.0/stm32cubeide/plugins/com.st.stm32cube.ide.mcu.externaltools.gnu-tools-for-stm32.9-2020-q2-update.win32_1.5.0.202011040924/tools/bin/../lib/gcc/arm-none-eabi/9.3.1/../../../../arm-none-eabi/lib/thumb/v7e-m+fp/hard/crt0.o (exit)
c:/st/stm32cubeide_1.6.0/stm32cubeide/plugins/com.st.stm32cube.ide.mcu.externaltools.gnu-tools-for-stm32.9-2020-q2-update.win32_1.5.0.202011040924/tools/bin/../lib/gcc/arm-none-eabi/9.3.1/../../../../arm-none-eabi/lib/thumb/v7e-m+fp/hard\libc_nano.a(lib_a-impure.o)
                              c:/st/stm32cubeide_1.6.0/stm32cubeide/plugins/com.st.stm32cube.ide.mcu.externaltools.gnu-tools-for-stm32.9-2020-q2-update.win32_1.5.0.202011040924/tools/bin/../lib/gcc/arm-none-eabi/9.3.1/../../../../arm-none-eabi/lib/thumb/v7e-m+fp/hard\libc_nano.a(lib_a-exit.o) (_global_impure_ptr)
c:/st/stm32cubeide_1.6.0/stm32cubeide/plugins/com.st.stm32cube.ide.mcu.externaltools.gnu-tools-for-stm32.9-2020-q2-update.win32_1.5.0.202011040924/tools/bin/../lib/gcc/arm-none-eabi/9.3.1/../../../../arm-none-eabi/lib/thumb/v7e-m+fp/hard\libc_nano.a(lib_a-init.o)
                              c:/st/stm32cubeide_1.6.0/stm32cubeide/plugins/com.st.stm32cube.ide.mcu.externaltools.gnu-tools-for-stm32.9-2020-q2-update.win32_1.5.0.202011040924/tools/bin/../lib/gcc/arm-none-eabi/9.3.1/../../../../arm-none-eabi/lib/thumb/v7e-m+fp/hard/crt0.o (__libc_init_array)
c:/st/stm32cubeide_1.6.0/stm32cubeide/plugins/com.st.stm32cube.ide.mcu.externaltools.gnu-tools-for-stm32.9-2020-q2-update.win32_1.5.0.202011040924/tools/bin/../lib/gcc/arm-none-eabi/9.3.1/../../../../arm-none-eabi/lib/thumb/v7e-m+fp/hard\libc_nano.a(lib_a-malloc.o)
                              Middlewares/ST/STM32_USB_Device_Library/Class/MSC/Src/usbd_msc.o (malloc)
c:/st/stm32cubeide_1.6.0/stm32cubeide/plugins/com.st.stm32cube.ide.mcu.externaltools.gnu-tools-for-stm32.9-2020-q2-update.win32_1.5.0.202011040924/tools/bin/../lib/gcc/arm-none-eabi/9.3.1/../../../../arm-none-eabi/lib/thumb/v7e-m+fp/hard\libc_nano.a(lib_a-memset.o)
                              c:/st/stm32cubeide_1.6.0/stm32cubeide/plugins/com.st.stm32cube.ide.mcu.externaltools.gnu-tools-for-stm32.9-2020-q2-update.win32_1.5.0.202011040924/tools/bin/../lib/gcc/arm-none-eabi/9.3.1/../../../../arm-none-eabi/lib/thumb/v7e-m+fp/hard/crt0.o (memset)
c:/st/stm32cubeide_1.6.0/stm32cubeide/plugins/com.st.stm32cube.ide.mcu.externaltools.gnu-tools-for-stm32.9-2020-q2-update.win32_1.5.0.202011040924/tools/bin/../lib/gcc/arm-none-eabi/9.3.1/../../../../arm-none-eabi/lib/thumb/v7e-m+fp/hard\libc_nano.a(lib_a-nano-freer.o)
                              c:/st/stm32cubeide_1.6.0/stm32cubeide/plugins/com.st.stm32cube.ide.mcu.externaltools.gnu-tools-for-stm32.9-2020-q2-update.win32_1.5.0.202011040924/tools/bin/../lib/gcc/arm-none-eabi/9.3.1/../../../../arm-none-eabi/lib/thumb/v7e-m+fp/hard\libc_nano.a(lib_a-malloc.o) (_free_r)
c:/st/stm32cubeide_1.6.0/stm32cubeide/plugins/com.st.stm32cube.ide.mcu.externaltools.gnu-tools-for-stm32.9-2020-q2-update.win32_1.5.0.202011040924/tools/bin/../lib/gcc/arm-none-eabi/9.3.1/../../../../arm-none-eabi/lib/thumb/v7e-m+fp/hard\libc_nano.a(lib_a-nano-mallocr.o)
                              c:/st/stm32cubeide_1.6.0/stm32cubeide/plugins/com.st.stm32cube.ide.mcu.externaltools.gnu-tools-for-stm32.9-2020-q2-update.win32_1.5.0.202011040924/tools/bin/../lib/gcc/arm-none-eabi/9.3.1/../../../../arm-none-eabi/lib/thumb/v7e-m+fp/hard\libc_nano.a(lib_a-malloc.o) (_malloc_r)
c:/st/stm32cubeide_1.6.0/stm32cubeide/plugins/com.st.stm32cube.ide.mcu.externaltools.gnu-tools-for-stm32.9-2020-q2-update.win32_1.5.0.202011040924/tools/bin/../lib/gcc/arm-none-eabi/9.3.1/../../../../arm-none-eabi/lib/thumb/v7e-m+fp/hard\libc_nano.a(lib_a-printf.o)
                              Core/Src/main.o (printf)
c:/st/stm32cubeide_1.6.0/stm32cubeide/plugins/com.st.stm32cube.ide.mcu.externaltools.gnu-tools-for-stm32.9-2020-q2-update.win32_1.5.0.202011040924/tools/bin/../lib/gcc/arm-none-eabi/9.3.1/../../../../arm-none-eabi/lib/thumb/v7e-m+fp/hard\libc_nano.a(lib_a-puts.o)
                              Core/Src/main.o (puts)
[...]
Memory Configuration

Name             Origin             Length             Attributes
CCMRAM           0x0000000010000000 0x0000000000010000 xrw
RAM              0x0000000020000000 0x0000000000020000 xrw
FLASH            0x0000000008000000 0x0000000000100000 xr
*default*        0x0000000000000000 0xffffffffffffffff

Linker script and memory map

LOAD c:/st/stm32cubeide_1.6.0/stm32cubeide/plugins/com.st.stm32cube.ide.mcu.externaltools.gnu-tools-for-stm32.9-2020-q2-update.win32_1.5.0.202011040924/tools/bin/../lib/gcc/arm-none-eabi/9.3.1/thumb/v7e-m+fp/hard/crti.o
LOAD c:/st/stm32cubeide_1.6.0/stm32cubeide/plugins/com.st.stm32cube.ide.mcu.externaltools.gnu-tools-for-stm32.9-2020-q2-update.win32_1.5.0.202011040924/tools/bin/../lib/gcc/arm-none-eabi/9.3.1/thumb/v7e-m+fp/hard/crtbegin.o
LOAD c:/st/stm32cubeide_1.6.0/stm32cubeide/plugins/com.st.stm32cube.ide.mcu.externaltools.gnu-tools-for-stm32.9-2020-q2-update.win32_1.5.0.202011040924/tools/bin/../lib/gcc/arm-none-eabi/9.3.1/../../../../arm-none-eabi/lib/thumb/v7e-m+fp/hard/crt0.o
LOAD Core/Src/main.o
LOAD Core/Src/stm32f4xx_hal_msp.o
LOAD Core/Src/stm32f4xx_it.o
LOAD Core/Src/syscalls.o
LOAD Core/Src/sysmem.o
LOAD Core/Src/system_stm32f4xx.o
LOAD Core/Startup/startup_stm32f407vgtx.o
LOAD Drivers/STM32F4xx_HAL_Driver/Src/stm32f4xx_hal.o
LOAD Drivers/STM32F4xx_HAL_Driver/Src/stm32f4xx_hal_cortex.o
LOAD Drivers/STM32F4xx_HAL_Driver/Src/stm32f4xx_hal_dma.o
LOAD Drivers/STM32F4xx_HAL_Driver/Src/stm32f4xx_hal_dma_ex.o
LOAD Drivers/STM32F4xx_HAL_Driver/Src/stm32f4xx_hal_exti.o
LOAD Drivers/STM32F4xx_HAL_Driver/Src/stm32f4xx_hal_flash.o
LOAD Drivers/STM32F4xx_HAL_Driver/Src/stm32f4xx_hal_flash_ex.o
LOAD Drivers/STM32F4xx_HAL_Driver/Src/stm32f4xx_hal_flash_ramfunc.o
LOAD Drivers/STM32F4xx_HAL_Driver/Src/stm32f4xx_hal_gpio.o
LOAD Drivers/STM32F4xx_HAL_Driver/Src/stm32f4xx_hal_pcd.o
LOAD Drivers/STM32F4xx_HAL_Driver/Src/stm32f4xx_hal_pcd_ex.o
LOAD Drivers/STM32F4xx_HAL_Driver/Src/stm32f4xx_hal_pwr.o
LOAD Drivers/STM32F4xx_HAL_Driver/Src/stm32f4xx_hal_pwr_ex.o
LOAD Drivers/STM32F4xx_HAL_Driver/Src/stm32f4xx_hal_rcc.o
LOAD Drivers/STM32F4xx_HAL_Driver/Src/stm32f4xx_hal_rcc_ex.o
LOAD Drivers/STM32F4xx_HAL_Driver/Src/stm32f4xx_hal_sd.o
LOAD Drivers/STM32F4xx_HAL_Driver/Src/stm32f4xx_hal_tim.o
LOAD Drivers/STM32F4xx_HAL_Driver/Src/stm32f4xx_hal_tim_ex.o
LOAD Drivers/STM32F4xx_HAL_Driver/Src/stm32f4xx_ll_sdmmc.o
LOAD Drivers/STM32F4xx_HAL_Driver/Src/stm32f4xx_ll_usb.o
LOAD FATFS/App/fatfs.o
LOAD FATFS/Target/bsp_driver_sd.o
LOAD FATFS/Target/sd_diskio.o
LOAD Middlewares/ST/STM32_USB_Device_Library/Class/MSC/Src/usbd_msc.o
LOAD Middlewares/ST/STM32_USB_Device_Library/Class/MSC/Src/usbd_msc_bot.o
LOAD Middlewares/ST/STM32_USB_Device_Library/Class/MSC/Src/usbd_msc_data.o
LOAD Middlewares/ST/STM32_USB_Device_Library/Class/MSC/Src/usbd_msc_scsi.o
LOAD Middlewares/ST/STM32_USB_Device_Library/Core/Src/usbd_core.o
LOAD Middlewares/ST/STM32_USB_Device_Library/Core/Src/usbd_ctlreq.o
LOAD Middlewares/ST/STM32_USB_Device_Library/Core/Src/usbd_ioreq.o
LOAD Middlewares/Third_Party/FatFs/src/diskio.o
LOAD Middlewares/Third_Party/FatFs/src/ff.o
LOAD Middlewares/Third_Party/FatFs/src/ff_gen_drv.o
LOAD Middlewares/Third_Party/FatFs/src/option/ccsbcs.o
LOAD Middlewares/Third_Party/FatFs/src/option/syscall.o
LOAD USB_DEVICE/App/usb_device.o
LOAD USB_DEVICE/App/usbd_desc.o
LOAD USB_DEVICE/App/usbd_storage_if.o
LOAD USB_DEVICE/Target/usbd_conf.o
START GROUP
LOAD c:/st/stm32cubeide_1.6.0/stm32cubeide/plugins/com.st.stm32cube.ide.mcu.externaltools.gnu-tools-for-stm32.9-2020-q2-update.win32_1.5.0.202011040924/tools/bin/../lib/gcc/arm-none-eabi/9.3.1/../../../../arm-none-eabi/lib/thumb/v7e-m+fp/hard\libc_nano.a
LOAD c:/st/stm32cubeide_1.6.0/stm32cubeide/plugins/com.st.stm32cube.ide.mcu.externaltools.gnu-tools-for-stm32.9-2020-q2-update.win32_1.5.0.202011040924/tools/bin/../lib/gcc/arm-none-eabi/9.3.1/../../../../arm-none-eabi/lib/thumb/v7e-m+fp/hard\libm.a
END GROUP
START GROUP
LOAD c:/st/stm32cubeide_1.6.0/stm32cubeide/plugins/com.st.stm32cube.ide.mcu.externaltools.gnu-tools-for-stm32.9-2020-q2-update.win32_1.5.0.202011040924/tools/bin/../lib/gcc/arm-none-eabi/9.3.1/thumb/v7e-m+fp/hard\libgcc.a
LOAD c:/st/stm32cubeide_1.6.0/stm32cubeide/plugins/com.st.stm32cube.ide.mcu.externaltools.gnu-tools-for-stm32.9-2020-q2-update.win32_1.5.0.202011040924/tools/bin/../lib/gcc/arm-none-eabi/9.3.1/../../../../arm-none-eabi/lib/thumb/v7e-m+fp/hard\libc_nano.a
END GROUP
START GROUP
LOAD c:/st/stm32cubeide_1.6.0/stm32cubeide/plugins/com.st.stm32cube.ide.mcu.externaltools.gnu-tools-for-stm32.9-2020-q2-update.win32_1.5.0.202011040924/tools/bin/../lib/gcc/arm-none-eabi/9.3.1/thumb/v7e-m+fp/hard\libgcc.a
LOAD c:/st/stm32cubeide_1.6.0/stm32cubeide/plugins/com.st.stm32cube.ide.mcu.externaltools.gnu-tools-for-stm32.9-2020-q2-update.win32_1.5.0.202011040924/tools/bin/../lib/gcc/arm-none-eabi/9.3.1/../../../../arm-none-eabi/lib/thumb/v7e-m+fp/hard\libc_nano.a
LOAD c:/st/stm32cubeide_1.6.0/stm32cubeide/plugins/com.st.stm32cube.ide.mcu.externaltools.gnu-tools-for-stm32.9-2020-q2-update.win32_1.5.0.202011040924/tools/bin/../lib/gcc/arm-none-eabi/9.3.1/../../../../arm-none-eabi/lib/thumb/v7e-m+fp/hard\libnosys.a
END GROUP
START GROUP
LOAD c:/st/stm32cubeide_1.6.0/stm32cubeide/plugins/com.st.stm32cube.ide.mcu.externaltools.gnu-tools-for-stm32.9-2020-q2-update.win32_1.5.0.202011040924/tools/bin/../lib/gcc/arm-none-eabi/9.3.1/thumb/v7e-m+fp/hard\libgcc.a
LOAD c:/st/stm32cubeide_1.6.0/stm32cubeide/plugins/com.st.stm32cube.ide.mcu.externaltools.gnu-tools-for-stm32.9-2020-q2-update.win32_1.5.0.202011040924/tools/bin/../lib/gcc/arm-none-eabi/9.3.1/../../../../arm-none-eabi/lib/thumb/v7e-m+fp/hard\libc_nano.a
LOAD c:/st/stm32cubeide_1.6.0/stm32cubeide/plugins/com.st.stm32cube.ide.mcu.externaltools.gnu-tools-for-stm32.9-2020-q2-update.win32_1.5.0.202011040924/tools/bin/../lib/gcc/arm-none-eabi/9.3.1/../../../../arm-none-eabi/lib/thumb/v7e-m+fp/hard\libnosys.a
END GROUP
LOAD c:/st/stm32cubeide_1.6.0/stm32cubeide/plugins/com.st.stm32cube.ide.mcu.externaltools.gnu-tools-for-stm32.9-2020-q2-update.win32_1.5.0.202011040924/tools/bin/../lib/gcc/arm-none-eabi/9.3.1/thumb/v7e-m+fp/hard/crtend.o
LOAD c:/st/stm32cubeide_1.6.0/stm32cubeide/plugins/com.st.stm32cube.ide.mcu.externaltools.gnu-tools-for-stm32.9-2020-q2-update.win32_1.5.0.202011040924/tools/bin/../lib/gcc/arm-none-eabi/9.3.1/thumb/v7e-m+fp/hard/crtn.o
                0x0000000020020000                _estack = (ORIGIN (RAM) + LENGTH (RAM))
                0x0000000000000200                _Min_Heap_Size = 0x200
                0x0000000000000400                _Min_Stack_Size = 0x400

.isr_vector     0x0000000008000000      0x188
                0x0000000008000000                . = ALIGN (0x4)
 *(.isr_vector)
 .isr_vector    0x0000000008000000      0x188 Core/Startup/startup_stm32f407vgtx.o
                0x0000000008000000                g_pfnVectors
                0x0000000008000188                . = ALIGN (0x4)

.text           0x0000000008000190     0xea20
                0x0000000008000190                . = ALIGN (0x4)
 *(.text)
 .text          0x0000000008000190       0x40 c:/st/stm32cubeide_1.6.0/stm32cubeide/plugins/com.st.stm32cube.ide.mcu.externaltools.gnu-tools-for-stm32.9-2020-q2-update.win32_1.5.0.202011040924/tools/bin/../lib/gcc/arm-none-eabi/9.3.1/thumb/v7e-m+fp/hard/crtbegin.o
 .text          0x00000000080001d0       0x10 c:/st/stm32cubeide_1.6.0/stm32cubeide/plugins/com.st.stm32cube.ide.mcu.externaltools.gnu-tools-for-stm32.9-2020-q2-update.win32_1.5.0.202011040924/tools/bin/../lib/gcc/arm-none-eabi/9.3.1/../../../../arm-none-eabi/lib/thumb/v7e-m+fp/hard\libc_nano.a(lib_a-strlen.o)
                0x00000000080001d0                strlen
 .text          0x00000000080001e0       0xa0 c:/st/stm32cubeide_1.6.0/stm32cubeide/plugins/com.st.stm32cube.ide.mcu.externaltools.gnu-tools-for-stm32.9-2020-q2-update.win32_1.5.0.202011040924/tools/bin/../lib/gcc/arm-none-eabi/9.3.1/../../../../arm-none-eabi/lib/thumb/v7e-m+fp/hard\libc_nano.a(lib_a-memchr.o)
                0x00000000080001e0                memchr
 .text          0x0000000008000280       0x30 c:/st/stm32cubeide_1.6.0/stm32cubeide/plugins/com.st.stm32cube.ide.mcu.externaltools.gnu-tools-for-stm32.9-2020-q2-update.win32_1.5.0.202011040924/tools/bin/../lib/gcc/arm-none-eabi/9.3.1/thumb/v7e-m+fp/hard\libgcc.a(_aeabi_uldivmod.o)
                0x0000000008000280                __aeabi_uldivmod
 .text          0x00000000080002b0      0x2c4 c:/st/stm32cubeide_1.6.0/stm32cubeide/plugins/com.st.stm32cube.ide.mcu.externaltools.gnu-tools-for-stm32.9-2020-q2-update.win32_1.5.0.202011040924/tools/bin/../lib/gcc/arm-none-eabi/9.3.1/thumb/v7e-m+fp/hard\libgcc.a(_udivmoddi4.o)
                0x00000000080002b0                __udivmoddi4
 .text          0x0000000008000574        0x4 c:/st/stm32cubeide_1.6.0/stm32cubeide/plugins/com.st.stm32cube.ide.mcu.externaltools.gnu-tools-for-stm32.9-2020-q2-update.win32_1.5.0.202011040924/tools/bin/../lib/gcc/arm-none-eabi/9.3.1/thumb/v7e-m+fp/hard\libgcc.a(_dvmd_tls.o)
                0x0000000008000574                __aeabi_idiv0
                0x0000000008000574                __aeabi_ldiv0
 *(.text*)
 .text.main     0x0000000008000578      0x120 Core/Src/main.o
                0x0000000008000578                main
 .text.SystemClock_Config
                0x0000000008000698       0xd4 Core/Src/main.o
                0x0000000008000698                SystemClock_Config
 .text.MX_SDIO_SD_Init
                0x000000000800076c       0x40 Core/Src/main.o
 .text.MX_DMA_Init
                0x00000000080007ac       0x50 Core/Src/main.o
 .text.MX_GPIO_Init
                0x00000000080007fc       0x88 Core/Src/main.o
 .text.__io_putchar
                0x0000000008000884       0x16 Core/Src/main.o
                0x0000000008000884                __io_putchar
 .text.Error_Handler
                0x000000000800089a        0xe Core/Src/main.o
                0x000000000800089a                Error_Handler
 .text.HAL_MspInit
                0x00000000080008a8       0x50 Core/Src/stm32f4xx_hal_msp.o
                0x00000000080008a8                HAL_MspInit
 .text.HAL_SD_MspInit
                0x00000000080008f8      0x1d0 Core/Src/stm32f4xx_hal_msp.o
                0x00000000080008f8                HAL_SD_MspInit
 .text.NMI_Handler
                0x0000000008000ac8        0xe Core/Src/stm32f4xx_it.o
                0x0000000008000ac8                NMI_Handler
 .text.HardFault_Handler
                0x0000000008000ad6        0x6 Core/Src/stm32f4xx_it.o
                0x0000000008000ad6                HardFault_Handler
 .text.MemManage_Handler
                0x0000000008000adc        0x6 Core/Src/stm32f4xx_it.o
                0x0000000008000adc                MemManage_Handler
 .text.BusFault_Handler
                0x0000000008000ae2        0x6 Core/Src/stm32f4xx_it.o
                0x0000000008000ae2                BusFault_Handler
 .text.UsageFault_Handler
                0x0000000008000ae8        0x6 Core/Src/stm32f4xx_it.o
                0x0000000008000ae8                UsageFault_Handler
 .text.SVC_Handler
                0x0000000008000aee        0xe Core/Src/stm32f4xx_it.o
                0x0000000008000aee                SVC_Handler
 .text.DebugMon_Handler
                0x0000000008000afc        0xe Core/Src/stm32f4xx_it.o
                0x0000000008000afc                DebugMon_Handler
 .text.PendSV_Handler
                0x0000000008000b0a        0xe Core/Src/stm32f4xx_it.o
                0x0000000008000b0a                PendSV_Handler
 .text.SysTick_Handler
                0x0000000008000b18        0xc Core/Src/stm32f4xx_it.o
                0x0000000008000b18                SysTick_Handler
 .text.DMA2_Stream3_IRQHandler
                0x0000000008000b24       0x14 Core/Src/stm32f4xx_it.o
                0x0000000008000b24                DMA2_Stream3_IRQHandler
 .text.OTG_FS_IRQHandler
                0x0000000008000b38       0x14 Core/Src/stm32f4xx_it.o
                0x0000000008000b38                OTG_FS_IRQHandler
 .text.DMA2_Stream6_IRQHandler
                0x0000000008000b4c       0x14 Core/Src/stm32f4xx_it.o
                0x0000000008000b4c                DMA2_Stream6_IRQHandler
 .text._read    0x0000000008000b60       0x3a Core/Src/syscalls.o
                0x0000000008000b60                _read
 .text._write   0x0000000008000b9a       0x38 Core/Src/syscalls.o
                0x0000000008000b9a                _write
 .text._close   0x0000000008000bd2       0x18 Core/Src/syscalls.o
                0x0000000008000bd2                _close
 .text._fstat   0x0000000008000bea       0x20 Core/Src/syscalls.o
                0x0000000008000bea                _fstat
 .text._isatty  0x0000000008000c0a       0x16 Core/Src/syscalls.o
                0x0000000008000c0a                _isatty
 .text._lseek   0x0000000008000c20       0x1a Core/Src/syscalls.o
                0x0000000008000c20                _lseek
 *fill*         0x0000000008000c3a        0x2 
 .text._sbrk    0x0000000008000c3c       0x6c Core/Src/sysmem.o
                0x0000000008000c3c                _sbrk
 .text.SystemInit
                0x0000000008000ca8       0x2c Core/Src/system_stm32f4xx.o
                0x0000000008000ca8                SystemInit
 .text.Reset_Handler
                0x0000000008000cd4       0x50 Core/Startup/startup_stm32f407vgtx.o
                0x0000000008000cd4                Reset_Handler
 .text.Default_Handler
                0x0000000008000d24        0x2 Core/Startup/startup_stm32f407vgtx.o
                0x0000000008000d24                RTC_Alarm_IRQHandler
                0x0000000008000d24                HASH_RNG_IRQHandler
                0x0000000008000d24                EXTI2_IRQHandler
                0x0000000008000d24                TIM8_CC_IRQHandler
                0x0000000008000d24                TIM1_CC_IRQHandler
                0x0000000008000d24                DMA2_Stream5_IRQHandler
                0x0000000008000d24                DMA1_Stream5_IRQHandler
                0x0000000008000d24                PVD_IRQHandler
                0x0000000008000d24                SDIO_IRQHandler
                0x0000000008000d24                TAMP_STAMP_IRQHandler
                0x0000000008000d24                CAN2_RX1_IRQHandler
                0x0000000008000d24                EXTI3_IRQHandler
                0x0000000008000d24                TIM8_TRG_COM_TIM14_IRQHandler
                0x0000000008000d24                TIM1_UP_TIM10_IRQHandler
                0x0000000008000d24                TIM8_UP_TIM13_IRQHandler
                0x0000000008000d24                I2C3_ER_IRQHandler
                0x0000000008000d24                EXTI0_IRQHandler
                0x0000000008000d24                I2C2_EV_IRQHandler
                0x0000000008000d24                DMA1_Stream2_IRQHandler
                0x0000000008000d24                CAN1_RX0_IRQHandler
                0x0000000008000d24                FPU_IRQHandler
                0x0000000008000d24                OTG_HS_WKUP_IRQHandler
                0x0000000008000d24                CAN2_SCE_IRQHandler
                0x0000000008000d24                DMA2_Stream2_IRQHandler
                0x0000000008000d24                SPI1_IRQHandler
                0x0000000008000d24                TIM6_DAC_IRQHandler
                0x0000000008000d24                TIM1_BRK_TIM9_IRQHandler
                0x0000000008000d24                DCMI_IRQHandler
                0x0000000008000d24                CAN2_RX0_IRQHandler
                0x0000000008000d24                USART6_IRQHandler
                0x0000000008000d24                USART3_IRQHandler
                0x0000000008000d24                CAN1_RX1_IRQHandler
                0x0000000008000d24                UART5_IRQHandler
                0x0000000008000d24                DMA2_Stream0_IRQHandler
                0x0000000008000d24                TIM4_IRQHandler
                0x0000000008000d24                I2C1_EV_IRQHandler
                0x0000000008000d24                DMA1_Stream6_IRQHandler
                0x0000000008000d24                DMA1_Stream1_IRQHandler
                0x0000000008000d24                UART4_IRQHandler
                0x0000000008000d24                TIM3_IRQHandler
                0x0000000008000d24                RCC_IRQHandler
                0x0000000008000d24                TIM8_BRK_TIM12_IRQHandler
                0x0000000008000d24                Default_Handler
                0x0000000008000d24                EXTI15_10_IRQHandler
                0x0000000008000d24                ADC_IRQHandler
                0x0000000008000d24                DMA1_Stream7_IRQHandler
                0x0000000008000d24                TIM7_IRQHandler
                0x0000000008000d24                CAN2_TX_IRQHandler
                0x0000000008000d24                TIM5_IRQHandler
                0x0000000008000d24                DMA2_Stream7_IRQHandler
                0x0000000008000d24                I2C3_EV_IRQHandler
                0x0000000008000d24                EXTI9_5_IRQHandler
                0x0000000008000d24                RTC_WKUP_IRQHandler
                0x0000000008000d24                ETH_WKUP_IRQHandler
                0x0000000008000d24                SPI2_IRQHandler
                0x0000000008000d24                OTG_HS_EP1_IN_IRQHandler
                0x0000000008000d24                DMA1_Stream0_IRQHandler
                0x0000000008000d24                CAN1_TX_IRQHandler
                0x0000000008000d24                EXTI4_IRQHandler
                0x0000000008000d24                FSMC_IRQHandler
                0x0000000008000d24                ETH_IRQHandler
                0x0000000008000d24                OTG_HS_EP1_OUT_IRQHandler
                0x0000000008000d24                WWDG_IRQHandler
                0x0000000008000d24                TIM2_IRQHandler
                0x0000000008000d24                OTG_FS_WKUP_IRQHandler
                0x0000000008000d24                TIM1_TRG_COM_TIM11_IRQHandler
                0x0000000008000d24                OTG_HS_IRQHandler
                0x0000000008000d24                EXTI1_IRQHandler
                0x0000000008000d24                USART2_IRQHandler
                0x0000000008000d24                I2C2_ER_IRQHandler
                0x0000000008000d24                DMA2_Stream1_IRQHandler
                0x0000000008000d24                CAN1_SCE_IRQHandler
                0x0000000008000d24                FLASH_IRQHandler
                0x0000000008000d24                DMA2_Stream4_IRQHandler
                0x0000000008000d24                USART1_IRQHandler
                0x0000000008000d24                SPI3_IRQHandler
                0x0000000008000d24                DMA1_Stream4_IRQHandler
                0x0000000008000d24                I2C1_ER_IRQHandler
                0x0000000008000d24                DMA1_Stream3_IRQHandler
 *fill*         0x0000000008000d26        0x2 
 .text.HAL_Init
                0x0000000008000d28       0x44 Drivers/STM32F4xx_HAL_Driver/Src/stm32f4xx_hal.o
                0x0000000008000d28                HAL_Init
 .text.HAL_InitTick
                0x0000000008000d6c       0x60 Drivers/STM32F4xx_HAL_Driver/Src/stm32f4xx_hal.o
                0x0000000008000d6c                HAL_InitTick
 .text.HAL_IncTick
                0x0000000008000dcc       0x28 Drivers/STM32F4xx_HAL_Driver/Src/stm32f4xx_hal.o
                0x0000000008000dcc                HAL_IncTick
 .text.HAL_GetTick
                0x0000000008000df4       0x18 Drivers/STM32F4xx_HAL_Driver/Src/stm32f4xx_hal.o
                0x0000000008000df4                HAL_GetTick
 .text.HAL_Delay
                0x0000000008000e0c       0x48 Drivers/STM32F4xx_HAL_Driver/Src/stm32f4xx_hal.o
                0x0000000008000e0c                HAL_Delay
 .text.__NVIC_SetPriorityGrouping
                0x0000000008000e54       0x48 Drivers/STM32F4xx_HAL_Driver/Src/stm32f4xx_hal_cortex.o
 .text.__NVIC_GetPriorityGrouping
                0x0000000008000e9c       0x1c Drivers/STM32F4xx_HAL_Driver/Src/stm32f4xx_hal_cortex.o
 .text.__NVIC_EnableIRQ
                0x0000000008000eb8       0x3c Drivers/STM32F4xx_HAL_Driver/Src/stm32f4xx_hal_cortex.o
 .text.__NVIC_SetPriority
                0x0000000008000ef4       0x54 Drivers/STM32F4xx_HAL_Driver/Src/stm32f4xx_hal_cortex.o
 .text.NVIC_EncodePriority
                0x0000000008000f48       0x66 Drivers/STM32F4xx_HAL_Driver/Src/stm32f4xx_hal_cortex.o
 *fill*         0x0000000008000fae        0x2 
 .text.SysTick_Config
                0x0000000008000fb0       0x44 Drivers/STM32F4xx_HAL_Driver/Src/stm32f4xx_hal_cortex.o
 .text.HAL_NVIC_SetPriorityGrouping
                0x0000000008000ff4       0x16 Drivers/STM32F4xx_HAL_Driver/Src/stm32f4xx_hal_cortex.o
                0x0000000008000ff4                HAL_NVIC_SetPriorityGrouping
 .text.HAL_NVIC_SetPriority
                0x000000000800100a       0x38 Drivers/STM32F4xx_HAL_Driver/Src/stm32f4xx_hal_cortex.o
                0x000000000800100a                HAL_NVIC_SetPriority
 .text.HAL_NVIC_EnableIRQ
                0x0000000008001042       0x1c Drivers/STM32F4xx_HAL_Driver/Src/stm32f4xx_hal_cortex.o
                0x0000000008001042                HAL_NVIC_EnableIRQ
 .text.HAL_SYSTICK_Config
                0x000000000800105e       0x18 Drivers/STM32F4xx_HAL_Driver/Src/stm32f4xx_hal_cortex.o
                0x000000000800105e                HAL_SYSTICK_Config
 *fill*         0x0000000008001076        0x2 
 .text.HAL_DMA_Init
                0x0000000008001078      0x15c Drivers/STM32F4xx_HAL_Driver/Src/stm32f4xx_hal_dma.o
                0x0000000008001078                HAL_DMA_Init
 .text.HAL_DMA_Start_IT
                0x00000000080011d4       0xb0 Drivers/STM32F4xx_HAL_Driver/Src/stm32f4xx_hal_dma.o
                0x00000000080011d4                HAL_DMA_Start_IT
 .text.HAL_DMA_IRQHandler
                0x0000000008001284      0x314 Drivers/STM32F4xx_HAL_Driver/Src/stm32f4xx_hal_dma.o
                0x0000000008001284                HAL_DMA_IRQHandler
 .text.HAL_DMA_GetError
                0x0000000008001598       0x18 Drivers/STM32F4xx_HAL_Driver/Src/stm32f4xx_hal_dma.o
                0x0000000008001598                HAL_DMA_GetError
 .text.DMA_SetConfig
                0x00000000080015b0       0x5c Drivers/STM32F4xx_HAL_Driver/Src/stm32f4xx_hal_dma.o
 .text.DMA_CalcBaseAndBitshift
                0x000000000800160c       0x6c Drivers/STM32F4xx_HAL_Driver/Src/stm32f4xx_hal_dma.o
 .text.DMA_CheckFifoParam
                0x0000000008001678       0xf8 Drivers/STM32F4xx_HAL_Driver/Src/stm32f4xx_hal_dma.o
 .text.HAL_GPIO_Init
                0x0000000008001770      0x338 Drivers/STM32F4xx_HAL_Driver/Src/stm32f4xx_hal_gpio.o
                0x0000000008001770                HAL_GPIO_Init
 .text.HAL_PCD_Init
                0x0000000008001aa8      0x23a Drivers/STM32F4xx_HAL_Driver/Src/stm32f4xx_hal_pcd.o
                0x0000000008001aa8                HAL_PCD_Init
 .text.HAL_PCD_Start
                0x0000000008001ce2       0x66 Drivers/STM32F4xx_HAL_Driver/Src/stm32f4xx_hal_pcd.o
                0x0000000008001ce2                HAL_PCD_Start
 .text.HAL_PCD_IRQHandler
                0x0000000008001d48      0x764 Drivers/STM32F4xx_HAL_Driver/Src/stm32f4xx_hal_pcd.o
                0x0000000008001d48                HAL_PCD_IRQHandler
 .text.HAL_PCD_SetAddress
                0x00000000080024ac       0x4a Drivers/STM32F4xx_HAL_Driver/Src/stm32f4xx_hal_pcd.o
                0x00000000080024ac                HAL_PCD_SetAddress
 .text.HAL_PCD_EP_Open
                0x00000000080024f6       0xd0 Drivers/STM32F4xx_HAL_Driver/Src/stm32f4xx_hal_pcd.o
                0x00000000080024f6                HAL_PCD_EP_Open
 .text.HAL_PCD_EP_Close
                0x00000000080025c6       0x94 Drivers/STM32F4xx_HAL_Driver/Src/stm32f4xx_hal_pcd.o
                0x00000000080025c6                HAL_PCD_EP_Close
 .text.HAL_PCD_EP_Receive
                0x000000000800265a       0x96 Drivers/STM32F4xx_HAL_Driver/Src/stm32f4xx_hal_pcd.o
                0x000000000800265a                HAL_PCD_EP_Receive
 .text.HAL_PCD_EP_GetRxCount
                0x00000000080026f0       0x30 Drivers/STM32F4xx_HAL_Driver/Src/stm32f4xx_hal_pcd.o
                0x00000000080026f0                HAL_PCD_EP_GetRxCount
 .text.HAL_PCD_EP_Transmit
                0x0000000008002720       0x94 Drivers/STM32F4xx_HAL_Driver/Src/stm32f4xx_hal_pcd.o
                0x0000000008002720                HAL_PCD_EP_Transmit
 .text.HAL_PCD_EP_SetStall
                0x00000000080027b4       0xc8 Drivers/STM32F4xx_HAL_Driver/Src/stm32f4xx_hal_pcd.o
                0x00000000080027b4                HAL_PCD_EP_SetStall
 .text.HAL_PCD_EP_ClrStall
                0x000000000800287c       0xac Drivers/STM32F4xx_HAL_Driver/Src/stm32f4xx_hal_pcd.o
                0x000000000800287c                HAL_PCD_EP_ClrStall
 .text.HAL_PCD_EP_Flush
                0x0000000008002928       0x5a Drivers/STM32F4xx_HAL_Driver/Src/stm32f4xx_hal_pcd.o
                0x0000000008002928                HAL_PCD_EP_Flush
 .text.PCD_WriteEmptyTxFifo
                0x0000000008002982      0x11a Drivers/STM32F4xx_HAL_Driver/Src/stm32f4xx_hal_pcd.o
 .text.PCD_EP_OutXfrComplete_int
                0x0000000008002a9c      0x218 Drivers/STM32F4xx_HAL_Driver/Src/stm32f4xx_hal_pcd.o
 .text.PCD_EP_OutSetupPacket_int
                0x0000000008002cb4       0x8c Drivers/STM32F4xx_HAL_Driver/Src/stm32f4xx_hal_pcd.o
 .text.HAL_PCDEx_SetTxFiFo
                0x0000000008002d40       0x8e Drivers/STM32F4xx_HAL_Driver/Src/stm32f4xx_hal_pcd_ex.o
                0x0000000008002d40                HAL_PCDEx_SetTxFiFo
 .text.HAL_PCDEx_SetRxFiFo
                0x0000000008002dce       0x22 Drivers/STM32F4xx_HAL_Driver/Src/stm32f4xx_hal_pcd_ex.o
                0x0000000008002dce                HAL_PCDEx_SetRxFiFo
 .text.HAL_PCDEx_LPM_Callback
                0x0000000008002df0       0x18 Drivers/STM32F4xx_HAL_Driver/Src/stm32f4xx_hal_pcd_ex.o
                0x0000000008002df0                HAL_PCDEx_LPM_Callback
 .text.HAL_RCC_OscConfig
                0x0000000008002e08      0x4e0 Drivers/STM32F4xx_HAL_Driver/Src/stm32f4xx_hal_rcc.o
                0x0000000008002e08                HAL_RCC_OscConfig
 .text.HAL_RCC_ClockConfig
                0x00000000080032e8      0x1cc Drivers/STM32F4xx_HAL_Driver/Src/stm32f4xx_hal_rcc.o
                0x00000000080032e8                HAL_RCC_ClockConfig
 .text.HAL_RCC_GetSysClockFreq
                0x00000000080034b4      0x1c4 Drivers/STM32F4xx_HAL_Driver/Src/stm32f4xx_hal_rcc.o
                0x00000000080034b4                HAL_RCC_GetSysClockFreq
 .text.HAL_RCC_GetHCLKFreq
                0x0000000008003678       0x18 Drivers/STM32F4xx_HAL_Driver/Src/stm32f4xx_hal_rcc.o
                0x0000000008003678                HAL_RCC_GetHCLKFreq
 .text.HAL_SD_Init
                0x0000000008003690       0x60 Drivers/STM32F4xx_HAL_Driver/Src/stm32f4xx_hal_sd.o
                0x0000000008003690                HAL_SD_Init
 .text.HAL_SD_InitCard
                0x00000000080036f0       0xc0 Drivers/STM32F4xx_HAL_Driver/Src/stm32f4xx_hal_sd.o
                0x00000000080036f0                HAL_SD_InitCard
 .text.HAL_SD_ReadBlocks
                0x00000000080037b0      0x3f4 Drivers/STM32F4xx_HAL_Driver/Src/stm32f4xx_hal_sd.o
                0x00000000080037b0                HAL_SD_ReadBlocks
 .text.HAL_SD_WriteBlocks
                0x0000000008003ba4      0x344 Drivers/STM32F4xx_HAL_Driver/Src/stm32f4xx_hal_sd.o
                0x0000000008003ba4                HAL_SD_WriteBlocks
 .text.HAL_SD_ReadBlocks_DMA
                0x0000000008003ee8      0x1d4 Drivers/STM32F4xx_HAL_Driver/Src/stm32f4xx_hal_sd.o
                0x0000000008003ee8                HAL_SD_ReadBlocks_DMA
 .text.HAL_SD_WriteBlocks_DMA
                0x00000000080040bc      0x1e0 Drivers/STM32F4xx_HAL_Driver/Src/stm32f4xx_hal_sd.o
                0x00000000080040bc                HAL_SD_WriteBlocks_DMA
 .text.HAL_SD_ErrorCallback
                0x000000000800429c       0x14 Drivers/STM32F4xx_HAL_Driver/Src/stm32f4xx_hal_sd.o
                0x000000000800429c                HAL_SD_ErrorCallback
 .text.HAL_SD_GetCardCSD
                0x00000000080042b0      0x348 Drivers/STM32F4xx_HAL_Driver/Src/stm32f4xx_hal_sd.o
                0x00000000080042b0                HAL_SD_GetCardCSD
 .text.HAL_SD_GetCardInfo
                0x00000000080045f8       0x58 Drivers/STM32F4xx_HAL_Driver/Src/stm32f4xx_hal_sd.o
                0x00000000080045f8                HAL_SD_GetCardInfo
 .text.HAL_SD_ConfigWideBusOperation
                0x0000000008004650       0xf8 Drivers/STM32F4xx_HAL_Driver/Src/stm32f4xx_hal_sd.o
                0x0000000008004650                HAL_SD_ConfigWideBusOperation
 .text.HAL_SD_GetCardState
                0x0000000008004748       0x40 Drivers/STM32F4xx_HAL_Driver/Src/stm32f4xx_hal_sd.o
                0x0000000008004748                HAL_SD_GetCardState
 .text.SD_DMATransmitCplt
                0x0000000008004788       0x2a Drivers/STM32F4xx_HAL_Driver/Src/stm32f4xx_hal_sd.o
 .text.SD_DMAReceiveCplt
                0x00000000080047b2       0x70 Drivers/STM32F4xx_HAL_Driver/Src/stm32f4xx_hal_sd.o
 *fill*         0x0000000008004822        0x2 
 .text.SD_DMAError
                0x0000000008004824       0xa4 Drivers/STM32F4xx_HAL_Driver/Src/stm32f4xx_hal_sd.o
 .text.SD_InitCard
                0x00000000080048c8      0x198 Drivers/STM32F4xx_HAL_Driver/Src/stm32f4xx_hal_sd.o
 .text.SD_PowerON
                0x0000000008004a60      0x11c Drivers/STM32F4xx_HAL_Driver/Src/stm32f4xx_hal_sd.o
 .text.SD_SendStatus
                0x0000000008004b7c       0x50 Drivers/STM32F4xx_HAL_Driver/Src/stm32f4xx_hal_sd.o
 .text.SD_WideBus_Enable
                0x0000000008004bcc       0x96 Drivers/STM32F4xx_HAL_Driver/Src/stm32f4xx_hal_sd.o
 .text.SD_WideBus_Disable
                0x0000000008004c62       0x96 Drivers/STM32F4xx_HAL_Driver/Src/stm32f4xx_hal_sd.o
 .text.SD_FindSCR
                0x0000000008004cf8      0x194 Drivers/STM32F4xx_HAL_Driver/Src/stm32f4xx_hal_sd.o
 .text.SDIO_Init
                0x0000000008004e8c       0x56 Drivers/STM32F4xx_HAL_Driver/Src/stm32f4xx_ll_sdmmc.o
                0x0000000008004e8c                SDIO_Init
 .text.SDIO_ReadFIFO
                0x0000000008004ee2       0x1a Drivers/STM32F4xx_HAL_Driver/Src/stm32f4xx_ll_sdmmc.o
                0x0000000008004ee2                SDIO_ReadFIFO
 .text.SDIO_WriteFIFO
                0x0000000008004efc       0x22 Drivers/STM32F4xx_HAL_Driver/Src/stm32f4xx_ll_sdmmc.o
                0x0000000008004efc                SDIO_WriteFIFO
 .text.SDIO_PowerState_ON
                0x0000000008004f1e       0x1e Drivers/STM32F4xx_HAL_Driver/Src/stm32f4xx_ll_sdmmc.o
                0x0000000008004f1e                SDIO_PowerState_ON
 .text.SDIO_GetPowerState
                0x0000000008004f3c       0x1c Drivers/STM32F4xx_HAL_Driver/Src/stm32f4xx_ll_sdmmc.o
                0x0000000008004f3c                SDIO_GetPowerState
 .text.SDIO_SendCommand
                0x0000000008004f58       0x54 Drivers/STM32F4xx_HAL_Driver/Src/stm32f4xx_ll_sdmmc.o
                0x0000000008004f58                SDIO_SendCommand
 .text.SDIO_GetCommandResponse
                0x0000000008004fac       0x1a Drivers/STM32F4xx_HAL_Driver/Src/stm32f4xx_ll_sdmmc.o
                0x0000000008004fac                SDIO_GetCommandResponse
 .text.SDIO_GetResponse
                0x0000000008004fc6       0x26 Drivers/STM32F4xx_HAL_Driver/Src/stm32f4xx_ll_sdmmc.o
                0x0000000008004fc6                SDIO_GetResponse
 .text.SDIO_ConfigData
                0x0000000008004fec       0x58 Drivers/STM32F4xx_HAL_Driver/Src/stm32f4xx_ll_sdmmc.o
                0x0000000008004fec                SDIO_ConfigData
 .text.SDMMC_CmdBlockLength
                0x0000000008005044       0x44 Drivers/STM32F4xx_HAL_Driver/Src/stm32f4xx_ll_sdmmc.o
                0x0000000008005044                SDMMC_CmdBlockLength
 .text.SDMMC_CmdReadSingleBlock
                0x0000000008005088       0x44 Drivers/STM32F4xx_HAL_Driver/Src/stm32f4xx_ll_sdmmc.o
                0x0000000008005088                SDMMC_CmdReadSingleBlock
 .text.SDMMC_CmdReadMultiBlock
                0x00000000080050cc       0x44 Drivers/STM32F4xx_HAL_Driver/Src/stm32f4xx_ll_sdmmc.o
                0x00000000080050cc                SDMMC_CmdReadMultiBlock
 .text.SDMMC_CmdWriteSingleBlock
                0x0000000008005110       0x44 Drivers/STM32F4xx_HAL_Driver/Src/stm32f4xx_ll_sdmmc.o
                0x0000000008005110                SDMMC_CmdWriteSingleBlock
 .text.SDMMC_CmdWriteMultiBlock
                0x0000000008005154       0x44 Drivers/STM32F4xx_HAL_Driver/Src/stm32f4xx_ll_sdmmc.o
                0x0000000008005154                SDMMC_CmdWriteMultiBlock
 .text.SDMMC_CmdStopTransfer
                0x0000000008005198       0x44 Drivers/STM32F4xx_HAL_Driver/Src/stm32f4xx_ll_sdmmc.o
                0x0000000008005198                SDMMC_CmdStopTransfer
 .text.SDMMC_CmdSelDesel
                0x00000000080051dc       0x46 Drivers/STM32F4xx_HAL_Driver/Src/stm32f4xx_ll_sdmmc.o
                0x00000000080051dc                SDMMC_CmdSelDesel
 .text.SDMMC_CmdGoIdleState
                0x0000000008005222       0x3c Drivers/STM32F4xx_HAL_Driver/Src/stm32f4xx_ll_sdmmc.o
                0x0000000008005222                SDMMC_CmdGoIdleState
 .text.SDMMC_CmdOperCond
                0x000000000800525e       0x3e Drivers/STM32F4xx_HAL_Driver/Src/stm32f4xx_ll_sdmmc.o
                0x000000000800525e                SDMMC_CmdOperCond
 .text.SDMMC_CmdAppCommand
                0x000000000800529c       0x44 Drivers/STM32F4xx_HAL_Driver/Src/stm32f4xx_ll_sdmmc.o
                0x000000000800529c                SDMMC_CmdAppCommand
 .text.SDMMC_CmdAppOperCommand
                0x00000000080052e0       0x46 Drivers/STM32F4xx_HAL_Driver/Src/stm32f4xx_ll_sdmmc.o
                0x00000000080052e0                SDMMC_CmdAppOperCommand
 .text.SDMMC_CmdBusWidth
                0x0000000008005326       0x44 Drivers/STM32F4xx_HAL_Driver/Src/stm32f4xx_ll_sdmmc.o
                0x0000000008005326                SDMMC_CmdBusWidth
 .text.SDMMC_CmdSendSCR
                0x000000000800536a       0x42 Drivers/STM32F4xx_HAL_Driver/Src/stm32f4xx_ll_sdmmc.o
                0x000000000800536a                SDMMC_CmdSendSCR
 .text.SDMMC_CmdSendCID
                0x00000000080053ac       0x3c Drivers/STM32F4xx_HAL_Driver/Src/stm32f4xx_ll_sdmmc.o
                0x00000000080053ac                SDMMC_CmdSendCID
 .text.SDMMC_CmdSendCSD
                0x00000000080053e8       0x3e Drivers/STM32F4xx_HAL_Driver/Src/stm32f4xx_ll_sdmmc.o
                0x00000000080053e8                SDMMC_CmdSendCSD
 .text.SDMMC_CmdSetRelAdd
                0x0000000008005426       0x42 Drivers/STM32F4xx_HAL_Driver/Src/stm32f4xx_ll_sdmmc.o
                0x0000000008005426                SDMMC_CmdSetRelAdd
 .text.SDMMC_CmdSendStatus
                0x0000000008005468       0x44 Drivers/STM32F4xx_HAL_Driver/Src/stm32f4xx_ll_sdmmc.o
                0x0000000008005468                SDMMC_CmdSendStatus
 .text.SDMMC_GetCmdError
                0x00000000080054ac       0x50 Drivers/STM32F4xx_HAL_Driver/Src/stm32f4xx_ll_sdmmc.o
 .text.SDMMC_GetCmdResp1
                0x00000000080054fc      0x1d8 Drivers/STM32F4xx_HAL_Driver/Src/stm32f4xx_ll_sdmmc.o
 .text.SDMMC_GetCmdResp2
                0x00000000080056d4       0x8c Drivers/STM32F4xx_HAL_Driver/Src/stm32f4xx_ll_sdmmc.o
 .text.SDMMC_GetCmdResp3
                0x0000000008005760       0x74 Drivers/STM32F4xx_HAL_Driver/Src/stm32f4xx_ll_sdmmc.o
 .text.SDMMC_GetCmdResp6
                0x00000000080057d4       0xe8 Drivers/STM32F4xx_HAL_Driver/Src/stm32f4xx_ll_sdmmc.o
 .text.SDMMC_GetCmdResp7
                0x00000000080058bc       0x98 Drivers/STM32F4xx_HAL_Driver/Src/stm32f4xx_ll_sdmmc.o
 .text.USB_CoreInit
                0x0000000008005954       0xc2 Drivers/STM32F4xx_HAL_Driver/Src/stm32f4xx_ll_usb.o
                0x0000000008005954                USB_CoreInit
 *fill*         0x0000000008005a16        0x2 
 .text.USB_SetTurnaroundTime
                0x0000000008005a18      0x144 Drivers/STM32F4xx_HAL_Driver/Src/stm32f4xx_ll_usb.o
                0x0000000008005a18                USB_SetTurnaroundTime
 .text.USB_EnableGlobalInt
                0x0000000008005b5c       0x22 Drivers/STM32F4xx_HAL_Driver/Src/stm32f4xx_ll_usb.o
                0x0000000008005b5c                USB_EnableGlobalInt
 .text.USB_DisableGlobalInt
                0x0000000008005b7e       0x22 Drivers/STM32F4xx_HAL_Driver/Src/stm32f4xx_ll_usb.o
                0x0000000008005b7e                USB_DisableGlobalInt
 .text.USB_SetCurrentMode
                0x0000000008005ba0       0x54 Drivers/STM32F4xx_HAL_Driver/Src/stm32f4xx_ll_usb.o
                0x0000000008005ba0                USB_SetCurrentMode
 .text.USB_DevInit
                0x0000000008005bf4      0x2c8 Drivers/STM32F4xx_HAL_Driver/Src/stm32f4xx_ll_usb.o
                0x0000000008005bf4                USB_DevInit
 .text.USB_FlushTxFifo
                0x0000000008005ebc       0x4c Drivers/STM32F4xx_HAL_Driver/Src/stm32f4xx_ll_usb.o
                0x0000000008005ebc                USB_FlushTxFifo
 .text.USB_FlushRxFifo
                0x0000000008005f08       0x44 Drivers/STM32F4xx_HAL_Driver/Src/stm32f4xx_ll_usb.o
                0x0000000008005f08                USB_FlushRxFifo
 .text.USB_SetDevSpeed
                0x0000000008005f4c       0x32 Drivers/STM32F4xx_HAL_Driver/Src/stm32f4xx_ll_usb.o
                0x0000000008005f4c                USB_SetDevSpeed
 .text.USB_GetDevSpeed
                0x0000000008005f7e       0x4a Drivers/STM32F4xx_HAL_Driver/Src/stm32f4xx_ll_usb.o
                0x0000000008005f7e                USB_GetDevSpeed
 .text.USB_ActivateEndpoint
                0x0000000008005fc8      0x10e Drivers/STM32F4xx_HAL_Driver/Src/stm32f4xx_ll_usb.o
                0x0000000008005fc8                USB_ActivateEndpoint
 *fill*         0x00000000080060d6        0x2 
 .text.USB_DeactivateEndpoint
                0x00000000080060d8      0x1b8 Drivers/STM32F4xx_HAL_Driver/Src/stm32f4xx_ll_usb.o
                0x00000000080060d8                USB_DeactivateEndpoint
 .text.USB_EPStartXfer
                0x0000000008006290      0x488 Drivers/STM32F4xx_HAL_Driver/Src/stm32f4xx_ll_usb.o
                0x0000000008006290                USB_EPStartXfer
 .text.USB_EP0StartXfer
                0x0000000008006718      0x2a6 Drivers/STM32F4xx_HAL_Driver/Src/stm32f4xx_ll_usb.o
                0x0000000008006718                USB_EP0StartXfer
 .text.USB_WritePacket
                0x00000000080069be       0x6a Drivers/STM32F4xx_HAL_Driver/Src/stm32f4xx_ll_usb.o
                0x00000000080069be                USB_WritePacket
 .text.USB_ReadPacket
                0x0000000008006a28       0x52 Drivers/STM32F4xx_HAL_Driver/Src/stm32f4xx_ll_usb.o
                0x0000000008006a28                USB_ReadPacket
 .text.USB_EPSetStall
                0x0000000008006a7a       0xdc Drivers/STM32F4xx_HAL_Driver/Src/stm32f4xx_ll_usb.o
                0x0000000008006a7a                USB_EPSetStall
 .text.USB_EPClearStall
                0x0000000008006b56       0xcc Drivers/STM32F4xx_HAL_Driver/Src/stm32f4xx_ll_usb.o
                0x0000000008006b56                USB_EPClearStall
 .text.USB_SetDevAddress
                0x0000000008006c22       0x4c Drivers/STM32F4xx_HAL_Driver/Src/stm32f4xx_ll_usb.o
                0x0000000008006c22                USB_SetDevAddress
 .text.USB_DevConnect
                0x0000000008006c6e       0x42 Drivers/STM32F4xx_HAL_Driver/Src/stm32f4xx_ll_usb.o
                0x0000000008006c6e                USB_DevConnect
 .text.USB_DevDisconnect
                0x0000000008006cb0       0x42 Drivers/STM32F4xx_HAL_Driver/Src/stm32f4xx_ll_usb.o
                0x0000000008006cb0                USB_DevDisconnect
 .text.USB_ReadInterrupts
                0x0000000008006cf2       0x26 Drivers/STM32F4xx_HAL_Driver/Src/stm32f4xx_ll_usb.o
                0x0000000008006cf2                USB_ReadInterrupts
 .text.USB_ReadDevAllOutEpInterrupt
                0x0000000008006d18       0x34 Drivers/STM32F4xx_HAL_Driver/Src/stm32f4xx_ll_usb.o
                0x0000000008006d18                USB_ReadDevAllOutEpInterrupt
 .text.USB_ReadDevAllInEpInterrupt
                0x0000000008006d4c       0x34 Drivers/STM32F4xx_HAL_Driver/Src/stm32f4xx_ll_usb.o
                0x0000000008006d4c                USB_ReadDevAllInEpInterrupt
 .text.USB_ReadDevOutEPInterrupt
                0x0000000008006d80       0x3c Drivers/STM32F4xx_HAL_Driver/Src/stm32f4xx_ll_usb.o
                0x0000000008006d80                USB_ReadDevOutEPInterrupt
 .text.USB_ReadDevInEPInterrupt
                0x0000000008006dbc       0x5c Drivers/STM32F4xx_HAL_Driver/Src/stm32f4xx_ll_usb.o
                0x0000000008006dbc                USB_ReadDevInEPInterrupt
 .text.USB_GetMode
                0x0000000008006e18       0x1c Drivers/STM32F4xx_HAL_Driver/Src/stm32f4xx_ll_usb.o
                0x0000000008006e18                USB_GetMode
 .text.USB_ActivateSetup
                0x0000000008006e34       0x46 Drivers/STM32F4xx_HAL_Driver/Src/stm32f4xx_ll_usb.o
                0x0000000008006e34                USB_ActivateSetup
 *fill*         0x0000000008006e7a        0x2 
 .text.USB_EP0_OutStart
                0x0000000008006e7c       0xbc Drivers/STM32F4xx_HAL_Driver/Src/stm32f4xx_ll_usb.o
                0x0000000008006e7c                USB_EP0_OutStart
 .text.USB_CoreReset
                0x0000000008006f38       0x68 Drivers/STM32F4xx_HAL_Driver/Src/stm32f4xx_ll_usb.o
 .text.MX_FATFS_Init
                0x0000000008006fa0       0x24 FATFS/App/fatfs.o
                0x0000000008006fa0                MX_FATFS_Init
 .text.get_fattime
                0x0000000008006fc4       0x10 FATFS/App/fatfs.o
                0x0000000008006fc4                get_fattime
 .text.BSP_SD_Init
                0x0000000008006fd4       0x4c FATFS/Target/bsp_driver_sd.o
                0x0000000008006fd4                BSP_SD_Init
 .text.BSP_SD_ReadBlocks_DMA
                0x0000000008007020       0x34 FATFS/Target/bsp_driver_sd.o
                0x0000000008007020                BSP_SD_ReadBlocks_DMA
 .text.BSP_SD_WriteBlocks_DMA
                0x0000000008007054       0x34 FATFS/Target/bsp_driver_sd.o
                0x0000000008007054                BSP_SD_WriteBlocks_DMA
 .text.BSP_SD_GetCardState
                0x0000000008007088       0x20 FATFS/Target/bsp_driver_sd.o
                0x0000000008007088                BSP_SD_GetCardState
 .text.BSP_SD_GetCardInfo
                0x00000000080070a8       0x1c FATFS/Target/bsp_driver_sd.o
                0x00000000080070a8                BSP_SD_GetCardInfo
 .text.HAL_SD_RxCpltCallback
                0x00000000080070c4       0x14 FATFS/Target/bsp_driver_sd.o
                0x00000000080070c4                HAL_SD_RxCpltCallback
 .text.BSP_SD_IsDetected
                0x00000000080070d8       0x1a FATFS/Target/bsp_driver_sd.o
                0x00000000080070d8                BSP_SD_IsDetected
 .text.SD_CheckStatusWithTimeout
                0x00000000080070f2       0x3a FATFS/Target/sd_diskio.o
 .text.SD_CheckStatus
                0x000000000800712c       0x3c FATFS/Target/sd_diskio.o
 .text.SD_initialize
                0x0000000008007168       0x38 FATFS/Target/sd_diskio.o
                0x0000000008007168                SD_initialize
 .text.SD_status
                0x00000000080071a0       0x1c FATFS/Target/sd_diskio.o
                0x00000000080071a0                SD_status
 .text.SD_read  0x00000000080071bc       0xac FATFS/Target/sd_diskio.o
                0x00000000080071bc                SD_read
 .text.SD_write
                0x0000000008007268       0xac FATFS/Target/sd_diskio.o
                0x0000000008007268                SD_write
 .text.SD_ioctl
                0x0000000008007314       0xb0 FATFS/Target/sd_diskio.o
                0x0000000008007314                SD_ioctl
 .text.BSP_SD_ReadCpltCallback
                0x00000000080073c4       0x18 FATFS/Target/sd_diskio.o
                0x00000000080073c4                BSP_SD_ReadCpltCallback
 .text.USBD_MSC_Init
                0x00000000080073dc       0x9c Middlewares/ST/STM32_USB_Device_Library/Class/MSC/Src/usbd_msc.o
                0x00000000080073dc                USBD_MSC_Init
 .text.USBD_MSC_DeInit
                0x0000000008007478       0x58 Middlewares/ST/STM32_USB_Device_Library/Class/MSC/Src/usbd_msc.o
                0x0000000008007478                USBD_MSC_DeInit
 .text.USBD_MSC_Setup
                0x00000000080074d0      0x1d4 Middlewares/ST/STM32_USB_Device_Library/Class/MSC/Src/usbd_msc.o
                0x00000000080074d0                USBD_MSC_Setup
 .text.USBD_MSC_DataIn
                0x00000000080076a4       0x20 Middlewares/ST/STM32_USB_Device_Library/Class/MSC/Src/usbd_msc.o
                0x00000000080076a4                USBD_MSC_DataIn
 .text.USBD_MSC_DataOut
                0x00000000080076c4       0x20 Middlewares/ST/STM32_USB_Device_Library/Class/MSC/Src/usbd_msc.o
                0x00000000080076c4                USBD_MSC_DataOut
 .text.USBD_MSC_GetHSCfgDesc
                0x00000000080076e4       0x20 Middlewares/ST/STM32_USB_Device_Library/Class/MSC/Src/usbd_msc.o
                0x00000000080076e4                USBD_MSC_GetHSCfgDesc
 .text.USBD_MSC_GetFSCfgDesc
                0x0000000008007704       0x20 Middlewares/ST/STM32_USB_Device_Library/Class/MSC/Src/usbd_msc.o
                0x0000000008007704                USBD_MSC_GetFSCfgDesc
 .text.USBD_MSC_GetOtherSpeedCfgDesc
                0x0000000008007724       0x20 Middlewares/ST/STM32_USB_Device_Library/Class/MSC/Src/usbd_msc.o
                0x0000000008007724                USBD_MSC_GetOtherSpeedCfgDesc
 .text.USBD_MSC_GetDeviceQualifierDescriptor
                0x0000000008007744       0x20 Middlewares/ST/STM32_USB_Device_Library/Class/MSC/Src/usbd_msc.o
                0x0000000008007744                USBD_MSC_GetDeviceQualifierDescriptor
 .text.USBD_MSC_RegisterStorage
                0x0000000008007764       0x2a Middlewares/ST/STM32_USB_Device_Library/Class/MSC/Src/usbd_msc.o
                0x0000000008007764                USBD_MSC_RegisterStorage
 .text.MSC_BOT_Init
                0x000000000800778e       0x68 Middlewares/ST/STM32_USB_Device_Library/Class/MSC/Src/usbd_msc_bot.o
                0x000000000800778e                MSC_BOT_Init
 .text.MSC_BOT_Reset
                0x00000000080077f6       0x44 Middlewares/ST/STM32_USB_Device_Library/Class/MSC/Src/usbd_msc_bot.o
                0x00000000080077f6                MSC_BOT_Reset
 .text.MSC_BOT_DeInit
                0x000000000800783a       0x22 Middlewares/ST/STM32_USB_Device_Library/Class/MSC/Src/usbd_msc_bot.o
                0x000000000800783a                MSC_BOT_DeInit
 .text.MSC_BOT_DataIn
                0x000000000800785c       0x64 Middlewares/ST/STM32_USB_Device_Library/Class/MSC/Src/usbd_msc_bot.o
                0x000000000800785c                MSC_BOT_DataIn
 .text.MSC_BOT_DataOut
                0x00000000080078c0       0x56 Middlewares/ST/STM32_USB_Device_Library/Class/MSC/Src/usbd_msc_bot.o
                0x00000000080078c0                MSC_BOT_DataOut
 *fill*         0x0000000008007916        0x2 
 .text.MSC_BOT_CBW_Decode
                0x0000000008007918      0x10c Middlewares/ST/STM32_USB_Device_Library/Class/MSC/Src/usbd_msc_bot.o
 .text.MSC_BOT_SendData
                0x0000000008007a24       0x56 Middlewares/ST/STM32_USB_Device_Library/Class/MSC/Src/usbd_msc_bot.o
 *fill*         0x0000000008007a7a        0x2 
 .text.MSC_BOT_SendCSW
                0x0000000008007a7c       0x58 Middlewares/ST/STM32_USB_Device_Library/Class/MSC/Src/usbd_msc_bot.o
                0x0000000008007a7c                MSC_BOT_SendCSW
 .text.MSC_BOT_Abort
                0x0000000008007ad4       0x5c Middlewares/ST/STM32_USB_Device_Library/Class/MSC/Src/usbd_msc_bot.o
 .text.MSC_BOT_CplClrFeature
                0x0000000008007b30       0x50 Middlewares/ST/STM32_USB_Device_Library/Class/MSC/Src/usbd_msc_bot.o
                0x0000000008007b30                MSC_BOT_CplClrFeature
 .text.SCSI_ProcessCmd
                0x0000000008007b80      0x2f0 Middlewares/ST/STM32_USB_Device_Library/Class/MSC/Src/usbd_msc_scsi.o
                0x0000000008007b80                SCSI_ProcessCmd
 .text.SCSI_TestUnitReady
                0x0000000008007e70       0x94 Middlewares/ST/STM32_USB_Device_Library/Class/MSC/Src/usbd_msc_scsi.o
 .text.SCSI_Inquiry
                0x0000000008007f04       0xdc Middlewares/ST/STM32_USB_Device_Library/Class/MSC/Src/usbd_msc_scsi.o
 .text.SCSI_ReadCapacity10
                0x0000000008007fe0       0xde Middlewares/ST/STM32_USB_Device_Library/Class/MSC/Src/usbd_msc_scsi.o
 .text.SCSI_ReadCapacity16
                0x00000000080080be      0x148 Middlewares/ST/STM32_USB_Device_Library/Class/MSC/Src/usbd_msc_scsi.o
 .text.SCSI_ReadFormatCapacity
                0x0000000008008206       0xd8 Middlewares/ST/STM32_USB_Device_Library/Class/MSC/Src/usbd_msc_scsi.o
 *fill*         0x00000000080082de        0x2 
 .text.SCSI_ModeSense6
                0x00000000080082e0       0x4c Middlewares/ST/STM32_USB_Device_Library/Class/MSC/Src/usbd_msc_scsi.o
 .text.SCSI_ModeSense10
                0x000000000800832c       0x4c Middlewares/ST/STM32_USB_Device_Library/Class/MSC/Src/usbd_msc_scsi.o
 .text.SCSI_RequestSense
                0x0000000008008378       0xf2 Middlewares/ST/STM32_USB_Device_Library/Class/MSC/Src/usbd_msc_scsi.o
 .text.SCSI_SenseCode
                0x000000000800846a       0x86 Middlewares/ST/STM32_USB_Device_Library/Class/MSC/Src/usbd_msc_scsi.o
                0x000000000800846a                SCSI_SenseCode
 .text.SCSI_StartStopUnit
                0x00000000080084f0       0x96 Middlewares/ST/STM32_USB_Device_Library/Class/MSC/Src/usbd_msc_scsi.o
 .text.SCSI_AllowPreventRemovable
                0x0000000008008586       0x46 Middlewares/ST/STM32_USB_Device_Library/Class/MSC/Src/usbd_msc_scsi.o
 .text.SCSI_Read10
                0x00000000080085cc      0x134 Middlewares/ST/STM32_USB_Device_Library/Class/MSC/Src/usbd_msc_scsi.o
 .text.SCSI_Read12
                0x0000000008008700      0x14a Middlewares/ST/STM32_USB_Device_Library/Class/MSC/Src/usbd_msc_scsi.o
 .text.SCSI_Write10
                0x000000000800884a      0x17e Middlewares/ST/STM32_USB_Device_Library/Class/MSC/Src/usbd_msc_scsi.o
 .text.SCSI_Write12
                0x00000000080089c8      0x19e Middlewares/ST/STM32_USB_Device_Library/Class/MSC/Src/usbd_msc_scsi.o
 .text.SCSI_Verify10
                0x0000000008008b66       0x66 Middlewares/ST/STM32_USB_Device_Library/Class/MSC/Src/usbd_msc_scsi.o
 .text.SCSI_CheckAddressRange
                0x0000000008008bcc       0x44 Middlewares/ST/STM32_USB_Device_Library/Class/MSC/Src/usbd_msc_scsi.o
 .text.SCSI_ProcessRead
                0x0000000008008c10       0xe6 Middlewares/ST/STM32_USB_Device_Library/Class/MSC/Src/usbd_msc_scsi.o
 .text.SCSI_ProcessWrite
                0x0000000008008cf6      0x106 Middlewares/ST/STM32_USB_Device_Library/Class/MSC/Src/usbd_msc_scsi.o
 .text.SCSI_UpdateBotData
                0x0000000008008dfc       0x46 Middlewares/ST/STM32_USB_Device_Library/Class/MSC/Src/usbd_msc_scsi.o
 .text.USBD_Init
                0x0000000008008e42       0x6c Middlewares/ST/STM32_USB_Device_Library/Core/Src/usbd_core.o
                0x0000000008008e42                USBD_Init
 .text.USBD_RegisterClass
                0x0000000008008eae       0x42 Middlewares/ST/STM32_USB_Device_Library/Core/Src/usbd_core.o
                0x0000000008008eae                USBD_RegisterClass
 .text.USBD_Start
                0x0000000008008ef0       0x18 Middlewares/ST/STM32_USB_Device_Library/Core/Src/usbd_core.o
                0x0000000008008ef0                USBD_Start
 .text.USBD_RunTestMode
                0x0000000008008f08       0x16 Middlewares/ST/STM32_USB_Device_Library/Core/Src/usbd_core.o
                0x0000000008008f08                USBD_RunTestMode
 .text.USBD_SetClassConfig
                0x0000000008008f1e       0x38 Middlewares/ST/STM32_USB_Device_Library/Core/Src/usbd_core.o
                0x0000000008008f1e                USBD_SetClassConfig
 .text.USBD_ClrClassConfig
                0x0000000008008f56       0x30 Middlewares/ST/STM32_USB_Device_Library/Core/Src/usbd_core.o
                0x0000000008008f56                USBD_ClrClassConfig
 .text.USBD_LL_SetupStage
                0x0000000008008f86       0xaa Middlewares/ST/STM32_USB_Device_Library/Core/Src/usbd_core.o
                0x0000000008008f86                USBD_LL_SetupStage
 .text.USBD_LL_DataOutStage
                0x0000000008009030       0xc6 Middlewares/ST/STM32_USB_Device_Library/Core/Src/usbd_core.o
                0x0000000008009030                USBD_LL_DataOutStage
 .text.USBD_LL_DataInStage
                0x00000000080090f6      0x12c Middlewares/ST/STM32_USB_Device_Library/Core/Src/usbd_core.o
                0x00000000080090f6                USBD_LL_DataInStage
 .text.USBD_LL_Reset
                0x0000000008009222       0x82 Middlewares/ST/STM32_USB_Device_Library/Core/Src/usbd_core.o
                0x0000000008009222                USBD_LL_Reset
 .text.USBD_LL_SetSpeed
                0x00000000080092a4       0x20 Middlewares/ST/STM32_USB_Device_Library/Core/Src/usbd_core.o
                0x00000000080092a4                USBD_LL_SetSpeed
 .text.USBD_LL_Suspend
                0x00000000080092c4       0x2a Middlewares/ST/STM32_USB_Device_Library/Core/Src/usbd_core.o
                0x00000000080092c4                USBD_LL_Suspend
 .text.USBD_LL_Resume
                0x00000000080092ee       0x2c Middlewares/ST/STM32_USB_Device_Library/Core/Src/usbd_core.o
                0x00000000080092ee                USBD_LL_Resume
 .text.USBD_LL_SOF
                0x000000000800931a       0x34 Middlewares/ST/STM32_USB_Device_Library/Core/Src/usbd_core.o
                0x000000000800931a                USBD_LL_SOF
 .text.USBD_LL_IsoINIncomplete
                0x000000000800934e       0x1a Middlewares/ST/STM32_USB_Device_Library/Core/Src/usbd_core.o
                0x000000000800934e                USBD_LL_IsoINIncomplete
 .text.USBD_LL_IsoOUTIncomplete
                0x0000000008009368       0x1a Middlewares/ST/STM32_USB_Device_Library/Core/Src/usbd_core.o
                0x0000000008009368                USBD_LL_IsoOUTIncomplete
 .text.USBD_LL_DevConnected
                0x0000000008009382       0x16 Middlewares/ST/STM32_USB_Device_Library/Core/Src/usbd_core.o
                0x0000000008009382                USBD_LL_DevConnected
 .text.USBD_LL_DevDisconnected
                0x0000000008009398       0x38 Middlewares/ST/STM32_USB_Device_Library/Core/Src/usbd_core.o
                0x0000000008009398                USBD_LL_DevDisconnected
 .text.SWAPBYTE
                0x00000000080093d0       0x3c Middlewares/ST/STM32_USB_Device_Library/Core/Src/usbd_ctlreq.o
 .text.USBD_StdDevReq
                0x000000000800940c       0xdc Middlewares/ST/STM32_USB_Device_Library/Core/Src/usbd_ctlreq.o
                0x000000000800940c                USBD_StdDevReq
 .text.USBD_StdItfReq
                0x00000000080094e8       0x90 Middlewares/ST/STM32_USB_Device_Library/Core/Src/usbd_ctlreq.o
                0x00000000080094e8                USBD_StdItfReq
 .text.USBD_StdEPReq
                0x0000000008009578      0x2ba Middlewares/ST/STM32_USB_Device_Library/Core/Src/usbd_ctlreq.o
                0x0000000008009578                USBD_StdEPReq
 *fill*         0x0000000008009832        0x2 
 .text.USBD_GetDescriptor
                0x0000000008009834      0x2d4 Middlewares/ST/STM32_USB_Device_Library/Core/Src/usbd_ctlreq.o
 .text.USBD_SetAddress
                0x0000000008009b08       0x86 Middlewares/ST/STM32_USB_Device_Library/Core/Src/usbd_ctlreq.o
 *fill*         0x0000000008009b8e        0x2 
 .text.USBD_SetConfig
                0x0000000008009b90      0x148 Middlewares/ST/STM32_USB_Device_Library/Core/Src/usbd_ctlreq.o
 .text.USBD_GetConfig
                0x0000000008009cd8       0x6a Middlewares/ST/STM32_USB_Device_Library/Core/Src/usbd_ctlreq.o
 .text.USBD_GetStatus
                0x0000000008009d42       0x66 Middlewares/ST/STM32_USB_Device_Library/Core/Src/usbd_ctlreq.o
 .text.USBD_SetFeature
                0x0000000008009da8       0x28 Middlewares/ST/STM32_USB_Device_Library/Core/Src/usbd_ctlreq.o
 .text.USBD_ClrFeature
                0x0000000008009dd0       0x42 Middlewares/ST/STM32_USB_Device_Library/Core/Src/usbd_ctlreq.o
 .text.USBD_ParseSetupRequest
                0x0000000008009e12       0x74 Middlewares/ST/STM32_USB_Device_Library/Core/Src/usbd_ctlreq.o
                0x0000000008009e12                USBD_ParseSetupRequest
 .text.USBD_CtlError
                0x0000000008009e86       0x22 Middlewares/ST/STM32_USB_Device_Library/Core/Src/usbd_ctlreq.o
                0x0000000008009e86                USBD_CtlError
 .text.USBD_GetString
                0x0000000008009ea8       0x8c Middlewares/ST/STM32_USB_Device_Library/Core/Src/usbd_ctlreq.o
                0x0000000008009ea8                USBD_GetString
 .text.USBD_GetLen
                0x0000000008009f34       0x34 Middlewares/ST/STM32_USB_Device_Library/Core/Src/usbd_ctlreq.o
 .text.USBD_CtlSendData
                0x0000000008009f68       0x36 Middlewares/ST/STM32_USB_Device_Library/Core/Src/usbd_ioreq.o
                0x0000000008009f68                USBD_CtlSendData
 .text.USBD_CtlContinueSendData
                0x0000000008009f9e       0x22 Middlewares/ST/STM32_USB_Device_Library/Core/Src/usbd_ioreq.o
                0x0000000008009f9e                USBD_CtlContinueSendData
 .text.USBD_CtlContinueRx
                0x0000000008009fc0       0x22 Middlewares/ST/STM32_USB_Device_Library/Core/Src/usbd_ioreq.o
                0x0000000008009fc0                USBD_CtlContinueRx
 .text.USBD_CtlSendStatus
                0x0000000008009fe2       0x26 Middlewares/ST/STM32_USB_Device_Library/Core/Src/usbd_ioreq.o
                0x0000000008009fe2                USBD_CtlSendStatus
 .text.USBD_CtlReceiveStatus
                0x000000000800a008       0x26 Middlewares/ST/STM32_USB_Device_Library/Core/Src/usbd_ioreq.o
                0x000000000800a008                USBD_CtlReceiveStatus
 *fill*         0x000000000800a02e        0x2 
 .text.disk_status
                0x000000000800a030       0x34 Middlewares/Third_Party/FatFs/src/diskio.o
                0x000000000800a030                disk_status
 .text.disk_initialize
                0x000000000800a064       0x4c Middlewares/Third_Party/FatFs/src/diskio.o
                0x000000000800a064                disk_initialize
 .text.disk_read
                0x000000000800a0b0       0x40 Middlewares/Third_Party/FatFs/src/diskio.o
                0x000000000800a0b0                disk_read
 .text.disk_write
                0x000000000800a0f0       0x40 Middlewares/Third_Party/FatFs/src/diskio.o
                0x000000000800a0f0                disk_write
 .text.disk_ioctl
                0x000000000800a130       0x3c Middlewares/Third_Party/FatFs/src/diskio.o
                0x000000000800a130                disk_ioctl
 .text.ld_word  0x000000000800a16c       0x30 Middlewares/Third_Party/FatFs/src/ff.o
 .text.ld_dword
                0x000000000800a19c       0x46 Middlewares/Third_Party/FatFs/src/ff.o
 .text.st_word  0x000000000800a1e2       0x36 Middlewares/Third_Party/FatFs/src/ff.o
 .text.st_dword
                0x000000000800a218       0x58 Middlewares/Third_Party/FatFs/src/ff.o
 .text.mem_cpy  0x000000000800a270       0x42 Middlewares/Third_Party/FatFs/src/ff.o
 .text.mem_set  0x000000000800a2b2       0x36 Middlewares/Third_Party/FatFs/src/ff.o
 .text.mem_cmp  0x000000000800a2e8       0x4e Middlewares/Third_Party/FatFs/src/ff.o
 .text.chk_chr  0x000000000800a336       0x36 Middlewares/Third_Party/FatFs/src/ff.o
 .text.chk_lock
                0x000000000800a36c       0xb8 Middlewares/Third_Party/FatFs/src/ff.o
 .text.enq_lock
                0x000000000800a424       0x44 Middlewares/Third_Party/FatFs/src/ff.o
 .text.inc_lock
                0x000000000800a468      0x11c Middlewares/Third_Party/FatFs/src/ff.o
 .text.dec_lock
                0x000000000800a584       0x78 Middlewares/Third_Party/FatFs/src/ff.o
 .text.clear_lock
                0x000000000800a5fc       0x48 Middlewares/Third_Party/FatFs/src/ff.o
 .text.sync_window
                0x000000000800a644       0x88 Middlewares/Third_Party/FatFs/src/ff.o
 .text.move_window
                0x000000000800a6cc       0x5a Middlewares/Third_Party/FatFs/src/ff.o
 *fill*         0x000000000800a726        0x2 
 .text.sync_fs  0x000000000800a728       0xe0 Middlewares/Third_Party/FatFs/src/ff.o
 .text.clust2sect
                0x000000000800a808       0x3e Middlewares/Third_Party/FatFs/src/ff.o
 .text.get_fat  0x000000000800a846      0x1a8 Middlewares/Third_Party/FatFs/src/ff.o
 .text.put_fat  0x000000000800a9ee      0x238 Middlewares/Third_Party/FatFs/src/ff.o
 .text.remove_chain
                0x000000000800ac26       0xca Middlewares/Third_Party/FatFs/src/ff.o
 .text.create_chain
                0x000000000800acf0      0x130 Middlewares/Third_Party/FatFs/src/ff.o
 .text.clmt_clust
                0x000000000800ae20       0x70 Middlewares/Third_Party/FatFs/src/ff.o
 .text.dir_sdi  0x000000000800ae90      0x112 Middlewares/Third_Party/FatFs/src/ff.o
 .text.dir_next
                0x000000000800afa2      0x1ac Middlewares/Third_Party/FatFs/src/ff.o
 .text.dir_alloc
                0x000000000800b14e       0x8e Middlewares/Third_Party/FatFs/src/ff.o
 .text.ld_clust
                0x000000000800b1dc       0x3e Middlewares/Third_Party/FatFs/src/ff.o
 .text.st_clust
                0x000000000800b21a       0x40 Middlewares/Third_Party/FatFs/src/ff.o
 *fill*         0x000000000800b25a        0x2 
 .text.cmp_lfn  0x000000000800b25c       0xe0 Middlewares/Third_Party/FatFs/src/ff.o
 .text.put_lfn  0x000000000800b33c       0xd0 Middlewares/Third_Party/FatFs/src/ff.o
 .text.gen_numname
                0x000000000800b40c      0x120 Middlewares/Third_Party/FatFs/src/ff.o
 .text.sum_sfn  0x000000000800b52c       0x42 Middlewares/Third_Party/FatFs/src/ff.o
 .text.dir_find
                0x000000000800b56e      0x180 Middlewares/Third_Party/FatFs/src/ff.o
 *fill*         0x000000000800b6ee        0x2 
 .text.dir_register
                0x000000000800b6f0      0x1f0 Middlewares/Third_Party/FatFs/src/ff.o
 .text.create_name
                0x000000000800b8e0      0x370 Middlewares/Third_Party/FatFs/src/ff.o
 .text.follow_path
                0x000000000800bc50       0xec Middlewares/Third_Party/FatFs/src/ff.o
 .text.get_ldnumber
                0x000000000800bd3c       0x88 Middlewares/Third_Party/FatFs/src/ff.o
 .text.check_fs
                0x000000000800bdc4       0xac Middlewares/Third_Party/FatFs/src/ff.o
 .text.find_volume
                0x000000000800be70      0x510 Middlewares/Third_Party/FatFs/src/ff.o
 .text.validate
                0x000000000800c380       0x6a Middlewares/Third_Party/FatFs/src/ff.o
 *fill*         0x000000000800c3ea        0x2 
 .text.f_mount  0x000000000800c3ec       0x8c Middlewares/Third_Party/FatFs/src/ff.o
                0x000000000800c3ec                f_mount
 .text.f_open   0x000000000800c478      0x398 Middlewares/Third_Party/FatFs/src/ff.o
                0x000000000800c478                f_open
 .text.f_read   0x000000000800c810      0x2be Middlewares/Third_Party/FatFs/src/ff.o
                0x000000000800c810                f_read
 .text.f_write  0x000000000800cace      0x328 Middlewares/Third_Party/FatFs/src/ff.o
                0x000000000800cace                f_write
 .text.f_sync   0x000000000800cdf6       0xfc Middlewares/Third_Party/FatFs/src/ff.o
                0x000000000800cdf6                f_sync
 .text.f_close  0x000000000800cef2       0x54 Middlewares/Third_Party/FatFs/src/ff.o
                0x000000000800cef2                f_close
 *fill*         0x000000000800cf46        0x2 
 .text.FATFS_LinkDriverEx
                0x000000000800cf48       0x98 Middlewares/Third_Party/FatFs/src/ff_gen_drv.o
                0x000000000800cf48                FATFS_LinkDriverEx
 .text.FATFS_LinkDriver
                0x000000000800cfe0       0x1e Middlewares/Third_Party/FatFs/src/ff_gen_drv.o
                0x000000000800cfe0                FATFS_LinkDriver
 *fill*         0x000000000800cffe        0x2 
 .text.ff_convert
                0x000000000800d000       0x78 Middlewares/Third_Party/FatFs/src/option/ccsbcs.o
                0x000000000800d000                ff_convert
 .text.ff_wtoupper
                0x000000000800d078      0x114 Middlewares/Third_Party/FatFs/src/option/ccsbcs.o
                0x000000000800d078                ff_wtoupper
 .text.MX_USB_DEVICE_Init
                0x000000000800d18c       0x60 USB_DEVICE/App/usb_device.o
                0x000000000800d18c                MX_USB_DEVICE_Init
 .text.USBD_FS_DeviceDescriptor
                0x000000000800d1ec       0x24 USB_DEVICE/App/usbd_desc.o
                0x000000000800d1ec                USBD_FS_DeviceDescriptor
 .text.USBD_FS_LangIDStrDescriptor
                0x000000000800d210       0x24 USB_DEVICE/App/usbd_desc.o
                0x000000000800d210                USBD_FS_LangIDStrDescriptor
 .text.USBD_FS_ProductStrDescriptor
                0x000000000800d234       0x3c USB_DEVICE/App/usbd_desc.o
                0x000000000800d234                USBD_FS_ProductStrDescriptor
 .text.USBD_FS_ManufacturerStrDescriptor
                0x000000000800d270       0x28 USB_DEVICE/App/usbd_desc.o
                0x000000000800d270                USBD_FS_ManufacturerStrDescriptor
 .text.USBD_FS_SerialStrDescriptor
                0x000000000800d298       0x24 USB_DEVICE/App/usbd_desc.o
                0x000000000800d298                USBD_FS_SerialStrDescriptor
 .text.USBD_FS_ConfigStrDescriptor
                0x000000000800d2bc       0x3c USB_DEVICE/App/usbd_desc.o
                0x000000000800d2bc                USBD_FS_ConfigStrDescriptor
 .text.USBD_FS_InterfaceStrDescriptor
                0x000000000800d2f8       0x3c USB_DEVICE/App/usbd_desc.o
                0x000000000800d2f8                USBD_FS_InterfaceStrDescriptor
 .text.Get_SerialNum
                0x000000000800d334       0x58 USB_DEVICE/App/usbd_desc.o
 .text.IntToUnicode
                0x000000000800d38c       0x7e USB_DEVICE/App/usbd_desc.o
 .text.STORAGE_Init_FS
                0x000000000800d40a       0x18 USB_DEVICE/App/usbd_storage_if.o
 *fill*         0x000000000800d422        0x2 
 .text.STORAGE_GetCapacity_FS
                0x000000000800d424       0x48 USB_DEVICE/App/usbd_storage_if.o
 .text.STORAGE_IsReady_FS
                0x000000000800d46c       0x18 USB_DEVICE/App/usbd_storage_if.o
 .text.STORAGE_IsWriteProtected_FS
                0x000000000800d484       0x18 USB_DEVICE/App/usbd_storage_if.o
 .text.STORAGE_Read_FS
                0x000000000800d49c       0x4c USB_DEVICE/App/usbd_storage_if.o
 .text.STORAGE_Write_FS
                0x000000000800d4e8       0x4c USB_DEVICE/App/usbd_storage_if.o
 .text.STORAGE_GetMaxLun_FS
                0x000000000800d534       0x10 USB_DEVICE/App/usbd_storage_if.o
 .text.HAL_PCD_MspInit
                0x000000000800d544       0xa8 USB_DEVICE/Target/usbd_conf.o
                0x000000000800d544                HAL_PCD_MspInit
 .text.HAL_PCD_SetupStageCallback
                0x000000000800d5ec       0x24 USB_DEVICE/Target/usbd_conf.o
                0x000000000800d5ec                HAL_PCD_SetupStageCallback
 .text.HAL_PCD_DataOutStageCallback
                0x000000000800d610       0x36 USB_DEVICE/Target/usbd_conf.o
                0x000000000800d610                HAL_PCD_DataOutStageCallback
 .text.HAL_PCD_DataInStageCallback
                0x000000000800d646       0x34 USB_DEVICE/Target/usbd_conf.o
                0x000000000800d646                HAL_PCD_DataInStageCallback
 .text.HAL_PCD_SOFCallback
                0x000000000800d67a       0x1c USB_DEVICE/Target/usbd_conf.o
                0x000000000800d67a                HAL_PCD_SOFCallback
 .text.HAL_PCD_ResetCallback
                0x000000000800d696       0x50 USB_DEVICE/Target/usbd_conf.o
                0x000000000800d696                HAL_PCD_ResetCallback
 *fill*         0x000000000800d6e6        0x2 
 .text.HAL_PCD_SuspendCallback
                0x000000000800d6e8       0x4c USB_DEVICE/Target/usbd_conf.o
                0x000000000800d6e8                HAL_PCD_SuspendCallback
 .text.HAL_PCD_ResumeCallback
                0x000000000800d734       0x1c USB_DEVICE/Target/usbd_conf.o
                0x000000000800d734                HAL_PCD_ResumeCallback
 .text.HAL_PCD_ISOOUTIncompleteCallback
                0x000000000800d750       0x24 USB_DEVICE/Target/usbd_conf.o
                0x000000000800d750                HAL_PCD_ISOOUTIncompleteCallback
 .text.HAL_PCD_ISOINIncompleteCallback
                0x000000000800d774       0x24 USB_DEVICE/Target/usbd_conf.o
                0x000000000800d774                HAL_PCD_ISOINIncompleteCallback
 .text.HAL_PCD_ConnectCallback
                0x000000000800d798       0x1c USB_DEVICE/Target/usbd_conf.o
                0x000000000800d798                HAL_PCD_ConnectCallback
 .text.HAL_PCD_DisconnectCallback
                0x000000000800d7b4       0x1c USB_DEVICE/Target/usbd_conf.o
                0x000000000800d7b4                HAL_PCD_DisconnectCallback
 .text.USBD_LL_Init
                0x000000000800d7d0       0x98 USB_DEVICE/Target/usbd_conf.o
                0x000000000800d7d0                USBD_LL_Init
 .text.USBD_LL_Start
                0x000000000800d868       0x36 USB_DEVICE/Target/usbd_conf.o
                0x000000000800d868                USBD_LL_Start
 .text.USBD_LL_OpenEP
                0x000000000800d89e       0x4c USB_DEVICE/Target/usbd_conf.o
                0x000000000800d89e                USBD_LL_OpenEP
 .text.USBD_LL_CloseEP
                0x000000000800d8ea       0x3e USB_DEVICE/Target/usbd_conf.o
                0x000000000800d8ea                USBD_LL_CloseEP
 .text.USBD_LL_FlushEP
                0x000000000800d928       0x3e USB_DEVICE/Target/usbd_conf.o
                0x000000000800d928                USBD_LL_FlushEP
 .text.USBD_LL_StallEP
                0x000000000800d966       0x3e USB_DEVICE/Target/usbd_conf.o
                0x000000000800d966                USBD_LL_StallEP
 .text.USBD_LL_ClearStallEP
                0x000000000800d9a4       0x3e USB_DEVICE/Target/usbd_conf.o
                0x000000000800d9a4                USBD_LL_ClearStallEP
 .text.USBD_LL_IsStallEP
                0x000000000800d9e2       0x58 USB_DEVICE/Target/usbd_conf.o
                0x000000000800d9e2                USBD_LL_IsStallEP
 .text.USBD_LL_SetUSBAddress
                0x000000000800da3a       0x3e USB_DEVICE/Target/usbd_conf.o
                0x000000000800da3a                USBD_LL_SetUSBAddress
 .text.USBD_LL_Transmit
                0x000000000800da78       0x42 USB_DEVICE/Target/usbd_conf.o
                0x000000000800da78                USBD_LL_Transmit
 .text.USBD_LL_PrepareReceive
                0x000000000800daba       0x42 USB_DEVICE/Target/usbd_conf.o
                0x000000000800daba                USBD_LL_PrepareReceive
 .text.USBD_LL_GetRxDataSize
                0x000000000800dafc       0x26 USB_DEVICE/Target/usbd_conf.o
                0x000000000800dafc                USBD_LL_GetRxDataSize
 *fill*         0x000000000800db22        0x2 
 .text.USBD_Get_USB_Status
                0x000000000800db24       0x58 USB_DEVICE/Target/usbd_conf.o
                0x000000000800db24                USBD_Get_USB_Status
 .text.__errno  0x000000000800db7c        0xc c:/st/stm32cubeide_1.6.0/stm32cubeide/plugins/com.st.stm32cube.ide.mcu.externaltools.gnu-tools-for-stm32.9-2020-q2-update.win32_1.5.0.202011040924/tools/bin/../lib/gcc/arm-none-eabi/9.3.1/../../../../arm-none-eabi/lib/thumb/v7e-m+fp/hard\libc_nano.a(lib_a-errno.o)
                0x000000000800db7c                __errno
 .text.__libc_init_array
                0x000000000800db88       0x48 c:/st/stm32cubeide_1.6.0/stm32cubeide/plugins/com.st.stm32cube.ide.mcu.externaltools.gnu-tools-for-stm32.9-2020-q2-update.win32_1.5.0.202011040924/tools/bin/../lib/gcc/arm-none-eabi/9.3.1/../../../../arm-none-eabi/lib/thumb/v7e-m+fp/hard\libc_nano.a(lib_a-init.o)
                0x000000000800db88                __libc_init_array
 .text.malloc   0x000000000800dbd0       0x10 c:/st/stm32cubeide_1.6.0/stm32cubeide/plugins/com.st.stm32cube.ide.mcu.externaltools.gnu-tools-for-stm32.9-2020-q2-update.win32_1.5.0.202011040924/tools/bin/../lib/gcc/arm-none-eabi/9.3.1/../../../../arm-none-eabi/lib/thumb/v7e-m+fp/hard\libc_nano.a(lib_a-malloc.o)
                0x000000000800dbd0                malloc
 .text.free     0x000000000800dbe0       0x10 c:/st/stm32cubeide_1.6.0/stm32cubeide/plugins/com.st.stm32cube.ide.mcu.externaltools.gnu-tools-for-stm32.9-2020-q2-update.win32_1.5.0.202011040924/tools/bin/../lib/gcc/arm-none-eabi/9.3.1/../../../../arm-none-eabi/lib/thumb/v7e-m+fp/hard\libc_nano.a(lib_a-malloc.o)
                0x000000000800dbe0                free
 .text.memset   0x000000000800dbf0       0x10 c:/st/stm32cubeide_1.6.0/stm32cubeide/plugins/com.st.stm32cube.ide.mcu.externaltools.gnu-tools-for-stm32.9-2020-q2-update.win32_1.5.0.202011040924/tools/bin/../lib/gcc/arm-none-eabi/9.3.1/../../../../arm-none-eabi/lib/thumb/v7e-m+fp/hard\libc_nano.a(lib_a-memset.o)
                0x000000000800dbf0                memset
 .text._free_r  0x000000000800dc00       0xa0 c:/st/stm32cubeide_1.6.0/stm32cubeide/plugins/com.st.stm32cube.ide.mcu.externaltools.gnu-tools-for-stm32.9-2020-q2-update.win32_1.5.0.202011040924/tools/bin/../lib/gcc/arm-none-eabi/9.3.1/../../../../arm-none-eabi/lib/thumb/v7e-m+fp/hard\libc_nano.a(lib_a-nano-freer.o)
                0x000000000800dc00                _free_r
 .text._malloc_r
                0x000000000800dca0       0xb4 c:/st/stm32cubeide_1.6.0/stm32cubeide/plugins/com.st.stm32cube.ide.mcu.externaltools.gnu-tools-for-stm32.9-2020-q2-update.win32_1.5.0.202011040924/tools/bin/../lib/gcc/arm-none-eabi/9.3.1/../../../../arm-none-eabi/lib/thumb/v7e-m+fp/hard\libc_nano.a(lib_a-nano-mallocr.o)
                0x000000000800dca0                _malloc_r
 .text.printf   0x000000000800dd54       0x30 c:/st/stm32cubeide_1.6.0/stm32cubeide/plugins/com.st.stm32cube.ide.mcu.externaltools.gnu-tools-for-stm32.9-2020-q2-update.win32_1.5.0.202011040924/tools/bin/../lib/gcc/arm-none-eabi/9.3.1/../../../../arm-none-eabi/lib/thumb/v7e-m+fp/hard\libc_nano.a(lib_a-printf.o)
                0x000000000800dd54                iprintf
                0x000000000800dd54                printf
 .text._puts_r  0x000000000800dd84       0xdc c:/st/stm32cubeide_1.6.0/stm32cubeide/plugins/com.st.stm32cube.ide.mcu.externaltools.gnu-tools-for-stm32.9-2020-q2-update.win32_1.5.0.202011040924/tools/bin/../lib/gcc/arm-none-eabi/9.3.1/../../../../arm-none-eabi/lib/thumb/v7e-m+fp/hard\libc_nano.a(lib_a-puts.o)
                0x000000000800dd84                _puts_r
 .text.puts     0x000000000800de60       0x10 c:/st/stm32cubeide_1.6.0/stm32cubeide/plugins/com.st.stm32cube.ide.mcu.externaltools.gnu-tools-for-stm32.9-2020-q2-update.win32_1.5.0.202011040924/tools/bin/../lib/gcc/arm-none-eabi/9.3.1/../../../../arm-none-eabi/lib/thumb/v7e-m+fp/hard\libc_nano.a(lib_a-puts.o)
                0x000000000800de60                puts
 .text._sbrk_r  0x000000000800de70       0x20 c:/st/stm32cubeide_1.6.0/stm32cubeide/plugins/com.st.stm32cube.ide.mcu.externaltools.gnu-tools-for-stm32.9-2020-q2-update.win32_1.5.0.202011040924/tools/bin/../lib/gcc/arm-none-eabi/9.3.1/../../../../arm-none-eabi/lib/thumb/v7e-m+fp/hard\libc_nano.a(lib_a-sbrkr.o)
                0x000000000800de70                _sbrk_r
 .text.__swbuf_r
                0x000000000800de90       0xa4 c:/st/stm32cubeide_1.6.0/stm32cubeide/plugins/com.st.stm32cube.ide.mcu.externaltools.gnu-tools-for-stm32.9-2020-q2-update.win32_1.5.0.202011040924/tools/bin/../lib/gcc/arm-none-eabi/9.3.1/../../../../arm-none-eabi/lib/thumb/v7e-m+fp/hard\libc_nano.a(lib_a-wbuf.o)
                0x000000000800de90                __swbuf_r
 .text.__swsetup_r
                0x000000000800df34       0xdc c:/st/stm32cubeide_1.6.0/stm32cubeide/plugins/com.st.stm32cube.ide.mcu.externaltools.gnu-tools-for-stm32.9-2020-q2-update.win32_1.5.0.202011040924/tools/bin/../lib/gcc/arm-none-eabi/9.3.1/../../../../arm-none-eabi/lib/thumb/v7e-m+fp/hard\libc_nano.a(lib_a-wsetup.o)
                0x000000000800df34                __swsetup_r
 .text.__sflush_r
                0x000000000800e010      0x10c c:/st/stm32cubeide_1.6.0/stm32cubeide/plugins/com.st.stm32cube.ide.mcu.externaltools.gnu-tools-for-stm32.9-2020-q2-update.win32_1.5.0.202011040924/tools/bin/../lib/gcc/arm-none-eabi/9.3.1/../../../../arm-none-eabi/lib/thumb/v7e-m+fp/hard\libc_nano.a(lib_a-fflush.o)
                0x000000000800e010                __sflush_r
 .text._fflush_r
                0x000000000800e11c       0x78 c:/st/stm32cubeide_1.6.0/stm32cubeide/plugins/com.st.stm32cube.ide.mcu.externaltools.gnu-tools-for-stm32.9-2020-q2-update.win32_1.5.0.202011040924/tools/bin/../lib/gcc/arm-none-eabi/9.3.1/../../../../arm-none-eabi/lib/thumb/v7e-m+fp/hard\libc_nano.a(lib_a-fflush.o)
                0x000000000800e11c                _fflush_r
 .text.std      0x000000000800e194       0x48 c:/st/stm32cubeide_1.6.0/stm32cubeide/plugins/com.st.stm32cube.ide.mcu.externaltools.gnu-tools-for-stm32.9-2020-q2-update.win32_1.5.0.202011040924/tools/bin/../lib/gcc/arm-none-eabi/9.3.1/../../../../arm-none-eabi/lib/thumb/v7e-m+fp/hard\libc_nano.a(lib_a-findfp.o)
 .text._cleanup_r
                0x000000000800e1dc        0xc c:/st/stm32cubeide_1.6.0/stm32cubeide/plugins/com.st.stm32cube.ide.mcu.externaltools.gnu-tools-for-stm32.9-2020-q2-update.win32_1.5.0.202011040924/tools/bin/../lib/gcc/arm-none-eabi/9.3.1/../../../../arm-none-eabi/lib/thumb/v7e-m+fp/hard\libc_nano.a(lib_a-findfp.o)
                0x000000000800e1dc                _cleanup_r
 .text.__sfmoreglue
                0x000000000800e1e8       0x2c c:/st/stm32cubeide_1.6.0/stm32cubeide/plugins/com.st.stm32cube.ide.mcu.externaltools.gnu-tools-for-stm32.9-2020-q2-update.win32_1.5.0.202011040924/tools/bin/../lib/gcc/arm-none-eabi/9.3.1/../../../../arm-none-eabi/lib/thumb/v7e-m+fp/hard\libc_nano.a(lib_a-findfp.o)
                0x000000000800e1e8                __sfmoreglue
 .text.__sfp_lock_acquire
                0x000000000800e214        0xc c:/st/stm32cubeide_1.6.0/stm32cubeide/plugins/com.st.stm32cube.ide.mcu.externaltools.gnu-tools-for-stm32.9-2020-q2-update.win32_1.5.0.202011040924/tools/bin/../lib/gcc/arm-none-eabi/9.3.1/../../../../arm-none-eabi/lib/thumb/v7e-m+fp/hard\libc_nano.a(lib_a-findfp.o)
                0x000000000800e214                __sfp_lock_acquire
 .text.__sfp_lock_release
                0x000000000800e220        0xc c:/st/stm32cubeide_1.6.0/stm32cubeide/plugins/com.st.stm32cube.ide.mcu.externaltools.gnu-tools-for-stm32.9-2020-q2-update.win32_1.5.0.202011040924/tools/bin/../lib/gcc/arm-none-eabi/9.3.1/../../../../arm-none-eabi/lib/thumb/v7e-m+fp/hard\libc_nano.a(lib_a-findfp.o)
                0x000000000800e220                __sfp_lock_release
 .text.__sinit_lock_acquire
                0x000000000800e22c        0xc c:/st/stm32cubeide_1.6.0/stm32cubeide/plugins/com.st.stm32cube.ide.mcu.externaltools.gnu-tools-for-stm32.9-2020-q2-update.win32_1.5.0.202011040924/tools/bin/../lib/gcc/arm-none-eabi/9.3.1/../../../../arm-none-eabi/lib/thumb/v7e-m+fp/hard\libc_nano.a(lib_a-findfp.o)
                0x000000000800e22c                __sinit_lock_acquire
 .text.__sinit_lock_release
                0x000000000800e238        0xc c:/st/stm32cubeide_1.6.0/stm32cubeide/plugins/com.st.stm32cube.ide.mcu.externaltools.gnu-tools-for-stm32.9-2020-q2-update.win32_1.5.0.202011040924/tools/bin/../lib/gcc/arm-none-eabi/9.3.1/../../../../arm-none-eabi/lib/thumb/v7e-m+fp/hard\libc_nano.a(lib_a-findfp.o)
                0x000000000800e238                __sinit_lock_release
 .text.__sinit  0x000000000800e244       0x70 c:/st/stm32cubeide_1.6.0/stm32cubeide/plugins/com.st.stm32cube.ide.mcu.externaltools.gnu-tools-for-stm32.9-2020-q2-update.win32_1.5.0.202011040924/tools/bin/../lib/gcc/arm-none-eabi/9.3.1/../../../../arm-none-eabi/lib/thumb/v7e-m+fp/hard\libc_nano.a(lib_a-findfp.o)
                0x000000000800e244                __sinit
 .text.__sfp    0x000000000800e2b4       0x8c c:/st/stm32cubeide_1.6.0/stm32cubeide/plugins/com.st.stm32cube.ide.mcu.externaltools.gnu-tools-for-stm32.9-2020-q2-update.win32_1.5.0.202011040924/tools/bin/../lib/gcc/arm-none-eabi/9.3.1/../../../../arm-none-eabi/lib/thumb/v7e-m+fp/hard\libc_nano.a(lib_a-findfp.o)
                0x000000000800e2b4                __sfp
 .text._fwalk_reent
                0x000000000800e340       0x3e c:/st/stm32cubeide_1.6.0/stm32cubeide/plugins/com.st.stm32cube.ide.mcu.externaltools.gnu-tools-for-stm32.9-2020-q2-update.win32_1.5.0.202011040924/tools/bin/../lib/gcc/arm-none-eabi/9.3.1/../../../../arm-none-eabi/lib/thumb/v7e-m+fp/hard\libc_nano.a(lib_a-fwalk.o)
                0x000000000800e340                _fwalk_reent
 .text.__retarget_lock_init_recursive
                0x000000000800e37e        0x2 c:/st/stm32cubeide_1.6.0/stm32cubeide/plugins/com.st.stm32cube.ide.mcu.externaltools.gnu-tools-for-stm32.9-2020-q2-update.win32_1.5.0.202011040924/tools/bin/../lib/gcc/arm-none-eabi/9.3.1/../../../../arm-none-eabi/lib/thumb/v7e-m+fp/hard\libc_nano.a(lib_a-lock.o)
                0x000000000800e37e                __retarget_lock_init_recursive
 .text.__retarget_lock_acquire_recursive
                0x000000000800e380        0x2 c:/st/stm32cubeide_1.6.0/stm32cubeide/plugins/com.st.stm32cube.ide.mcu.externaltools.gnu-tools-for-stm32.9-2020-q2-update.win32_1.5.0.202011040924/tools/bin/../lib/gcc/arm-none-eabi/9.3.1/../../../../arm-none-eabi/lib/thumb/v7e-m+fp/hard\libc_nano.a(lib_a-lock.o)
                0x000000000800e380                __retarget_lock_acquire_recursive
 .text.__retarget_lock_release_recursive
                0x000000000800e382        0x2 c:/st/stm32cubeide_1.6.0/stm32cubeide/plugins/com.st.stm32cube.ide.mcu.externaltools.gnu-tools-for-stm32.9-2020-q2-update.win32_1.5.0.202011040924/tools/bin/../lib/gcc/arm-none-eabi/9.3.1/../../../../arm-none-eabi/lib/thumb/v7e-m+fp/hard\libc_nano.a(lib_a-lock.o)
                0x000000000800e382                __retarget_lock_release_recursive
 .text.__swhatbuf_r
                0x000000000800e384       0x48 c:/st/stm32cubeide_1.6.0/stm32cubeide/plugins/com.st.stm32cube.ide.mcu.externaltools.gnu-tools-for-stm32.9-2020-q2-update.win32_1.5.0.202011040924/tools/bin/../lib/gcc/arm-none-eabi/9.3.1/../../../../arm-none-eabi/lib/thumb/v7e-m+fp/hard\libc_nano.a(lib_a-makebuf.o)
                0x000000000800e384                __swhatbuf_r
 .text.__smakebuf_r
                0x000000000800e3cc       0x80 c:/st/stm32cubeide_1.6.0/stm32cubeide/plugins/com.st.stm32cube.ide.mcu.externaltools.gnu-tools-for-stm32.9-2020-q2-update.win32_1.5.0.202011040924/tools/bin/../lib/gcc/arm-none-eabi/9.3.1/../../../../arm-none-eabi/lib/thumb/v7e-m+fp/hard\libc_nano.a(lib_a-makebuf.o)
                0x000000000800e3cc                __smakebuf_r
 .text.__malloc_lock
                0x000000000800e44c        0xc c:/st/stm32cubeide_1.6.0/stm32cubeide/plugins/com.st.stm32cube.ide.mcu.externaltools.gnu-tools-for-stm32.9-2020-q2-update.win32_1.5.0.202011040924/tools/bin/../lib/gcc/arm-none-eabi/9.3.1/../../../../arm-none-eabi/lib/thumb/v7e-m+fp/hard\libc_nano.a(lib_a-mlock.o)
                0x000000000800e44c                __malloc_lock
 .text.__malloc_unlock
                0x000000000800e458        0xc c:/st/stm32cubeide_1.6.0/stm32cubeide/plugins/com.st.stm32cube.ide.mcu.externaltools.gnu-tools-for-stm32.9-2020-q2-update.win32_1.5.0.202011040924/tools/bin/../lib/gcc/arm-none-eabi/9.3.1/../../../../arm-none-eabi/lib/thumb/v7e-m+fp/hard\libc_nano.a(lib_a-mlock.o)
                0x000000000800e458                __malloc_unlock
 .text.__sfputc_r
                0x000000000800e464       0x2e c:/st/stm32cubeide_1.6.0/stm32cubeide/plugins/com.st.stm32cube.ide.mcu.externaltools.gnu-tools-for-stm32.9-2020-q2-update.win32_1.5.0.202011040924/tools/bin/../lib/gcc/arm-none-eabi/9.3.1/../../../../arm-none-eabi/lib/thumb/v7e-m+fp/hard\libc_nano.a(lib_a-nano-vfprintf.o)
 .text.__sfputs_r
                0x000000000800e492       0x24 c:/st/stm32cubeide_1.6.0/stm32cubeide/plugins/com.st.stm32cube.ide.mcu.externaltools.gnu-tools-for-stm32.9-2020-q2-update.win32_1.5.0.202011040924/tools/bin/../lib/gcc/arm-none-eabi/9.3.1/../../../../arm-none-eabi/lib/thumb/v7e-m+fp/hard\libc_nano.a(lib_a-nano-vfprintf.o)
                0x000000000800e492                __sfputs_r
 *fill*         0x000000000800e4b6        0x2 
 .text._vfprintf_r
                0x000000000800e4b8      0x260 c:/st/stm32cubeide_1.6.0/stm32cubeide/plugins/com.st.stm32cube.ide.mcu.externaltools.gnu-tools-for-stm32.9-2020-q2-update.win32_1.5.0.202011040924/tools/bin/../lib/gcc/arm-none-eabi/9.3.1/../../../../arm-none-eabi/lib/thumb/v7e-m+fp/hard\libc_nano.a(lib_a-nano-vfprintf.o)
                0x000000000800e4b8                _vfprintf_r
                0x000000000800e4b8                _vfiprintf_r
 .text._printf_common
                0x000000000800e718       0xda c:/st/stm32cubeide_1.6.0/stm32cubeide/plugins/com.st.stm32cube.ide.mcu.externaltools.gnu-tools-for-stm32.9-2020-q2-update.win32_1.5.0.202011040924/tools/bin/../lib/gcc/arm-none-eabi/9.3.1/../../../../arm-none-eabi/lib/thumb/v7e-m+fp/hard\libc_nano.a(lib_a-nano-vfprintf_i.o)
                0x000000000800e718                _printf_common
 *fill*         0x000000000800e7f2        0x2 
 .text._printf_i
                0x000000000800e7f4      0x24c c:/st/stm32cubeide_1.6.0/stm32cubeide/plugins/com.st.stm32cube.ide.mcu.externaltools.gnu-tools-for-stm32.9-2020-q2-update.win32_1.5.0.202011040924/tools/bin/../lib/gcc/arm-none-eabi/9.3.1/../../../../arm-none-eabi/lib/thumb/v7e-m+fp/hard\libc_nano.a(lib_a-nano-vfprintf_i.o)
                0x000000000800e7f4                _printf_i
 .text.__sread  0x000000000800ea40       0x22 c:/st/stm32cubeide_1.6.0/stm32cubeide/plugins/com.st.stm32cube.ide.mcu.externaltools.gnu-tools-for-stm32.9-2020-q2-update.win32_1.5.0.202011040924/tools/bin/../lib/gcc/arm-none-eabi/9.3.1/../../../../arm-none-eabi/lib/thumb/v7e-m+fp/hard\libc_nano.a(lib_a-stdio.o)
                0x000000000800ea40                __sread
 .text.__swrite
                0x000000000800ea62       0x38 c:/st/stm32cubeide_1.6.0/stm32cubeide/plugins/com.st.stm32cube.ide.mcu.externaltools.gnu-tools-for-stm32.9-2020-q2-update.win32_1.5.0.202011040924/tools/bin/../lib/gcc/arm-none-eabi/9.3.1/../../../../arm-none-eabi/lib/thumb/v7e-m+fp/hard\libc_nano.a(lib_a-stdio.o)
                0x000000000800ea62                __swrite
 .text.__sseek  0x000000000800ea9a       0x24 c:/st/stm32cubeide_1.6.0/stm32cubeide/plugins/com.st.stm32cube.ide.mcu.externaltools.gnu-tools-for-stm32.9-2020-q2-update.win32_1.5.0.202011040924/tools/bin/../lib/gcc/arm-none-eabi/9.3.1/../../../../arm-none-eabi/lib/thumb/v7e-m+fp/hard\libc_nano.a(lib_a-stdio.o)
                0x000000000800ea9a                __sseek
 .text.__sclose
                0x000000000800eabe        0x8 c:/st/stm32cubeide_1.6.0/stm32cubeide/plugins/com.st.stm32cube.ide.mcu.externaltools.gnu-tools-for-stm32.9-2020-q2-update.win32_1.5.0.202011040924/tools/bin/../lib/gcc/arm-none-eabi/9.3.1/../../../../arm-none-eabi/lib/thumb/v7e-m+fp/hard\libc_nano.a(lib_a-stdio.o)
                0x000000000800eabe                __sclose
 *fill*         0x000000000800eac6        0x2 
 .text._write_r
                0x000000000800eac8       0x24 c:/st/stm32cubeide_1.6.0/stm32cubeide/plugins/com.st.stm32cube.ide.mcu.externaltools.gnu-tools-for-stm32.9-2020-q2-update.win32_1.5.0.202011040924/tools/bin/../lib/gcc/arm-none-eabi/9.3.1/../../../../arm-none-eabi/lib/thumb/v7e-m+fp/hard\libc_nano.a(lib_a-writer.o)
                0x000000000800eac8                _write_r
 .text._close_r
                0x000000000800eaec       0x20 c:/st/stm32cubeide_1.6.0/stm32cubeide/plugins/com.st.stm32cube.ide.mcu.externaltools.gnu-tools-for-stm32.9-2020-q2-update.win32_1.5.0.202011040924/tools/bin/../lib/gcc/arm-none-eabi/9.3.1/../../../../arm-none-eabi/lib/thumb/v7e-m+fp/hard\libc_nano.a(lib_a-closer.o)
                0x000000000800eaec                _close_r
 .text._fstat_r
                0x000000000800eb0c       0x24 c:/st/stm32cubeide_1.6.0/stm32cubeide/plugins/com.st.stm32cube.ide.mcu.externaltools.gnu-tools-for-stm32.9-2020-q2-update.win32_1.5.0.202011040924/tools/bin/../lib/gcc/arm-none-eabi/9.3.1/../../../../arm-none-eabi/lib/thumb/v7e-m+fp/hard\libc_nano.a(lib_a-fstatr.o)
                0x000000000800eb0c                _fstat_r
 .text._isatty_r
                0x000000000800eb30       0x20 c:/st/stm32cubeide_1.6.0/stm32cubeide/plugins/com.st.stm32cube.ide.mcu.externaltools.gnu-tools-for-stm32.9-2020-q2-update.win32_1.5.0.202011040924/tools/bin/../lib/gcc/arm-none-eabi/9.3.1/../../../../arm-none-eabi/lib/thumb/v7e-m+fp/hard\libc_nano.a(lib_a-isattyr.o)
                0x000000000800eb30                _isatty_r
 .text._lseek_r
                0x000000000800eb50       0x24 c:/st/stm32cubeide_1.6.0/stm32cubeide/plugins/com.st.stm32cube.ide.mcu.externaltools.gnu-tools-for-stm32.9-2020-q2-update.win32_1.5.0.202011040924/tools/bin/../lib/gcc/arm-none-eabi/9.3.1/../../../../arm-none-eabi/lib/thumb/v7e-m+fp/hard\libc_nano.a(lib_a-lseekr.o)
                0x000000000800eb50                _lseek_r
 .text._read_r  0x000000000800eb74       0x24 c:/st/stm32cubeide_1.6.0/stm32cubeide/plugins/com.st.stm32cube.ide.mcu.externaltools.gnu-tools-for-stm32.9-2020-q2-update.win32_1.5.0.202011040924/tools/bin/../lib/gcc/arm-none-eabi/9.3.1/../../../../arm-none-eabi/lib/thumb/v7e-m+fp/hard\libc_nano.a(lib_a-readr.o)
                0x000000000800eb74                _read_r
 *(.glue_7)
 .glue_7        0x000000000800eb98        0x0 linker stubs
 *(.glue_7t)
 .glue_7t       0x000000000800eb98        0x0 linker stubs
 *(.eh_frame)
 .eh_frame      0x000000000800eb98        0x0 c:/st/stm32cubeide_1.6.0/stm32cubeide/plugins/com.st.stm32cube.ide.mcu.externaltools.gnu-tools-for-stm32.9-2020-q2-update.win32_1.5.0.202011040924/tools/bin/../lib/gcc/arm-none-eabi/9.3.1/thumb/v7e-m+fp/hard/crtbegin.o
 *(.init)
 .init          0x000000000800eb98        0x4 c:/st/stm32cubeide_1.6.0/stm32cubeide/plugins/com.st.stm32cube.ide.mcu.externaltools.gnu-tools-for-stm32.9-2020-q2-update.win32_1.5.0.202011040924/tools/bin/../lib/gcc/arm-none-eabi/9.3.1/thumb/v7e-m+fp/hard/crti.o
                0x000000000800eb98                _init
 .init          0x000000000800eb9c        0x8 c:/st/stm32cubeide_1.6.0/stm32cubeide/plugins/com.st.stm32cube.ide.mcu.externaltools.gnu-tools-for-stm32.9-2020-q2-update.win32_1.5.0.202011040924/tools/bin/../lib/gcc/arm-none-eabi/9.3.1/thumb/v7e-m+fp/hard/crtn.o
 *(.fini)
 .fini          0x000000000800eba4        0x4 c:/st/stm32cubeide_1.6.0/stm32cubeide/plugins/com.st.stm32cube.ide.mcu.externaltools.gnu-tools-for-stm32.9-2020-q2-update.win32_1.5.0.202011040924/tools/bin/../lib/gcc/arm-none-eabi/9.3.1/thumb/v7e-m+fp/hard/crti.o
                0x000000000800eba4                _fini
 .fini          0x000000000800eba8        0x8 c:/st/stm32cubeide_1.6.0/stm32cubeide/plugins/com.st.stm32cube.ide.mcu.externaltools.gnu-tools-for-stm32.9-2020-q2-update.win32_1.5.0.202011040924/tools/bin/../lib/gcc/arm-none-eabi/9.3.1/thumb/v7e-m+fp/hard/crtn.o
                0x000000000800ebb0                . = ALIGN (0x4)
                0x000000000800ebb0                _etext = .

.vfp11_veneer   0x000000000800ebb0        0x0
 .vfp11_veneer  0x000000000800ebb0        0x0 linker stubs

.v4_bx          0x000000000800ebb0        0x0
 .v4_bx         0x000000000800ebb0        0x0 linker stubs

.iplt           0x000000000800ebb0        0x0
 .iplt          0x000000000800ebb0        0x0 c:/st/stm32cubeide_1.6.0/stm32cubeide/plugins/com.st.stm32cube.ide.mcu.externaltools.gnu-tools-for-stm32.9-2020-q2-update.win32_1.5.0.202011040924/tools/bin/../lib/gcc/arm-none-eabi/9.3.1/thumb/v7e-m+fp/hard/crtbegin.o

.rodata         0x000000000800ebb0      0x638
                0x000000000800ebb0                . = ALIGN (0x4)
 *(.rodata)
 .rodata        0x000000000800ebb0       0x83 Core/Src/main.o
 *fill*         0x000000000800ec33        0x1 
 .rodata        0x000000000800ec34       0x48 Middlewares/Third_Party/FatFs/src/ff.o
 .rodata        0x000000000800ec7c       0x42 USB_DEVICE/App/usbd_desc.o
 *(.rodata*)
 *fill*         0x000000000800ecbe        0x2 
 .rodata.AHBPrescTable
                0x000000000800ecc0       0x10 Core/Src/system_stm32f4xx.o
                0x000000000800ecc0                AHBPrescTable
 .rodata.flagBitshiftOffset.8288
                0x000000000800ecd0        0x8 Drivers/STM32F4xx_HAL_Driver/Src/stm32f4xx_hal_dma.o
 .rodata.SD_Driver
                0x000000000800ecd8       0x14 FATFS/Target/sd_diskio.o
                0x000000000800ecd8                SD_Driver
 .rodata.ExCvt  0x000000000800ecec       0x80 Middlewares/Third_Party/FatFs/src/ff.o
 .rodata.LfnOfs
                0x000000000800ed6c        0xd Middlewares/Third_Party/FatFs/src/ff.o
 *fill*         0x000000000800ed79        0x3 
 .rodata.Tbl    0x000000000800ed7c      0x100 Middlewares/Third_Party/FatFs/src/option/ccsbcs.o
 .rodata.cvt1.9069
                0x000000000800ee7c      0x1f2 Middlewares/Third_Party/FatFs/src/option/ccsbcs.o
 *fill*         0x000000000800f06e        0x2 
 .rodata.cvt2.9070
                0x000000000800f070       0xbc Middlewares/Third_Party/FatFs/src/option/ccsbcs.o
 .rodata.STORAGE_Inquirydata_FS
                0x000000000800f12c       0x24 USB_DEVICE/App/usbd_storage_if.o
                0x000000000800f12c                STORAGE_Inquirydata_FS
 .rodata._global_impure_ptr