Archive member included to satisfy reference by file (symbol)

c:/st/stm32cubeide_1.6.0/stm32cubeide/plugins/com.st.stm32cube.ide.mcu.externaltools.gnu-tools-for-stm32.9-2020-q2-update.win32_1.5.0.202011040924/tools/bin/../lib/gcc/arm-none-eabi/9.3.1/../../../../arm-none-eabi/lib/thumb/v7e-m+fp/hard\libc_nano.a(lib_a-errno.o)
                              Core/Src/syscalls.o (__errno)
c:/st/stm32cubeide_1.6.0/stm32cubeide/plugins/com.st.stm32cube.ide.mcu.externaltools.gnu-tools-for-stm32.9-2020-q2-update.win32_1.5.0.202011040924/tools/bin/../lib/gcc/arm-none-eabi/9.3.1/../../../../arm-none-eabi/lib/thumb/v7e-m+fp/hard\libc_nano.a(lib_a-exit.o)
                              c:/st/stm32cubeide_1.6.0/stm32cubeide/plugins/com.st.stm32cube.ide.mcu.externaltools.gnu-tools-for-stm32.9-2020-q2-update.win32_1.5.0.202011040924/tools/bin/../lib/gcc/arm-none-eabi/9.3.1/../../../../arm-none-eabi/lib/thumb/v7e-m+fp/hard/crt0.o (exit)
c:/st/stm32cubeide_1.6.0/stm32cubeide/plugins/com.st.stm32cube.ide.mcu.externaltools.gnu-tools-for-stm32.9-2020-q2-update.win32_1.5.0.202011040924/tools/bin/../lib/gcc/arm-none-eabi/9.3.1/../../../../arm-none-eabi/lib/thumb/v7e-m+fp/hard\libc_nano.a(lib_a-impure.o)
                              c:/st/stm32cubeide_1.6.0/stm32cubeide/plugins/com.st.stm32cube.ide.mcu.externaltools.gnu-tools-for-stm32.9-2020-q2-update.win32_1.5.0.202011040924/tools/bin/../lib/gcc/arm-none-eabi/9.3.1/../../../../arm-none-eabi/lib/thumb/v7e-m+fp/hard\libc_nano.a(lib_a-exit.o) (_global_impure_ptr)
c:/st/stm32cubeide_1.6.0/stm32cubeide/plugins/com.st.stm32cube.ide.mcu.externaltools.gnu-tools-for-stm32.9-2020-q2-update.win32_1.5.0.202011040924/tools/bin/../lib/gcc/arm-none-eabi/9.3.1/../../../../arm-none-eabi/lib/thumb/v7e-m+fp/hard\libc_nano.a(lib_a-init.o)
                              c:/st/stm32cubeide_1.6.0/stm32cubeide/plugins/com.st.stm32cube.ide.mcu.externaltools.gnu-tools-for-stm32.9-2020-q2-update.win32_1.5.0.202011040924/tools/bin/../lib/gcc/arm-none-eabi/9.3.1/../../../../arm-none-eabi/lib/thumb/v7e-m+fp/hard/crt0.o (__libc_init_array)
c:/st/stm32cubeide_1.6.0/stm32cubeide/plugins/com.st.stm32cube.ide.mcu.externaltools.gnu-tools-for-stm32.9-2020-q2-update.win32_1.5.0.202011040924/tools/bin/../lib/gcc/arm-none-eabi/9.3.1/../../../../arm-none-eabi/lib/thumb/v7e-m+fp/hard\libc_nano.a(lib_a-memset.o)
                              c:/st/stm32cubeide_1.6.0/stm32cubeide/plugins/com.st.stm32cube.ide.mcu.externaltools.gnu-tools-for-stm32.9-2020-q2-update.win32_1.5.0.202011040924/tools/bin/../lib/gcc/arm-none-eabi/9.3.1/../../../../arm-none-eabi/lib/thumb/v7e-m+fp/hard/crt0.o (memset)
c:/st/stm32cubeide_1.6.0/stm32cubeide/plugins/com.st.stm32cube.ide.mcu.externaltools.gnu-tools-for-stm32.9-2020-q2-update.win32_1.5.0.202011040924/tools/bin/../lib/gcc/arm-none-eabi/9.3.1/../../../../arm-none-eabi/lib/thumb/v7e-m+fp/hard\libc_nano.a(lib_a-strlen.o)
                              Core/Src/main.o (strlen)
c:/st/stm32cubeide_1.6.0/stm32cubeide/plugins/com.st.stm32cube.ide.mcu.externaltools.gnu-tools-for-stm32.9-2020-q2-update.win32_1.5.0.202011040924/tools/bin/../lib/gcc/arm-none-eabi/9.3.1/thumb/v7e-m+fp/hard\libgcc.a(_aeabi_uldivmod.o)
                              Drivers/STM32F4xx_HAL_Driver/Src/stm32f4xx_hal_rcc.o (__aeabi_uldivmod)
c:/st/stm32cubeide_1.6.0/stm32cubeide/plugins/com.st.stm32cube.ide.mcu.externaltools.gnu-tools-for-stm32.9-2020-q2-update.win32_1.5.0.202011040924/tools/bin/../lib/gcc/arm-none-eabi/9.3.1/thumb/v7e-m+fp/hard\libgcc.a(_udivmoddi4.o)
                              c:/st/stm32cubeide_1.6.0/stm32cubeide/plugins/com.st.stm32cube.ide.mcu.externaltools.gnu-tools-for-stm32.9-2020-q2-update.win32_1.5.0.202011040924/tools/bin/../lib/gcc/arm-none-eabi/9.3.1/thumb/v7e-m+fp/hard\libgcc.a(_aeabi_uldivmod.o) (__udivmoddi4)
c:/st/stm32cubeide_1.6.0/stm32cubeide/plugins/com.st.stm32cube.ide.mcu.externaltools.gnu-tools-for-stm32.9-2020-q2-update.win32_1.5.0.202011040924/tools/bin/../lib/gcc/arm-none-eabi/9.3.1/thumb/v7e-m+fp/hard\libgcc.a(_dvmd_tls.o)
                              c:/st/stm32cubeide_1.6.0/stm32cubeide/plugins/com.st.stm32cube.ide.mcu.externaltools.gnu-tools-for-stm32.9-2020-q2-update.win32_1.5.0.202011040924/tools/bin/../lib/gcc/arm-none-eabi/9.3.1/thumb/v7e-m+fp/hard\libgcc.a(_aeabi_uldivmod.o) (__aeabi_ldiv0)

Allocating common symbols
Common symbol       size              file

hdma_sdio_rx        0x60              Core/Src/main.o
retSD               0x1               FATFS/App/fatfs.o
uwTick              0x4               Drivers/STM32F4xx_HAL_Driver/Src/stm32f4xx_hal.o
pFlash              0x20              Drivers/STM32F4xx_HAL_Driver/Src/stm32f4xx_hal_flash.o
SDPath              0x4               FATFS/App/fatfs.o
hdma_sdio_tx        0x60              Core/Src/main.o
hsd                 0x84              Core/Src/main.o
SDFile              0x1030            FATFS/App/fatfs.o
SDFatFS             0x1038            FATFS/App/fatfs.o

Discarded input sections

[...]
Memory Configuration

Name             Origin             Length             Attributes
CCMRAM           0x0000000010000000 0x0000000000010000 xrw
RAM              0x0000000020000000 0x0000000000020000 xrw
FLASH            0x0000000008000000 0x0000000000100000 xr
*default*        0x0000000000000000 0xffffffffffffffff

Linker script and memory map

LOAD c:/st/stm32cubeide_1.6.0/stm32cubeide/plugins/com.st.stm32cube.ide.mcu.externaltools.gnu-tools-for-stm32.9-2020-q2-update.win32_1.5.0.202011040924/tools/bin/../lib/gcc/arm-none-eabi/9.3.1/thumb/v7e-m+fp/hard/crti.o
LOAD c:/st/stm32cubeide_1.6.0/stm32cubeide/plugins/com.st.stm32cube.ide.mcu.externaltools.gnu-tools-for-stm32.9-2020-q2-update.win32_1.5.0.202011040924/tools/bin/../lib/gcc/arm-none-eabi/9.3.1/thumb/v7e-m+fp/hard/crtbegin.o
LOAD c:/st/stm32cubeide_1.6.0/stm32cubeide/plugins/com.st.stm32cube.ide.mcu.externaltools.gnu-tools-for-stm32.9-2020-q2-update.win32_1.5.0.202011040924/tools/bin/../lib/gcc/arm-none-eabi/9.3.1/../../../../arm-none-eabi/lib/thumb/v7e-m+fp/hard/crt0.o
LOAD Core/Src/main.o
LOAD Core/Src/stm32f4xx_hal_msp.o
LOAD Core/Src/stm32f4xx_it.o
LOAD Core/Src/syscalls.o
LOAD Core/Src/sysmem.o
LOAD Core/Src/system_stm32f4xx.o
LOAD Core/Startup/startup_stm32f407vgtx.o
LOAD Drivers/STM32F4xx_HAL_Driver/Src/stm32f4xx_hal.o
LOAD Drivers/STM32F4xx_HAL_Driver/Src/stm32f4xx_hal_cortex.o
LOAD Drivers/STM32F4xx_HAL_Driver/Src/stm32f4xx_hal_dma.o
LOAD Drivers/STM32F4xx_HAL_Driver/Src/stm32f4xx_hal_dma_ex.o
LOAD Drivers/STM32F4xx_HAL_Driver/Src/stm32f4xx_hal_exti.o
LOAD Drivers/STM32F4xx_HAL_Driver/Src/stm32f4xx_hal_flash.o
LOAD Drivers/STM32F4xx_HAL_Driver/Src/stm32f4xx_hal_flash_ex.o
LOAD Drivers/STM32F4xx_HAL_Driver/Src/stm32f4xx_hal_flash_ramfunc.o
LOAD Drivers/STM32F4xx_HAL_Driver/Src/stm32f4xx_hal_gpio.o
LOAD Drivers/STM32F4xx_HAL_Driver/Src/stm32f4xx_hal_pwr.o
LOAD Drivers/STM32F4xx_HAL_Driver/Src/stm32f4xx_hal_pwr_ex.o
LOAD Drivers/STM32F4xx_HAL_Driver/Src/stm32f4xx_hal_rcc.o
LOAD Drivers/STM32F4xx_HAL_Driver/Src/stm32f4xx_hal_rcc_ex.o
LOAD Drivers/STM32F4xx_HAL_Driver/Src/stm32f4xx_hal_sd.o
LOAD Drivers/STM32F4xx_HAL_Driver/Src/stm32f4xx_hal_tim.o
LOAD Drivers/STM32F4xx_HAL_Driver/Src/stm32f4xx_hal_tim_ex.o
LOAD Drivers/STM32F4xx_HAL_Driver/Src/stm32f4xx_ll_sdmmc.o
LOAD FATFS/App/fatfs.o
LOAD FATFS/Target/bsp_driver_sd.o
LOAD FATFS/Target/fatfs_platform.o
LOAD FATFS/Target/sd_diskio.o
LOAD Middlewares/Third_Party/FatFs/src/diskio.o
LOAD Middlewares/Third_Party/FatFs/src/ff.o
LOAD Middlewares/Third_Party/FatFs/src/ff_gen_drv.o
LOAD Middlewares/Third_Party/FatFs/src/option/ccsbcs.o
LOAD Middlewares/Third_Party/FatFs/src/option/syscall.o
START GROUP
LOAD c:/st/stm32cubeide_1.6.0/stm32cubeide/plugins/com.st.stm32cube.ide.mcu.externaltools.gnu-tools-for-stm32.9-2020-q2-update.win32_1.5.0.202011040924/tools/bin/../lib/gcc/arm-none-eabi/9.3.1/../../../../arm-none-eabi/lib/thumb/v7e-m+fp/hard\libc_nano.a
LOAD c:/st/stm32cubeide_1.6.0/stm32cubeide/plugins/com.st.stm32cube.ide.mcu.externaltools.gnu-tools-for-stm32.9-2020-q2-update.win32_1.5.0.202011040924/tools/bin/../lib/gcc/arm-none-eabi/9.3.1/../../../../arm-none-eabi/lib/thumb/v7e-m+fp/hard\libm.a
END GROUP
START GROUP
LOAD c:/st/stm32cubeide_1.6.0/stm32cubeide/plugins/com.st.stm32cube.ide.mcu.externaltools.gnu-tools-for-stm32.9-2020-q2-update.win32_1.5.0.202011040924/tools/bin/../lib/gcc/arm-none-eabi/9.3.1/thumb/v7e-m+fp/hard\libgcc.a
LOAD c:/st/stm32cubeide_1.6.0/stm32cubeide/plugins/com.st.stm32cube.ide.mcu.externaltools.gnu-tools-for-stm32.9-2020-q2-update.win32_1.5.0.202011040924/tools/bin/../lib/gcc/arm-none-eabi/9.3.1/../../../../arm-none-eabi/lib/thumb/v7e-m+fp/hard\libc_nano.a
END GROUP
START GROUP
LOAD c:/st/stm32cubeide_1.6.0/stm32cubeide/plugins/com.st.stm32cube.ide.mcu.externaltools.gnu-tools-for-stm32.9-2020-q2-update.win32_1.5.0.202011040924/tools/bin/../lib/gcc/arm-none-eabi/9.3.1/thumb/v7e-m+fp/hard\libgcc.a
LOAD c:/st/stm32cubeide_1.6.0/stm32cubeide/plugins/com.st.stm32cube.ide.mcu.externaltools.gnu-tools-for-stm32.9-2020-q2-update.win32_1.5.0.202011040924/tools/bin/../lib/gcc/arm-none-eabi/9.3.1/../../../../arm-none-eabi/lib/thumb/v7e-m+fp/hard\libc_nano.a
LOAD c:/st/stm32cubeide_1.6.0/stm32cubeide/plugins/com.st.stm32cube.ide.mcu.externaltools.gnu-tools-for-stm32.9-2020-q2-update.win32_1.5.0.202011040924/tools/bin/../lib/gcc/arm-none-eabi/9.3.1/../../../../arm-none-eabi/lib/thumb/v7e-m+fp/hard\libnosys.a
END GROUP
START GROUP
LOAD c:/st/stm32cubeide_1.6.0/stm32cubeide/plugins/com.st.stm32cube.ide.mcu.externaltools.gnu-tools-for-stm32.9-2020-q2-update.win32_1.5.0.202011040924/tools/bin/../lib/gcc/arm-none-eabi/9.3.1/thumb/v7e-m+fp/hard\libgcc.a
LOAD c:/st/stm32cubeide_1.6.0/stm32cubeide/plugins/com.st.stm32cube.ide.mcu.externaltools.gnu-tools-for-stm32.9-2020-q2-update.win32_1.5.0.202011040924/tools/bin/../lib/gcc/arm-none-eabi/9.3.1/../../../../arm-none-eabi/lib/thumb/v7e-m+fp/hard\libc_nano.a
LOAD c:/st/stm32cubeide_1.6.0/stm32cubeide/plugins/com.st.stm32cube.ide.mcu.externaltools.gnu-tools-for-stm32.9-2020-q2-update.win32_1.5.0.202011040924/tools/bin/../lib/gcc/arm-none-eabi/9.3.1/../../../../arm-none-eabi/lib/thumb/v7e-m+fp/hard\libnosys.a
END GROUP
LOAD c:/st/stm32cubeide_1.6.0/stm32cubeide/plugins/com.st.stm32cube.ide.mcu.externaltools.gnu-tools-for-stm32.9-2020-q2-update.win32_1.5.0.202011040924/tools/bin/../lib/gcc/arm-none-eabi/9.3.1/thumb/v7e-m+fp/hard/crtend.o
LOAD c:/st/stm32cubeide_1.6.0/stm32cubeide/plugins/com.st.stm32cube.ide.mcu.externaltools.gnu-tools-for-stm32.9-2020-q2-update.win32_1.5.0.202011040924/tools/bin/../lib/gcc/arm-none-eabi/9.3.1/thumb/v7e-m+fp/hard/crtn.o
                0x0000000020020000                _estack = (ORIGIN (RAM) + LENGTH (RAM))
                0x0000000000000400                _Min_Heap_Size = 0x400
                0x0000000000000800                _Min_Stack_Size = 0x800

.isr_vector     0x0000000008000000      0x188
                0x0000000008000000                . = ALIGN (0x4)
 *(.isr_vector)
 .isr_vector    0x0000000008000000      0x188 Core/Startup/startup_stm32f407vgtx.o
                0x0000000008000000                g_pfnVectors
                0x0000000008000188                . = ALIGN (0x4)

.text           0x0000000008000188     0x7dbc
                0x0000000008000188                . = ALIGN (0x4)
 *(.text)
 .text          0x0000000008000188       0x40 c:/st/stm32cubeide_1.6.0/stm32cubeide/plugins/com.st.stm32cube.ide.mcu.externaltools.gnu-tools-for-stm32.9-2020-q2-update.win32_1.5.0.202011040924/tools/bin/../lib/gcc/arm-none-eabi/9.3.1/thumb/v7e-m+fp/hard/crtbegin.o
 .text          0x00000000080001c8       0x10 c:/st/stm32cubeide_1.6.0/stm32cubeide/plugins/com.st.stm32cube.ide.mcu.externaltools.gnu-tools-for-stm32.9-2020-q2-update.win32_1.5.0.202011040924/tools/bin/../lib/gcc/arm-none-eabi/9.3.1/../../../../arm-none-eabi/lib/thumb/v7e-m+fp/hard\libc_nano.a(lib_a-strlen.o)
                0x00000000080001c8                strlen
 .text          0x00000000080001d8       0x30 c:/st/stm32cubeide_1.6.0/stm32cubeide/plugins/com.st.stm32cube.ide.mcu.externaltools.gnu-tools-for-stm32.9-2020-q2-update.win32_1.5.0.202011040924/tools/bin/../lib/gcc/arm-none-eabi/9.3.1/thumb/v7e-m+fp/hard\libgcc.a(_aeabi_uldivmod.o)
                0x00000000080001d8                __aeabi_uldivmod
 .text          0x0000000008000208      0x2c4 c:/st/stm32cubeide_1.6.0/stm32cubeide/plugins/com.st.stm32cube.ide.mcu.externaltools.gnu-tools-for-stm32.9-2020-q2-update.win32_1.5.0.202011040924/tools/bin/../lib/gcc/arm-none-eabi/9.3.1/thumb/v7e-m+fp/hard\libgcc.a(_udivmoddi4.o)
                0x0000000008000208                __udivmoddi4
 .text          0x00000000080004cc        0x4 c:/st/stm32cubeide_1.6.0/stm32cubeide/plugins/com.st.stm32cube.ide.mcu.externaltools.gnu-tools-for-stm32.9-2020-q2-update.win32_1.5.0.202011040924/tools/bin/../lib/gcc/arm-none-eabi/9.3.1/thumb/v7e-m+fp/hard\libgcc.a(_dvmd_tls.o)
                0x00000000080004cc                __aeabi_idiv0
                0x00000000080004cc                __aeabi_ldiv0
 *(.text*)
 .text.main     0x00000000080004d0       0xf4 Core/Src/main.o
                0x00000000080004d0                main
 .text.SystemClock_Config
                0x00000000080005c4       0xd4 Core/Src/main.o
                0x00000000080005c4                SystemClock_Config
 .text.MX_SDIO_SD_Init
                0x0000000008000698       0x40 Core/Src/main.o
 .text.MX_DMA_Init
                0x00000000080006d8       0x50 Core/Src/main.o
 .text.MX_GPIO_Init
                0x0000000008000728       0xfc Core/Src/main.o
 .text.Error_Handler
                0x0000000008000824        0xe Core/Src/main.o
                0x0000000008000824                Error_Handler
 *fill*         0x0000000008000832        0x2 
 .text.HAL_MspInit
                0x0000000008000834       0x50 Core/Src/stm32f4xx_hal_msp.o
                0x0000000008000834                HAL_MspInit
 .text.HAL_SD_MspInit
                0x0000000008000884      0x1e0 Core/Src/stm32f4xx_hal_msp.o
                0x0000000008000884                HAL_SD_MspInit
 .text.NMI_Handler
                0x0000000008000a64        0xe Core/Src/stm32f4xx_it.o
                0x0000000008000a64                NMI_Handler
 .text.HardFault_Handler
                0x0000000008000a72        0x6 Core/Src/stm32f4xx_it.o
                0x0000000008000a72                HardFault_Handler
 .text.MemManage_Handler
                0x0000000008000a78        0x6 Core/Src/stm32f4xx_it.o
                0x0000000008000a78                MemManage_Handler
 .text.BusFault_Handler
                0x0000000008000a7e        0x6 Core/Src/stm32f4xx_it.o
                0x0000000008000a7e                BusFault_Handler
 .text.UsageFault_Handler
                0x0000000008000a84        0x6 Core/Src/stm32f4xx_it.o
                0x0000000008000a84                UsageFault_Handler
 .text.SVC_Handler
                0x0000000008000a8a        0xe Core/Src/stm32f4xx_it.o
                0x0000000008000a8a                SVC_Handler
 .text.DebugMon_Handler
                0x0000000008000a98        0xe Core/Src/stm32f4xx_it.o
                0x0000000008000a98                DebugMon_Handler
 .text.PendSV_Handler
                0x0000000008000aa6        0xe Core/Src/stm32f4xx_it.o
                0x0000000008000aa6                PendSV_Handler
 .text.SysTick_Handler
                0x0000000008000ab4        0xc Core/Src/stm32f4xx_it.o
                0x0000000008000ab4                SysTick_Handler
 .text.SDIO_IRQHandler
                0x0000000008000ac0       0x14 Core/Src/stm32f4xx_it.o
                0x0000000008000ac0                SDIO_IRQHandler
 .text.DMA2_Stream3_IRQHandler
                0x0000000008000ad4       0x14 Core/Src/stm32f4xx_it.o
                0x0000000008000ad4                DMA2_Stream3_IRQHandler
 .text.DMA2_Stream6_IRQHandler
                0x0000000008000ae8       0x14 Core/Src/stm32f4xx_it.o
                0x0000000008000ae8                DMA2_Stream6_IRQHandler
 .text.SystemInit
                0x0000000008000afc       0x2c Core/Src/system_stm32f4xx.o
                0x0000000008000afc                SystemInit
 .text.Reset_Handler
                0x0000000008000b28       0x50 Core/Startup/startup_stm32f407vgtx.o
                0x0000000008000b28                Reset_Handler
 .text.Default_Handler
                0x0000000008000b78        0x2 Core/Startup/startup_stm32f407vgtx.o
                0x0000000008000b78                RTC_Alarm_IRQHandler
                0x0000000008000b78                HASH_RNG_IRQHandler
                0x0000000008000b78                EXTI2_IRQHandler
                0x0000000008000b78                TIM8_CC_IRQHandler
                0x0000000008000b78                TIM1_CC_IRQHandler
                0x0000000008000b78                DMA2_Stream5_IRQHandler
                0x0000000008000b78                DMA1_Stream5_IRQHandler
                0x0000000008000b78                PVD_IRQHandler
                0x0000000008000b78                TAMP_STAMP_IRQHandler
                0x0000000008000b78                CAN2_RX1_IRQHandler
                0x0000000008000b78                EXTI3_IRQHandler
                0x0000000008000b78                TIM8_TRG_COM_TIM14_IRQHandler
                0x0000000008000b78                TIM1_UP_TIM10_IRQHandler
                0x0000000008000b78                TIM8_UP_TIM13_IRQHandler
                0x0000000008000b78                I2C3_ER_IRQHandler
                0x0000000008000b78                EXTI0_IRQHandler
                0x0000000008000b78                I2C2_EV_IRQHandler
                0x0000000008000b78                DMA1_Stream2_IRQHandler
                0x0000000008000b78                CAN1_RX0_IRQHandler
                0x0000000008000b78                FPU_IRQHandler
                0x0000000008000b78                OTG_HS_WKUP_IRQHandler
                0x0000000008000b78                CAN2_SCE_IRQHandler
                0x0000000008000b78                DMA2_Stream2_IRQHandler
                0x0000000008000b78                SPI1_IRQHandler
                0x0000000008000b78                TIM6_DAC_IRQHandler
                0x0000000008000b78                TIM1_BRK_TIM9_IRQHandler
                0x0000000008000b78                DCMI_IRQHandler
                0x0000000008000b78                CAN2_RX0_IRQHandler
                0x0000000008000b78                USART6_IRQHandler
                0x0000000008000b78                USART3_IRQHandler
                0x0000000008000b78                CAN1_RX1_IRQHandler
                0x0000000008000b78                UART5_IRQHandler
                0x0000000008000b78                DMA2_Stream0_IRQHandler
                0x0000000008000b78                TIM4_IRQHandler
                0x0000000008000b78                I2C1_EV_IRQHandler
                0x0000000008000b78                DMA1_Stream6_IRQHandler
                0x0000000008000b78                DMA1_Stream1_IRQHandler
                0x0000000008000b78                UART4_IRQHandler
                0x0000000008000b78                TIM3_IRQHandler
                0x0000000008000b78                RCC_IRQHandler
                0x0000000008000b78                TIM8_BRK_TIM12_IRQHandler
                0x0000000008000b78                Default_Handler
                0x0000000008000b78                EXTI15_10_IRQHandler
                0x0000000008000b78                ADC_IRQHandler
                0x0000000008000b78                DMA1_Stream7_IRQHandler
                0x0000000008000b78                TIM7_IRQHandler
                0x0000000008000b78                CAN2_TX_IRQHandler
                0x0000000008000b78                TIM5_IRQHandler
                0x0000000008000b78                DMA2_Stream7_IRQHandler
                0x0000000008000b78                I2C3_EV_IRQHandler
                0x0000000008000b78                EXTI9_5_IRQHandler
                0x0000000008000b78                RTC_WKUP_IRQHandler
                0x0000000008000b78                ETH_WKUP_IRQHandler
                0x0000000008000b78                SPI2_IRQHandler
                0x0000000008000b78                OTG_HS_EP1_IN_IRQHandler
                0x0000000008000b78                DMA1_Stream0_IRQHandler
                0x0000000008000b78                CAN1_TX_IRQHandler
                0x0000000008000b78                EXTI4_IRQHandler
                0x0000000008000b78                FSMC_IRQHandler
                0x0000000008000b78                ETH_IRQHandler
                0x0000000008000b78                OTG_HS_EP1_OUT_IRQHandler
                0x0000000008000b78                WWDG_IRQHandler
                0x0000000008000b78                TIM2_IRQHandler
                0x0000000008000b78                OTG_FS_WKUP_IRQHandler
                0x0000000008000b78                TIM1_TRG_COM_TIM11_IRQHandler
                0x0000000008000b78                OTG_HS_IRQHandler
                0x0000000008000b78                EXTI1_IRQHandler
                0x0000000008000b78                USART2_IRQHandler
                0x0000000008000b78                I2C2_ER_IRQHandler
                0x0000000008000b78                DMA2_Stream1_IRQHandler
                0x0000000008000b78                CAN1_SCE_IRQHandler
                0x0000000008000b78                FLASH_IRQHandler
                0x0000000008000b78                DMA2_Stream4_IRQHandler
                0x0000000008000b78                USART1_IRQHandler
                0x0000000008000b78                OTG_FS_IRQHandler
                0x0000000008000b78                SPI3_IRQHandler
                0x0000000008000b78                DMA1_Stream4_IRQHandler
                0x0000000008000b78                I2C1_ER_IRQHandler
                0x0000000008000b78                DMA1_Stream3_IRQHandler
 *fill*         0x0000000008000b7a        0x2 
 .text.HAL_Init
                0x0000000008000b7c       0x44 Drivers/STM32F4xx_HAL_Driver/Src/stm32f4xx_hal.o
                0x0000000008000b7c                HAL_Init
 .text.HAL_InitTick
                0x0000000008000bc0       0x60 Drivers/STM32F4xx_HAL_Driver/Src/stm32f4xx_hal.o
                0x0000000008000bc0                HAL_InitTick
 .text.HAL_IncTick
                0x0000000008000c20       0x28 Drivers/STM32F4xx_HAL_Driver/Src/stm32f4xx_hal.o
                0x0000000008000c20                HAL_IncTick
 .text.HAL_GetTick
                0x0000000008000c48       0x18 Drivers/STM32F4xx_HAL_Driver/Src/stm32f4xx_hal.o
                0x0000000008000c48                HAL_GetTick
 .text.HAL_Delay
                0x0000000008000c60       0x48 Drivers/STM32F4xx_HAL_Driver/Src/stm32f4xx_hal.o
                0x0000000008000c60                HAL_Delay
 .text.__NVIC_SetPriorityGrouping
                0x0000000008000ca8       0x48 Drivers/STM32F4xx_HAL_Driver/Src/stm32f4xx_hal_cortex.o
 .text.__NVIC_GetPriorityGrouping
                0x0000000008000cf0       0x1c Drivers/STM32F4xx_HAL_Driver/Src/stm32f4xx_hal_cortex.o
 .text.__NVIC_EnableIRQ
                0x0000000008000d0c       0x3c Drivers/STM32F4xx_HAL_Driver/Src/stm32f4xx_hal_cortex.o
 .text.__NVIC_SetPriority
                0x0000000008000d48       0x54 Drivers/STM32F4xx_HAL_Driver/Src/stm32f4xx_hal_cortex.o
 .text.NVIC_EncodePriority
                0x0000000008000d9c       0x66 Drivers/STM32F4xx_HAL_Driver/Src/stm32f4xx_hal_cortex.o
 *fill*         0x0000000008000e02        0x2 
 .text.SysTick_Config
                0x0000000008000e04       0x44 Drivers/STM32F4xx_HAL_Driver/Src/stm32f4xx_hal_cortex.o
 .text.HAL_NVIC_SetPriorityGrouping
                0x0000000008000e48       0x16 Drivers/STM32F4xx_HAL_Driver/Src/stm32f4xx_hal_cortex.o
                0x0000000008000e48                HAL_NVIC_SetPriorityGrouping
 .text.HAL_NVIC_SetPriority
                0x0000000008000e5e       0x38 Drivers/STM32F4xx_HAL_Driver/Src/stm32f4xx_hal_cortex.o
                0x0000000008000e5e                HAL_NVIC_SetPriority
 .text.HAL_NVIC_EnableIRQ
                0x0000000008000e96       0x1c Drivers/STM32F4xx_HAL_Driver/Src/stm32f4xx_hal_cortex.o
                0x0000000008000e96                HAL_NVIC_EnableIRQ
 .text.HAL_SYSTICK_Config
                0x0000000008000eb2       0x18 Drivers/STM32F4xx_HAL_Driver/Src/stm32f4xx_hal_cortex.o
                0x0000000008000eb2                HAL_SYSTICK_Config
 *fill*         0x0000000008000eca        0x2 
 .text.HAL_DMA_Init
                0x0000000008000ecc      0x15c Drivers/STM32F4xx_HAL_Driver/Src/stm32f4xx_hal_dma.o
                0x0000000008000ecc                HAL_DMA_Init
 .text.HAL_DMA_Start_IT
                0x0000000008001028       0xb0 Drivers/STM32F4xx_HAL_Driver/Src/stm32f4xx_hal_dma.o
                0x0000000008001028                HAL_DMA_Start_IT
 .text.HAL_DMA_Abort_IT
                0x00000000080010d8       0x44 Drivers/STM32F4xx_HAL_Driver/Src/stm32f4xx_hal_dma.o
                0x00000000080010d8                HAL_DMA_Abort_IT
 .text.HAL_DMA_IRQHandler
                0x000000000800111c      0x314 Drivers/STM32F4xx_HAL_Driver/Src/stm32f4xx_hal_dma.o
                0x000000000800111c                HAL_DMA_IRQHandler
 .text.HAL_DMA_GetError
                0x0000000008001430       0x18 Drivers/STM32F4xx_HAL_Driver/Src/stm32f4xx_hal_dma.o
                0x0000000008001430                HAL_DMA_GetError
 .text.DMA_SetConfig
                0x0000000008001448       0x5c Drivers/STM32F4xx_HAL_Driver/Src/stm32f4xx_hal_dma.o
 .text.DMA_CalcBaseAndBitshift
                0x00000000080014a4       0x6c Drivers/STM32F4xx_HAL_Driver/Src/stm32f4xx_hal_dma.o
 .text.DMA_CheckFifoParam
                0x0000000008001510       0xf8 Drivers/STM32F4xx_HAL_Driver/Src/stm32f4xx_hal_dma.o
 .text.HAL_GPIO_Init
                0x0000000008001608      0x338 Drivers/STM32F4xx_HAL_Driver/Src/stm32f4xx_hal_gpio.o
                0x0000000008001608                HAL_GPIO_Init
 .text.HAL_GPIO_ReadPin
                0x0000000008001940       0x30 Drivers/STM32F4xx_HAL_Driver/Src/stm32f4xx_hal_gpio.o
                0x0000000008001940                HAL_GPIO_ReadPin
 .text.HAL_GPIO_WritePin
                0x0000000008001970       0x32 Drivers/STM32F4xx_HAL_Driver/Src/stm32f4xx_hal_gpio.o
                0x0000000008001970                HAL_GPIO_WritePin
 *fill*         0x00000000080019a2        0x2 
 .text.HAL_RCC_OscConfig
                0x00000000080019a4      0x4e0 Drivers/STM32F4xx_HAL_Driver/Src/stm32f4xx_hal_rcc.o
                0x00000000080019a4                HAL_RCC_OscConfig
 .text.HAL_RCC_ClockConfig
                0x0000000008001e84      0x1cc Drivers/STM32F4xx_HAL_Driver/Src/stm32f4xx_hal_rcc.o
                0x0000000008001e84                HAL_RCC_ClockConfig
 .text.HAL_RCC_GetSysClockFreq
                0x0000000008002050      0x1c4 Drivers/STM32F4xx_HAL_Driver/Src/stm32f4xx_hal_rcc.o
                0x0000000008002050                HAL_RCC_GetSysClockFreq
 .text.HAL_SD_Init
                0x0000000008002214       0x60 Drivers/STM32F4xx_HAL_Driver/Src/stm32f4xx_hal_sd.o
                0x0000000008002214                HAL_SD_Init
 .text.HAL_SD_InitCard
                0x0000000008002274       0xc0 Drivers/STM32F4xx_HAL_Driver/Src/stm32f4xx_hal_sd.o
                0x0000000008002274                HAL_SD_InitCard
 .text.HAL_SD_ReadBlocks_DMA
                0x0000000008002334      0x1d4 Drivers/STM32F4xx_HAL_Driver/Src/stm32f4xx_hal_sd.o
                0x0000000008002334                HAL_SD_ReadBlocks_DMA
 .text.HAL_SD_WriteBlocks_DMA
                0x0000000008002508      0x1e0 Drivers/STM32F4xx_HAL_Driver/Src/stm32f4xx_hal_sd.o
                0x0000000008002508                HAL_SD_WriteBlocks_DMA
 .text.HAL_SD_IRQHandler
                0x00000000080026e8      0x30c Drivers/STM32F4xx_HAL_Driver/Src/stm32f4xx_hal_sd.o
                0x00000000080026e8                HAL_SD_IRQHandler
 .text.HAL_SD_ErrorCallback
                0x00000000080029f4       0x14 Drivers/STM32F4xx_HAL_Driver/Src/stm32f4xx_hal_sd.o
                0x00000000080029f4                HAL_SD_ErrorCallback
 .text.HAL_SD_GetCardCSD
                0x0000000008002a08      0x348 Drivers/STM32F4xx_HAL_Driver/Src/stm32f4xx_hal_sd.o
                0x0000000008002a08                HAL_SD_GetCardCSD
 .text.HAL_SD_GetCardInfo
                0x0000000008002d50       0x58 Drivers/STM32F4xx_HAL_Driver/Src/stm32f4xx_hal_sd.o
                0x0000000008002d50                HAL_SD_GetCardInfo
 .text.HAL_SD_ConfigWideBusOperation
                0x0000000008002da8       0xf8 Drivers/STM32F4xx_HAL_Driver/Src/stm32f4xx_hal_sd.o
                0x0000000008002da8                HAL_SD_ConfigWideBusOperation
 .text.HAL_SD_GetCardState
                0x0000000008002ea0       0x40 Drivers/STM32F4xx_HAL_Driver/Src/stm32f4xx_hal_sd.o
                0x0000000008002ea0                HAL_SD_GetCardState
 .text.SD_DMATransmitCplt
                0x0000000008002ee0       0x2a Drivers/STM32F4xx_HAL_Driver/Src/stm32f4xx_hal_sd.o
 .text.SD_DMAReceiveCplt
                0x0000000008002f0a       0x70 Drivers/STM32F4xx_HAL_Driver/Src/stm32f4xx_hal_sd.o
 *fill*         0x0000000008002f7a        0x2 
 .text.SD_DMAError
                0x0000000008002f7c       0xa4 Drivers/STM32F4xx_HAL_Driver/Src/stm32f4xx_hal_sd.o
 .text.SD_DMATxAbort
                0x0000000008003020       0x6e Drivers/STM32F4xx_HAL_Driver/Src/stm32f4xx_hal_sd.o
 .text.SD_DMARxAbort
                0x000000000800308e       0x6e Drivers/STM32F4xx_HAL_Driver/Src/stm32f4xx_hal_sd.o
 .text.SD_InitCard
                0x00000000080030fc      0x198 Drivers/STM32F4xx_HAL_Driver/Src/stm32f4xx_hal_sd.o
 .text.SD_PowerON
                0x0000000008003294      0x11c Drivers/STM32F4xx_HAL_Driver/Src/stm32f4xx_hal_sd.o
 .text.SD_SendStatus
                0x00000000080033b0       0x50 Drivers/STM32F4xx_HAL_Driver/Src/stm32f4xx_hal_sd.o
 .text.SD_WideBus_Enable
                0x0000000008003400       0x96 Drivers/STM32F4xx_HAL_Driver/Src/stm32f4xx_hal_sd.o
 .text.SD_WideBus_Disable
                0x0000000008003496       0x96 Drivers/STM32F4xx_HAL_Driver/Src/stm32f4xx_hal_sd.o
 .text.SD_FindSCR
                0x000000000800352c      0x194 Drivers/STM32F4xx_HAL_Driver/Src/stm32f4xx_hal_sd.o
 .text.SD_Read_IT
                0x00000000080036c0       0xa2 Drivers/STM32F4xx_HAL_Driver/Src/stm32f4xx_hal_sd.o
 .text.SD_Write_IT
                0x0000000008003762       0xaa Drivers/STM32F4xx_HAL_Driver/Src/stm32f4xx_hal_sd.o
 .text.SDIO_Init
                0x000000000800380c       0x56 Drivers/STM32F4xx_HAL_Driver/Src/stm32f4xx_ll_sdmmc.o
                0x000000000800380c                SDIO_Init
 .text.SDIO_ReadFIFO
                0x0000000008003862       0x1a Drivers/STM32F4xx_HAL_Driver/Src/stm32f4xx_ll_sdmmc.o
                0x0000000008003862                SDIO_ReadFIFO
 .text.SDIO_WriteFIFO
                0x000000000800387c       0x22 Drivers/STM32F4xx_HAL_Driver/Src/stm32f4xx_ll_sdmmc.o
                0x000000000800387c                SDIO_WriteFIFO
 .text.SDIO_PowerState_ON
                0x000000000800389e       0x1e Drivers/STM32F4xx_HAL_Driver/Src/stm32f4xx_ll_sdmmc.o
                0x000000000800389e                SDIO_PowerState_ON
 .text.SDIO_GetPowerState
                0x00000000080038bc       0x1c Drivers/STM32F4xx_HAL_Driver/Src/stm32f4xx_ll_sdmmc.o
                0x00000000080038bc                SDIO_GetPowerState
 .text.SDIO_SendCommand
                0x00000000080038d8       0x54 Drivers/STM32F4xx_HAL_Driver/Src/stm32f4xx_ll_sdmmc.o
                0x00000000080038d8                SDIO_SendCommand
 .text.SDIO_GetCommandResponse
                0x000000000800392c       0x1a Drivers/STM32F4xx_HAL_Driver/Src/stm32f4xx_ll_sdmmc.o
                0x000000000800392c                SDIO_GetCommandResponse
 .text.SDIO_GetResponse
                0x0000000008003946       0x26 Drivers/STM32F4xx_HAL_Driver/Src/stm32f4xx_ll_sdmmc.o
                0x0000000008003946                SDIO_GetResponse
 .text.SDIO_ConfigData
                0x000000000800396c       0x58 Drivers/STM32F4xx_HAL_Driver/Src/stm32f4xx_ll_sdmmc.o
                0x000000000800396c                SDIO_ConfigData
 .text.SDMMC_CmdBlockLength
                0x00000000080039c4       0x44 Drivers/STM32F4xx_HAL_Driver/Src/stm32f4xx_ll_sdmmc.o
                0x00000000080039c4                SDMMC_CmdBlockLength
 .text.SDMMC_CmdReadSingleBlock
                0x0000000008003a08       0x44 Drivers/STM32F4xx_HAL_Driver/Src/stm32f4xx_ll_sdmmc.o
                0x0000000008003a08                SDMMC_CmdReadSingleBlock
 .text.SDMMC_CmdReadMultiBlock
                0x0000000008003a4c       0x44 Drivers/STM32F4xx_HAL_Driver/Src/stm32f4xx_ll_sdmmc.o
                0x0000000008003a4c                SDMMC_CmdReadMultiBlock
 .text.SDMMC_CmdWriteSingleBlock
                0x0000000008003a90       0x44 Drivers/STM32F4xx_HAL_Driver/Src/stm32f4xx_ll_sdmmc.o
                0x0000000008003a90                SDMMC_CmdWriteSingleBlock
 .text.SDMMC_CmdWriteMultiBlock
                0x0000000008003ad4       0x44 Drivers/STM32F4xx_HAL_Driver/Src/stm32f4xx_ll_sdmmc.o
                0x0000000008003ad4                SDMMC_CmdWriteMultiBlock
 .text.SDMMC_CmdStopTransfer
                0x0000000008003b18       0x44 Drivers/STM32F4xx_HAL_Driver/Src/stm32f4xx_ll_sdmmc.o
                0x0000000008003b18                SDMMC_CmdStopTransfer
 .text.SDMMC_CmdSelDesel
                0x0000000008003b5c       0x46 Drivers/STM32F4xx_HAL_Driver/Src/stm32f4xx_ll_sdmmc.o
                0x0000000008003b5c                SDMMC_CmdSelDesel
 .text.SDMMC_CmdGoIdleState
                0x0000000008003ba2       0x3c Drivers/STM32F4xx_HAL_Driver/Src/stm32f4xx_ll_sdmmc.o
                0x0000000008003ba2                SDMMC_CmdGoIdleState
 .text.SDMMC_CmdOperCond
                0x0000000008003bde       0x3e Drivers/STM32F4xx_HAL_Driver/Src/stm32f4xx_ll_sdmmc.o
                0x0000000008003bde                SDMMC_CmdOperCond
 .text.SDMMC_CmdAppCommand
                0x0000000008003c1c       0x44 Drivers/STM32F4xx_HAL_Driver/Src/stm32f4xx_ll_sdmmc.o
                0x0000000008003c1c                SDMMC_CmdAppCommand
 .text.SDMMC_CmdAppOperCommand
                0x0000000008003c60       0x46 Drivers/STM32F4xx_HAL_Driver/Src/stm32f4xx_ll_sdmmc.o
                0x0000000008003c60                SDMMC_CmdAppOperCommand
 .text.SDMMC_CmdBusWidth
                0x0000000008003ca6       0x44 Drivers/STM32F4xx_HAL_Driver/Src/stm32f4xx_ll_sdmmc.o
                0x0000000008003ca6                SDMMC_CmdBusWidth
 .text.SDMMC_CmdSendSCR
                0x0000000008003cea       0x42 Drivers/STM32F4xx_HAL_Driver/Src/stm32f4xx_ll_sdmmc.o
                0x0000000008003cea                SDMMC_CmdSendSCR
 .text.SDMMC_CmdSendCID
                0x0000000008003d2c       0x3c Drivers/STM32F4xx_HAL_Driver/Src/stm32f4xx_ll_sdmmc.o
                0x0000000008003d2c                SDMMC_CmdSendCID
 .text.SDMMC_CmdSendCSD
                0x0000000008003d68       0x3e Drivers/STM32F4xx_HAL_Driver/Src/stm32f4xx_ll_sdmmc.o
                0x0000000008003d68                SDMMC_CmdSendCSD
 .text.SDMMC_CmdSetRelAdd
                0x0000000008003da6       0x42 Drivers/STM32F4xx_HAL_Driver/Src/stm32f4xx_ll_sdmmc.o
                0x0000000008003da6                SDMMC_CmdSetRelAdd
 .text.SDMMC_CmdSendStatus
                0x0000000008003de8       0x44 Drivers/STM32F4xx_HAL_Driver/Src/stm32f4xx_ll_sdmmc.o
                0x0000000008003de8                SDMMC_CmdSendStatus
 .text.SDMMC_GetCmdError
                0x0000000008003e2c       0x50 Drivers/STM32F4xx_HAL_Driver/Src/stm32f4xx_ll_sdmmc.o
 .text.SDMMC_GetCmdResp1
                0x0000000008003e7c      0x1d8 Drivers/STM32F4xx_HAL_Driver/Src/stm32f4xx_ll_sdmmc.o
 .text.SDMMC_GetCmdResp2
                0x0000000008004054       0x8c Drivers/STM32F4xx_HAL_Driver/Src/stm32f4xx_ll_sdmmc.o
 .text.SDMMC_GetCmdResp3
                0x00000000080040e0       0x74 Drivers/STM32F4xx_HAL_Driver/Src/stm32f4xx_ll_sdmmc.o
 .text.SDMMC_GetCmdResp6
                0x0000000008004154       0xe8 Drivers/STM32F4xx_HAL_Driver/Src/stm32f4xx_ll_sdmmc.o
 .text.SDMMC_GetCmdResp7
                0x000000000800423c       0x98 Drivers/STM32F4xx_HAL_Driver/Src/stm32f4xx_ll_sdmmc.o
 .text.MX_FATFS_Init
                0x00000000080042d4       0x24 FATFS/App/fatfs.o
                0x00000000080042d4                MX_FATFS_Init
 .text.get_fattime
                0x00000000080042f8       0x10 FATFS/App/fatfs.o
                0x00000000080042f8                get_fattime
 .text.BSP_SD_Init
                0x0000000008004308       0x4c FATFS/Target/bsp_driver_sd.o
                0x0000000008004308                BSP_SD_Init
 .text.BSP_SD_ReadBlocks_DMA
                0x0000000008004354       0x34 FATFS/Target/bsp_driver_sd.o
                0x0000000008004354                BSP_SD_ReadBlocks_DMA
 .text.BSP_SD_WriteBlocks_DMA
                0x0000000008004388       0x34 FATFS/Target/bsp_driver_sd.o
                0x0000000008004388                BSP_SD_WriteBlocks_DMA
 .text.BSP_SD_GetCardState
                0x00000000080043bc       0x20 FATFS/Target/bsp_driver_sd.o
                0x00000000080043bc                BSP_SD_GetCardState
 .text.BSP_SD_GetCardInfo
                0x00000000080043dc       0x1c FATFS/Target/bsp_driver_sd.o
                0x00000000080043dc                BSP_SD_GetCardInfo
 .text.HAL_SD_AbortCallback
                0x00000000080043f8       0x14 FATFS/Target/bsp_driver_sd.o
                0x00000000080043f8                HAL_SD_AbortCallback
 .text.HAL_SD_TxCpltCallback
                0x000000000800440c       0x14 FATFS/Target/bsp_driver_sd.o
                0x000000000800440c                HAL_SD_TxCpltCallback
 .text.HAL_SD_RxCpltCallback
                0x0000000008004420       0x14 FATFS/Target/bsp_driver_sd.o
                0x0000000008004420                HAL_SD_RxCpltCallback
 .text.BSP_SD_AbortCallback
                0x0000000008004434        0xe FATFS/Target/bsp_driver_sd.o
                0x0000000008004434                BSP_SD_AbortCallback
 .text.BSP_SD_IsDetected
                0x0000000008004442       0x24 FATFS/Target/bsp_driver_sd.o
                0x0000000008004442                BSP_SD_IsDetected
 *fill*         0x0000000008004466        0x2 
 .text.BSP_PlatformIsDetected
                0x0000000008004468       0x2c FATFS/Target/fatfs_platform.o
                0x0000000008004468                BSP_PlatformIsDetected
 .text.SD_CheckStatusWithTimeout
                0x0000000008004494       0x3a FATFS/Target/sd_diskio.o
 *fill*         0x00000000080044ce        0x2 
 .text.SD_CheckStatus
                0x00000000080044d0       0x3c FATFS/Target/sd_diskio.o
 .text.SD_initialize
                0x000000000800450c       0x38 FATFS/Target/sd_diskio.o
                0x000000000800450c                SD_initialize
 .text.SD_status
                0x0000000008004544       0x1c FATFS/Target/sd_diskio.o
                0x0000000008004544                SD_status
 .text.SD_read  0x0000000008004560       0xac FATFS/Target/sd_diskio.o
                0x0000000008004560                SD_read
 .text.SD_write
                0x000000000800460c       0xac FATFS/Target/sd_diskio.o
                0x000000000800460c                SD_write
 .text.SD_ioctl
                0x00000000080046b8       0xb0 FATFS/Target/sd_diskio.o
                0x00000000080046b8                SD_ioctl
 .text.BSP_SD_WriteCpltCallback
                0x0000000008004768       0x18 FATFS/Target/sd_diskio.o
                0x0000000008004768                BSP_SD_WriteCpltCallback
 .text.BSP_SD_ReadCpltCallback
                0x0000000008004780       0x18 FATFS/Target/sd_diskio.o
                0x0000000008004780                BSP_SD_ReadCpltCallback
 .text.disk_status
                0x0000000008004798       0x34 Middlewares/Third_Party/FatFs/src/diskio.o
                0x0000000008004798                disk_status
 .text.disk_initialize
                0x00000000080047cc       0x4c Middlewares/Third_Party/FatFs/src/diskio.o
                0x00000000080047cc                disk_initialize
 .text.disk_read
                0x0000000008004818       0x40 Middlewares/Third_Party/FatFs/src/diskio.o
                0x0000000008004818                disk_read
 .text.disk_write
                0x0000000008004858       0x40 Middlewares/Third_Party/FatFs/src/diskio.o
                0x0000000008004858                disk_write
 .text.disk_ioctl
                0x0000000008004898       0x3c Middlewares/Third_Party/FatFs/src/diskio.o
                0x0000000008004898                disk_ioctl
 .text.ld_word  0x00000000080048d4       0x30 Middlewares/Third_Party/FatFs/src/ff.o
 .text.ld_dword
                0x0000000008004904       0x46 Middlewares/Third_Party/FatFs/src/ff.o
 .text.st_word  0x000000000800494a       0x36 Middlewares/Third_Party/FatFs/src/ff.o
 .text.st_dword
                0x0000000008004980       0x58 Middlewares/Third_Party/FatFs/src/ff.o
 .text.mem_cpy  0x00000000080049d8       0x42 Middlewares/Third_Party/FatFs/src/ff.o
 .text.mem_set  0x0000000008004a1a       0x36 Middlewares/Third_Party/FatFs/src/ff.o
 .text.mem_cmp  0x0000000008004a50       0x4e Middlewares/Third_Party/FatFs/src/ff.o
 .text.chk_chr  0x0000000008004a9e       0x36 Middlewares/Third_Party/FatFs/src/ff.o
 .text.chk_lock
                0x0000000008004ad4       0xb8 Middlewares/Third_Party/FatFs/src/ff.o
 .text.enq_lock
                0x0000000008004b8c       0x44 Middlewares/Third_Party/FatFs/src/ff.o
 .text.inc_lock
                0x0000000008004bd0      0x11c Middlewares/Third_Party/FatFs/src/ff.o
 .text.dec_lock
                0x0000000008004cec       0x78 Middlewares/Third_Party/FatFs/src/ff.o
 .text.clear_lock
                0x0000000008004d64       0x48 Middlewares/Third_Party/FatFs/src/ff.o
 .text.sync_window
                0x0000000008004dac       0x88 Middlewares/Third_Party/FatFs/src/ff.o
 .text.move_window
                0x0000000008004e34       0x5a Middlewares/Third_Party/FatFs/src/ff.o
 *fill*         0x0000000008004e8e        0x2 
 .text.sync_fs  0x0000000008004e90       0xe0 Middlewares/Third_Party/FatFs/src/ff.o
 .text.clust2sect
                0x0000000008004f70       0x3e Middlewares/Third_Party/FatFs/src/ff.o
 .text.get_fat  0x0000000008004fae      0x1a8 Middlewares/Third_Party/FatFs/src/ff.o
 .text.put_fat  0x0000000008005156      0x238 Middlewares/Third_Party/FatFs/src/ff.o
 .text.remove_chain
                0x000000000800538e       0xca Middlewares/Third_Party/FatFs/src/ff.o
 .text.create_chain
                0x0000000008005458      0x130 Middlewares/Third_Party/FatFs/src/ff.o
 .text.clmt_clust
                0x0000000008005588       0x70 Middlewares/Third_Party/FatFs/src/ff.o
 .text.dir_sdi  0x00000000080055f8      0x112 Middlewares/Third_Party/FatFs/src/ff.o
 .text.dir_next
                0x000000000800570a      0x1ac Middlewares/Third_Party/FatFs/src/ff.o
 .text.dir_alloc
                0x00000000080058b6       0x8e Middlewares/Third_Party/FatFs/src/ff.o
 .text.ld_clust
                0x0000000008005944       0x3e Middlewares/Third_Party/FatFs/src/ff.o
 .text.st_clust
                0x0000000008005982       0x40 Middlewares/Third_Party/FatFs/src/ff.o
 *fill*         0x00000000080059c2        0x2 
 .text.cmp_lfn  0x00000000080059c4       0xe0 Middlewares/Third_Party/FatFs/src/ff.o
 .text.put_lfn  0x0000000008005aa4       0xd0 Middlewares/Third_Party/FatFs/src/ff.o
 .text.gen_numname
                0x0000000008005b74      0x120 Middlewares/Third_Party/FatFs/src/ff.o
 .text.sum_sfn  0x0000000008005c94       0x42 Middlewares/Third_Party/FatFs/src/ff.o
 .text.dir_find
                0x0000000008005cd6      0x180 Middlewares/Third_Party/FatFs/src/ff.o
 *fill*         0x0000000008005e56        0x2 
 .text.dir_register
                0x0000000008005e58      0x1f0 Middlewares/Third_Party/FatFs/src/ff.o
 .text.create_name
                0x0000000008006048      0x370 Middlewares/Third_Party/FatFs/src/ff.o
 .text.follow_path
                0x00000000080063b8       0xec Middlewares/Third_Party/FatFs/src/ff.o
 .text.get_ldnumber
                0x00000000080064a4       0x88 Middlewares/Third_Party/FatFs/src/ff.o
 .text.check_fs
                0x000000000800652c       0xac Middlewares/Third_Party/FatFs/src/ff.o
 .text.find_volume
                0x00000000080065d8      0x510 Middlewares/Third_Party/FatFs/src/ff.o
 .text.validate
                0x0000000008006ae8       0x6a Middlewares/Third_Party/FatFs/src/ff.o
 *fill*         0x0000000008006b52        0x2 
 .text.f_mount  0x0000000008006b54       0x8c Middlewares/Third_Party/FatFs/src/ff.o
                0x0000000008006b54                f_mount
 .text.f_open   0x0000000008006be0      0x398 Middlewares/Third_Party/FatFs/src/ff.o
                0x0000000008006be0                f_open
 .text.f_write  0x0000000008006f78      0x328 Middlewares/Third_Party/FatFs/src/ff.o
                0x0000000008006f78                f_write
 .text.f_sync   0x00000000080072a0       0xfc Middlewares/Third_Party/FatFs/src/ff.o
                0x00000000080072a0                f_sync
 .text.f_close  0x000000000800739c       0x54 Middlewares/Third_Party/FatFs/src/ff.o
                0x000000000800739c                f_close
 .text.f_mkfs   0x00000000080073f0      0x8a0 Middlewares/Third_Party/FatFs/src/ff.o
                0x00000000080073f0                f_mkfs
 .text.FATFS_LinkDriverEx
                0x0000000008007c90       0x98 Middlewares/Third_Party/FatFs/src/ff_gen_drv.o
                0x0000000008007c90                FATFS_LinkDriverEx
 .text.FATFS_LinkDriver
                0x0000000008007d28       0x1e Middlewares/Third_Party/FatFs/src/ff_gen_drv.o
                0x0000000008007d28                FATFS_LinkDriver
 *fill*         0x0000000008007d46        0x2 
 .text.ff_convert
                0x0000000008007d48       0x78 Middlewares/Third_Party/FatFs/src/option/ccsbcs.o
                0x0000000008007d48                ff_convert
 .text.ff_wtoupper
                0x0000000008007dc0      0x114 Middlewares/Third_Party/FatFs/src/option/ccsbcs.o
                0x0000000008007dc0                ff_wtoupper
 .text.__libc_init_array
                0x0000000008007ed4       0x48 c:/st/stm32cubeide_1.6.0/stm32cubeide/plugins/com.st.stm32cube.ide.mcu.externaltools.gnu-tools-for-stm32.9-2020-q2-update.win32_1.5.0.202011040924/tools/bin/../lib/gcc/arm-none-eabi/9.3.1/../../../../arm-none-eabi/lib/thumb/v7e-m+fp/hard\libc_nano.a(lib_a-init.o)
                0x0000000008007ed4                __libc_init_array
 .text.memset   0x0000000008007f1c       0x10 c:/st/stm32cubeide_1.6.0/stm32cubeide/plugins/com.st.stm32cube.ide.mcu.externaltools.gnu-tools-for-stm32.9-2020-q2-update.win32_1.5.0.202011040924/tools/bin/../lib/gcc/arm-none-eabi/9.3.1/../../../../arm-none-eabi/lib/thumb/v7e-m+fp/hard\libc_nano.a(lib_a-memset.o)
                0x0000000008007f1c                memset
 *(.glue_7)
 .glue_7        0x0000000008007f2c        0x0 linker stubs
 *(.glue_7t)
 .glue_7t       0x0000000008007f2c        0x0 linker stubs
 *(.eh_frame)
 .eh_frame      0x0000000008007f2c        0x0 c:/st/stm32cubeide_1.6.0/stm32cubeide/plugins/com.st.stm32cube.ide.mcu.externaltools.gnu-tools-for-stm32.9-2020-q2-update.win32_1.5.0.202011040924/tools/bin/../lib/gcc/arm-none-eabi/9.3.1/thumb/v7e-m+fp/hard/crtbegin.o
 *(.init)
 .init          0x0000000008007f2c        0x4 c:/st/stm32cubeide_1.6.0/stm32cubeide/plugins/com.st.stm32cube.ide.mcu.externaltools.gnu-tools-for-stm32.9-2020-q2-update.win32_1.5.0.202011040924/tools/bin/../lib/gcc/arm-none-eabi/9.3.1/thumb/v7e-m+fp/hard/crti.o
                0x0000000008007f2c                _init
 .init          0x0000000008007f30        0x8 c:/st/stm32cubeide_1.6.0/stm32cubeide/plugins/com.st.stm32cube.ide.mcu.externaltools.gnu-tools-for-stm32.9-2020-q2-update.win32_1.5.0.202011040924/tools/bin/../lib/gcc/arm-none-eabi/9.3.1/thumb/v7e-m+fp/hard/crtn.o
 *(.fini)
 .fini          0x0000000008007f38        0x4 c:/st/stm32cubeide_1.6.0/stm32cubeide/plugins/com.st.stm32cube.ide.mcu.externaltools.gnu-tools-for-stm32.9-2020-q2-update.win32_1.5.0.202011040924/tools/bin/../lib/gcc/arm-none-eabi/9.3.1/thumb/v7e-m+fp/hard/crti.o
                0x0000000008007f38                _fini
 .fini          0x0000000008007f3c        0x8 c:/st/stm32cubeide_1.6.0/stm32cubeide/plugins/com.st.stm32cube.ide.mcu.externaltools.gnu-tools-for-stm32.9-2020-q2-update.win32_1.5.0.202011040924/tools/bin/../lib/gcc/arm-none-eabi/9.3.1/thumb/v7e-m+fp/hard/crtn.o
                0x0000000008007f44                . = ALIGN (0x4)
                0x0000000008007f44                _etext = .

.vfp11_veneer   0x0000000008007f44        0x0
 .vfp11_veneer  0x0000000008007f44        0x0 linker stubs

.v4_bx          0x0000000008007f44        0x0
 .v4_bx         0x0000000008007f44        0x0 linker stubs

.iplt           0x0000000008007f44        0x0
 .iplt          0x0000000008007f44        0x0 c:/st/stm32cubeide_1.6.0/stm32cubeide/plugins/com.st.stm32cube.ide.mcu.externaltools.gnu-tools-for-stm32.9-2020-q2-update.win32_1.5.0.202011040924/tools/bin/../lib/gcc/arm-none-eabi/9.3.1/thumb/v7e-m+fp/hard/crtbegin.o

.rodata         0x0000000008007f44      0x4fc
                0x0000000008007f44                . = ALIGN (0x4)
 *(.rodata)
 .rodata        0x0000000008007f44       0x25 Core/Src/main.o
 *fill*         0x0000000008007f69        0x3 
 .rodata        0x0000000008007f6c       0x48 Middlewares/Third_Party/FatFs/src/ff.o
 *(.rodata*)
 .rodata.AHBPrescTable
                0x0000000008007fb4       0x10 Core/Src/system_stm32f4xx.o
                0x0000000008007fb4                AHBPrescTable
 .rodata.flagBitshiftOffset.7936
                0x0000000008007fc4        0x8 Drivers/STM32F4xx_HAL_Driver/Src/stm32f4xx_hal_dma.o
 .rodata.SD_Driver
                0x0000000008007fcc       0x14 FATFS/Target/sd_diskio.o
                0x0000000008007fcc                SD_Driver
 .rodata.ExCvt  0x0000000008007fe0       0x80 Middlewares/Third_Party/FatFs/src/ff.o
 .rodata.LfnOfs
                0x0000000008008060        0xd Middlewares/Third_Party/FatFs/src/ff.o
 *fill*         0x000000000800806d        0x3 
 .rodata.cst32.9365
                0x0000000008008070        0xe Middlewares/Third_Party/FatFs/src/ff.o
 *fill*         0x000000000800807e        0x2 
 .rodata.cst.9364
                0x0000000008008080        0xe Middlewares/Third_Party/FatFs/src/ff.o
 *fill*         0x000000000800808e        0x2 
 .rodata.Tbl    0x0000000008008090      0x100 Middlewares/Third_Party/FatFs/src/option/ccsbcs.o
 .rodata.cvt1.8719
                0x0000000008008190      0x1f2 Middlewares/Third_Party/FatFs/src/option/ccsbcs.o
 *fill*         0x0000000008008382        0x2 
 .rodata.cvt2.8720
                0x0000000008008384       0xbc Middlewares/Third_Party/FatFs/src/option/ccsbcs.o
                0x0000000008008440                . = ALIGN (0x4)

.ARM.extab      0x0000000008008440        0x0
                0x0000000008008440                . = ALIGN (0x4)
 *(.ARM.extab* .gnu.linkonce.armextab.*)
                0x0000000008008440                . = ALIGN (0x4)

.ARM            0x0000000008008440        0x8
                0x0000000008008440                . = ALIGN (0x4)
                0x0000000008008440                __exidx_start = .
 *(.ARM.exidx*)
 .ARM.exidx     0x0000000008008440        0x8 c:/st/stm32cubeide_1.6.0/stm32cubeide/plugins/com.st.stm32cube.ide.mcu.externaltools.gnu-tools-for-stm32.9-2020-q2-update.win32_1.5.0.202011040924/tools/bin/../lib/gcc/arm-none-eabi/9.3.1/thumb/v7e-m+fp/hard\libgcc.a(_udivmoddi4.o)
                0x0000000008008448                __exidx_end = .
                0x0000000008008448                . = ALIGN (0x4)

.rel.dyn        0x0000000008008448        0x0
 .rel.iplt      0x0000000008008448        0x0 c:/st/stm32cubeide_1.6.0/stm32cubeide/plugins/com.st.stm32cube.ide.mcu.externaltools.gnu-tools-for-stm32.9-2020-q2-update.win32_1.5.0.202011040924/tools/bin/../lib/gcc/arm-none-eabi/9.3.1/thumb/v7e-m+fp/hard/crtbegin.o

.preinit_array  0x0000000008008448        0x0
                0x0000000008008448                . = ALIGN (0x4)
                0x0000000008008448                PROVIDE (__preinit_array_start = .)
 *(.preinit_array*)
                0x0000000008008448                PROVIDE (__preinit_array_end = .)
                0x0000000008008448                . = ALIGN (0x4)

.init_array     0x0000000008008448        0x4
                0x0000000008008448                . = ALIGN (0x4)
                0x0000000008008448                PROVIDE (__init_array_start = .)
 *(SORT_BY_NAME(.init_array.*))
 *(.init_array*)
 .init_array    0x0000000008008448        0x4 c:/st/stm32cubeide_1.6.0/stm32cubeide/plugins/com.st.stm32cube.ide.mcu.externaltools.gnu-tools-for-stm32.9-2020-q2-update.win32_1.5.0.202011040924/tools/bin/../lib/gcc/arm-none-eabi/9.3.1/thumb/v7e-m+fp/hard/crtbegin.o
                0x000000000800844c                PROVIDE (__init_array_end = .)
                0x000000000800844c                . = ALIGN (0x4)

.fini_array     0x000000000800844c        0x4
                0x000000000800844c                . = ALIGN (0x4)
                [!provide]                        PROVIDE (__fini_array_start = .)
 *(SORT_BY_NAME(.fini_array.*))
 *(.fini_array*)
 .fini_array    0x000000000800844c        0x4 c:/st/stm32cubeide_1.6.0/stm32cubeide/plugins/com.st.stm32cube.ide.mcu.externaltools.gnu-tools-for-stm32.9-2020-q2-update.win32_1.5.0.202011040924/tools/bin/../lib/gcc/arm-none-eabi/9.3.1/thumb/v7e-m+fp/hard/crtbegin.o
                [!provide]                        PROVIDE (__fini_array_end = .)
                0x0000000008008450                . = ALIGN (0x4)
                0x0000000008008450                _sidata = LOADADDR (.data)

.data           0x0000000020000000        0xc load address 0x0000000008008450
                0x0000000020000000                . = ALIGN (0x4)
                0x0000000020000000                _sdata = .
 *(.data)
 *(.data*)
 .data.SystemCoreClock
                0x0000000020000000        0x4 Core/Src/system_stm32f4xx.o
                0x0000000020000000                SystemCoreClock
 .data.uwTickPrio
                0x0000000020000004        0x4 Drivers/STM32F4xx_HAL_Driver/Src/stm32f4xx_hal.o
                0x0000000020000004                uwTickPrio
 .data.uwTickFreq
                0x0000000020000008        0x1 Drivers/STM32F4xx_HAL_Driver/Src/stm32f4xx_hal.o
                0x0000000020000008                uwTickFreq
 .data.Stat     0x0000000020000009        0x1 FATFS/Target/sd_diskio.o
                0x000000002000000c                . = ALIGN (0x4)
 *fill*         0x000000002000000a        0x2 
                0x000000002000000c                _edata = .

.igot.plt       0x000000002000000c        0x0 load address 0x000000000800845c
 .igot.plt      0x000000002000000c        0x0 c:/st/stm32cubeide_1.6.0/stm32cubeide/plugins/com.st.stm32cube.ide.mcu.externaltools.gnu-tools-for-stm32.9-2020-q2-update.win32_1.5.0.202011040924/tools/bin/../lib/gcc/arm-none-eabi/9.3.1/thumb/v7e-m+fp/hard/crtbegin.o
                0x000000002000000c                . = ALIGN (0x4)

.bss            0x000000002000000c     0x2410 load address 0x000000000800845c
                0x000000002000000c                _sbss = .
                0x000000002000000c                __bss_start__ = _sbss
 *(.bss)
 .bss           0x000000002000000c       0x1c c:/st/stm32cubeide_1.6.0/stm32cubeide/plugins/com.st.stm32cube.ide.mcu.externaltools.gnu-tools-for-stm32.9-2020-q2-update.win32_1.5.0.202011040924/tools/bin/../lib/gcc/arm-none-eabi/9.3.1/thumb/v7e-m+fp/hard/crtbegin.o
 *(.bss*)
 .bss.WriteStatus
                0x0000000020000028        0x4 FATFS/Target/sd_diskio.o
 .bss.ReadStatus
                0x000000002000002c        0x4 FATFS/Target/sd_diskio.o
 .bss.FatFs     0x0000000020000030        0x4 Middlewares/Third_Party/FatFs/src/ff.o
 .bss.Fsid      0x0000000020000034        0x2 Middlewares/Third_Party/FatFs/src/ff.o
 *fill*         0x0000000020000036        0x2 
 .bss.Files     0x0000000020000038       0x20 Middlewares/Third_Party/FatFs/src/ff.o
 .bss.LfnBuf    0x0000000020000058      0x200 Middlewares/Third_Party/FatFs/src/ff.o
 .bss.disk      0x0000000020000258        0xc Middlewares/Third_Party/FatFs/src/ff_gen_drv.o
                0x0000000020000258                disk
 *(COMMON)
 COMMON         0x0000000020000264      0x144 Core/Src/main.o
                0x0000000020000264                hdma_sdio_rx
                0x00000000200002c4                hdma_sdio_tx
                0x0000000020000324                hsd
 COMMON         0x00000000200003a8        0x4 Drivers/STM32F4xx_HAL_Driver/Src/stm32f4xx_hal.o
                0x00000000200003a8                uwTick
 COMMON         0x00000000200003ac     0x2070 FATFS/App/fatfs.o
                0x00000000200003ac                retSD
                0x00000000200003b0                SDPath
                0x00000000200003b4                SDFile
                0x00000000200013e4                SDFatFS
                0x000000002000241c                . = ALIGN (0x4)
                0x000000002000241c                _ebss = .
                0x000000002000241c                __bss_end__ = _ebss

._user_heap_stack
                0x000000002000241c      0xc04 load address 0x000000000800845c
                0x0000000020002420                . = ALIGN (0x8)
 *fill*         0x000000002000241c        0x4 
                [!provide]                        PROVIDE (end = .)
                0x0000000020002420                PROVIDE (_end = .)
                0x0000000020002820                . = (. + _Min_Heap_Size)
 *fill*         0x0000000020002420      0x400 
                0x0000000020003020                . = (. + _Min_Stack_Size)
 *fill*         0x0000000020002820      0x800 
                0x0000000020003020                . = ALIGN (0x8)

/DISCARD/
 libc.a(*)
 libm.a(*)
 libgcc.a(*)

.ARM.attributes
                0x0000000000000000       0x30
 *(.ARM.attributes)
 .ARM.attributes
                0x0000000000000000       0x1e c:/st/stm32cubeide_1.6.0/stm32cubeide/plugins/com.st.stm32cube.ide.mcu.externaltools.gnu-tools-for-stm32.9-2020-q2-update.win32_1.5.0.202011040924/tools/bin/../lib/gcc/arm-none-eabi/9.3.1/thumb/v7e-m+fp/hard/crti.o
 .ARM.attributes
                0x000000000000001e       0x34 c:/st/stm32cubeide_1.6.0/stm32cubeide/plugins/com.st.stm32cube.ide.mcu.externaltools.gnu-tools-for-stm32.9-2020-q2-update.win32_1.5.0.202011040924/tools/bin/../lib/gcc/arm-none-eabi/9.3.1/thumb/v7e-m+fp/hard/crtbegin.o
 .ARM.attributes
                0x0000000000000052       0x34 Core/Src/main.o
 .ARM.attributes
                0x0000000000000086       0x34 Core/Src/stm32f4xx_hal_msp.o
 .ARM.attributes
                0x00000000000000ba       0x34 Core/Src/stm32f4xx_it.o
 .ARM.attributes
                0x00000000000000ee       0x34 Core/Src/system_stm32f4xx.o
 .ARM.attributes
                0x0000000000000122       0x21 Core/Startup/startup_stm32f407vgtx.o
 .ARM.attributes
                0x0000000000000143       0x34 Drivers/STM32F4xx_HAL_Driver/Src/stm32f4xx_hal.o
 .ARM.attributes
                0x0000000000000177       0x34 Drivers/STM32F4xx_HAL_Driver/Src/stm32f4xx_hal_cortex.o
 .ARM.attributes
                0x00000000000001ab       0x34 Drivers/STM32F4xx_HAL_Driver/Src/stm32f4xx_hal_dma.o
 .ARM.attributes
                0x00000000000001df       0x34 Drivers/STM32F4xx_HAL_Driver/Src/stm32f4xx_hal_gpio.o
 .ARM.attributes
                0x0000000000000213       0x34 Drivers/STM32F4xx_HAL_Driver/Src/stm32f4xx_hal_rcc.o
 .ARM.attributes
                0x0000000000000247       0x34 Drivers/STM32F4xx_HAL_Driver/Src/stm32f4xx_hal_sd.o
 .ARM.attributes
                0x000000000000027b       0x34 Drivers/STM32F4xx_HAL_Driver/Src/stm32f4xx_ll_sdmmc.o
 .ARM.attributes
                0x00000000000002af       0x34 FATFS/App/fatfs.o
 .ARM.attributes
                0x00000000000002e3       0x34 FATFS/Target/bsp_driver_sd.o
 .ARM.attributes
                0x0000000000000317       0x34 FATFS/Target/fatfs_platform.o
 .ARM.attributes
                0x000000000000034b       0x34 FATFS/Target/sd_diskio.o
 .ARM.attributes
                0x000000000000037f       0x34 Middlewares/Third_Party/FatFs/src/diskio.o
 .ARM.attributes
                0x00000000000003b3       0x34 Middlewares/Third_Party/FatFs/src/ff.o
 .ARM.attributes
                0x00000000000003e7       0x34 Middlewares/Third_Party/FatFs/src/ff_gen_drv.o
 .ARM.attributes
                0x000000000000041b       0x34 Middlewares/Third_Party/FatFs/src/option/ccsbcs.o
 .ARM.attributes
                0x000000000000044f       0x34 c:/st/stm32cubeide_1.6.0/stm32cubeide/plugins/com.st.stm32cube.ide.mcu.externaltools.gnu-tools-for-stm32.9-2020-q2-update.win32_1.5.0.202011040924/tools/bin/../lib/gcc/arm-none-eabi/9.3.1/../../../../arm-none-eabi/lib/thumb/v7e-m+fp/hard\libc_nano.a(lib_a-init.o)
 .ARM.attributes
                0x0000000000000483       0x34 c:/st/stm32cubeide_1.6.0/stm32cubeide/plugins/com.st.stm32cube.ide.mcu.externaltools.gnu-tools-for-stm32.9-2020-q2-update.win32_1.5.0.202011040924/tools/bin/../lib/gcc/arm-none-eabi/9.3.1/../../../../arm-none-eabi/lib/thumb/v7e-m+fp/hard\libc_nano.a(lib_a-memset.o)
 .ARM.attributes
                0x00000000000004b7       0x17 c:/st/stm32cubeide_1.6.0/stm32cubeide/plugins/com.st.stm32cube.ide.mcu.externaltools.gnu-tools-for-stm32.9-2020-q2-update.win32_1.5.0.202011040924/tools/bin/../lib/gcc/arm-none-eabi/9.3.1/../../../../arm-none-eabi/lib/thumb/v7e-m+fp/hard\libc_nano.a(lib_a-strlen.o)
 .ARM.attributes
                0x00000000000004ce       0x1e c:/st/stm32cubeide_1.6.0/stm32cubeide/plugins/com.st.stm32cube.ide.mcu.externaltools.gnu-tools-for-stm32.9-2020-q2-update.win32_1.5.0.202011040924/tools/bin/../lib/gcc/arm-none-eabi/9.3.1/thumb/v7e-m+fp/hard\libgcc.a(_aeabi_uldivmod.o)
 .ARM.attributes
                0x00000000000004ec       0x34 c:/st/stm32cubeide_1.6.0/stm32cubeide/plugins/com.st.stm32cube.ide.mcu.externaltools.gnu-tools-for-stm32.9-2020-q2-update.win32_1.5.0.202011040924/tools/bin/../lib/gcc/arm-none-eabi/9.3.1/thumb/v7e-m+fp/hard\libgcc.a(_udivmoddi4.o)
 .ARM.attributes
                0x0000000000000520       0x1e c:/st/stm32cubeide_1.6.0/stm32cubeide/plugins/com.st.stm32cube.ide.mcu.externaltools.gnu-tools-for-stm32.9-2020-q2-update.win32_1.5.0.202011040924/tools/bin/../lib/gcc/arm-none-eabi/9.3.1/thumb/v7e-m+fp/hard\libgcc.a(_dvmd_tls.o)
 .ARM.attributes
                0x000000000000053e       0x1e c:/st/stm32cubeide_1.6.0/stm32cubeide/plugins/com.st.stm32cube.ide.mcu.externaltools.gnu-tools-for-stm32.9-2020-q2-update.win32_1.5.0.202011040924/tools/bin/../lib/gcc/arm-none-eabi/9.3.1/thumb/v7e-m+fp/hard/crtn.o
OUTPUT(creating filesystem on a SD card.elf elf32-littlearm)
LOAD linker stubs
LOAD c:/st/stm32cubeide_1.6.0/stm32cubeide/plugins/com.st.stm32cube.ide.mcu.externaltools.gnu-tools-for-stm32.9-2020-q2-update.win32_1.5.0.202011040924/tools/bin/../lib/gcc/arm-none-eabi/9.3.1/../../../../arm-none-eabi/lib/thumb/v7e-m+fp/hard\libc.a
LOAD c:/st/stm32cubeide_1.6.0/stm32cubeide/plugins/com.st.stm32cube.ide.mcu.externaltools.gnu-tools-for-stm32.9-2020-q2-update.win32_1.5.0.202011040924/tools/bin/../lib/gcc/arm-none-eabi/9.3.1/../../../../arm-none-eabi/lib/thumb/v7e-m+fp/hard\libm.a
LOAD c:/st/stm32cubeide_1.6.0/stm32cubeide/plugins/com.st.stm32cube.ide.mcu.externaltools.gnu-tools-for-stm32.9-2020-q2-update.win32_1.5.0.202011040924/tools/bin/../lib/gcc/arm-none-eabi/9.3.1/thumb/v7e-m+fp/hard\libgcc.a

.debug_info     0x0000000000000000    0x11bdf
 .debug_info    0x0000000000000000     0x1d87 Core/Src/main.o
 .debug_info    0x0000000000001d87      0xdaf Core/Src/stm32f4xx_hal_msp.o
 .debug_info    0x0000000000002b36      0x875 Core/Src/stm32f4xx_it.o
 .debug_info    0x00000000000033ab      0x5a4 Core/Src/system_stm32f4xx.o
 .debug_info    0x000000000000394f       0x22 Core/Startup/startup_stm32f407vgtx.o
 .debug_info    0x0000000000003971      0x9b2 Drivers/STM32F4xx_HAL_Driver/Src/stm32f4xx_hal.o
 .debug_info    0x0000000000004323      0xed7 Drivers/STM32F4xx_HAL_Driver/Src/stm32f4xx_hal_cortex.o
 .debug_info    0x00000000000051fa      0x9f1 Drivers/STM32F4xx_HAL_Driver/Src/stm32f4xx_hal_dma.o
 .debug_info    0x0000000000005beb      0x82e Drivers/STM32F4xx_HAL_Driver/Src/stm32f4xx_hal_gpio.o
 .debug_info    0x0000000000006419      0x996 Drivers/STM32F4xx_HAL_Driver/Src/stm32f4xx_hal_rcc.o
 .debug_info    0x0000000000006daf     0x1a46 Drivers/STM32F4xx_HAL_Driver/Src/stm32f4xx_hal_sd.o
 .debug_info    0x00000000000087f5     0x11e7 Drivers/STM32F4xx_HAL_Driver/Src/stm32f4xx_ll_sdmmc.o
 .debug_info    0x00000000000099dc      0xe95 FATFS/App/fatfs.o
 .debug_info    0x000000000000a871      0xae8 FATFS/Target/bsp_driver_sd.o
 .debug_info    0x000000000000b359      0x284 FATFS/Target/fatfs_platform.o
 .debug_info    0x000000000000b5dd      0xe9a FATFS/Target/sd_diskio.o
 .debug_info    0x000000000000c477      0xda8 Middlewares/Third_Party/FatFs/src/diskio.o
 .debug_info    0x000000000000d21f     0x3111 Middlewares/Third_Party/FatFs/src/ff.o
 .debug_info    0x0000000000010330      0xd39 Middlewares/Third_Party/FatFs/src/ff_gen_drv.o
 .debug_info    0x0000000000011069      0xb76 Middlewares/Third_Party/FatFs/src/option/ccsbcs.o

.debug_abbrev   0x0000000000000000     0x29ce
 .debug_abbrev  0x0000000000000000      0x2e7 Core/Src/main.o
 .debug_abbrev  0x00000000000002e7      0x1b5 Core/Src/stm32f4xx_hal_msp.o
 .debug_abbrev  0x000000000000049c      0x187 Core/Src/stm32f4xx_it.o
 .debug_abbrev  0x0000000000000623      0x145 Core/Src/system_stm32f4xx.o
 .debug_abbrev  0x0000000000000768       0x12 Core/Startup/startup_stm32f407vgtx.o
 .debug_abbrev  0x000000000000077a      0x1ed Drivers/STM32F4xx_HAL_Driver/Src/stm32f4xx_hal.o
 .debug_abbrev  0x0000000000000967      0x33c Drivers/STM32F4xx_HAL_Driver/Src/stm32f4xx_hal_cortex.o
 .debug_abbrev  0x0000000000000ca3      0x259 Drivers/STM32F4xx_HAL_Driver/Src/stm32f4xx_hal_dma.o
 .debug_abbrev  0x0000000000000efc      0x1f1 Drivers/STM32F4xx_HAL_Driver/Src/stm32f4xx_hal_gpio.o
 .debug_abbrev  0x00000000000010ed      0x275 Drivers/STM32F4xx_HAL_Driver/Src/stm32f4xx_hal_rcc.o
 .debug_abbrev  0x0000000000001362      0x26d Drivers/STM32F4xx_HAL_Driver/Src/stm32f4xx_hal_sd.o
 .debug_abbrev  0x00000000000015cf      0x1ec Drivers/STM32F4xx_HAL_Driver/Src/stm32f4xx_ll_sdmmc.o
 .debug_abbrev  0x00000000000017bb      0x209 FATFS/App/fatfs.o
 .debug_abbrev  0x00000000000019c4      0x2a4 FATFS/Target/bsp_driver_sd.o
 .debug_abbrev  0x0000000000001c68      0x10b FATFS/Target/fatfs_platform.o
 .debug_abbrev  0x0000000000001d73      0x2c0 FATFS/Target/sd_diskio.o
 .debug_abbrev  0x0000000000002033      0x237 Middlewares/Third_Party/FatFs/src/diskio.o
 .debug_abbrev  0x000000000000226a      0x2e1 Middlewares/Third_Party/FatFs/src/ff.o
 .debug_abbrev  0x000000000000254b      0x268 Middlewares/Third_Party/FatFs/src/ff_gen_drv.o
 .debug_abbrev  0x00000000000027b3      0x21b Middlewares/Third_Party/FatFs/src/option/ccsbcs.o

.debug_aranges  0x0000000000000000      0xbc0
 .debug_aranges
                0x0000000000000000       0x48 Core/Src/main.o
 .debug_aranges
                0x0000000000000048       0x30 Core/Src/stm32f4xx_hal_msp.o
 .debug_aranges
                0x0000000000000078       0x78 Core/Src/stm32f4xx_it.o
 .debug_aranges
                0x00000000000000f0       0x28 Core/Src/system_stm32f4xx.o
 .debug_aranges
                0x0000000000000118       0x28 Core/Startup/startup_stm32f407vgtx.o
 .debug_aranges
                0x0000000000000140       0xf0 Drivers/STM32F4xx_HAL_Driver/Src/stm32f4xx_hal.o
 .debug_aranges
                0x0000000000000230      0x118 Drivers/STM32F4xx_HAL_Driver/Src/stm32f4xx_hal_cortex.o
 .debug_aranges
                0x0000000000000348       0x90 Drivers/STM32F4xx_HAL_Driver/Src/stm32f4xx_hal_dma.o
 .debug_aranges
                0x00000000000003d8       0x58 Drivers/STM32F4xx_HAL_Driver/Src/stm32f4xx_hal_gpio.o
 .debug_aranges
                0x0000000000000430       0x88 Drivers/STM32F4xx_HAL_Driver/Src/stm32f4xx_hal_rcc.o
 .debug_aranges
                0x00000000000004b8      0x168 Drivers/STM32F4xx_HAL_Driver/Src/stm32f4xx_hal_sd.o
 .debug_aranges
                0x0000000000000620      0x178 Drivers/STM32F4xx_HAL_Driver/Src/stm32f4xx_ll_sdmmc.o
 .debug_aranges
                0x0000000000000798       0x28 FATFS/App/fatfs.o
 .debug_aranges
                0x00000000000007c0       0xa0 FATFS/Target/bsp_driver_sd.o
 .debug_aranges
                0x0000000000000860       0x20 FATFS/Target/fatfs_platform.o
 .debug_aranges
                0x0000000000000880       0x60 FATFS/Target/sd_diskio.o
 .debug_aranges
                0x00000000000008e0       0x48 Middlewares/Third_Party/FatFs/src/diskio.o
 .debug_aranges
                0x0000000000000928      0x230 Middlewares/Third_Party/FatFs/src/ff.o
 .debug_aranges
                0x0000000000000b58       0x40 Middlewares/Third_Party/FatFs/src/ff_gen_drv.o
 .debug_aranges
                0x0000000000000b98       0x28 Middlewares/Third_Party/FatFs/src/option/ccsbcs.o

.debug_ranges   0x0000000000000000      0xa88
 .debug_ranges  0x0000000000000000       0x38 Core/Src/main.o
 .debug_ranges  0x0000000000000038       0x20 Core/Src/stm32f4xx_hal_msp.o
 .debug_ranges  0x0000000000000058       0x68 Core/Src/stm32f4xx_it.o
 .debug_ranges  0x00000000000000c0       0x18 Core/Src/system_stm32f4xx.o
 .debug_ranges  0x00000000000000d8       0x20 Core/Startup/startup_stm32f407vgtx.o
 .debug_ranges  0x00000000000000f8       0xe0 Drivers/STM32F4xx_HAL_Driver/Src/stm32f4xx_hal.o
 .debug_ranges  0x00000000000001d8      0x108 Drivers/STM32F4xx_HAL_Driver/Src/stm32f4xx_hal_cortex.o
 .debug_ranges  0x00000000000002e0       0x80 Drivers/STM32F4xx_HAL_Driver/Src/stm32f4xx_hal_dma.o
 .debug_ranges  0x0000000000000360       0x48 Drivers/STM32F4xx_HAL_Driver/Src/stm32f4xx_hal_gpio.o
 .debug_ranges  0x00000000000003a8       0x78 Drivers/STM32F4xx_HAL_Driver/Src/stm32f4xx_hal_rcc.o
 .debug_ranges  0x0000000000000420      0x158 Drivers/STM32F4xx_HAL_Driver/Src/stm32f4xx_hal_sd.o
 .debug_ranges  0x0000000000000578      0x168 Drivers/STM32F4xx_HAL_Driver/Src/stm32f4xx_ll_sdmmc.o
 .debug_ranges  0x00000000000006e0       0x18 FATFS/App/fatfs.o
 .debug_ranges  0x00000000000006f8       0x90 FATFS/Target/bsp_driver_sd.o
 .debug_ranges  0x0000000000000788       0x10 FATFS/Target/fatfs_platform.o
 .debug_ranges  0x0000000000000798       0x50 FATFS/Target/sd_diskio.o
 .debug_ranges  0x00000000000007e8       0x38 Middlewares/Third_Party/FatFs/src/diskio.o
 .debug_ranges  0x0000000000000820      0x220 Middlewares/Third_Party/FatFs/src/ff.o
 .debug_ranges  0x0000000000000a40       0x30 Middlewares/Third_Party/FatFs/src/ff_gen_drv.o
 .debug_ranges  0x0000000000000a70       0x18 Middlewares/Third_Party/FatFs/src/option/ccsbcs.o

.debug_macro    0x0000000000000000    0x223c5
 .debug_macro   0x0000000000000000      0x315 Core/Src/main.o
 .debug_macro   0x0000000000000315      0xaa8 Core/Src/main.o
 .debug_macro   0x0000000000000dbd      0x28e Core/Src/main.o
 .debug_macro   0x000000000000104b       0x2e Core/Src/main.o
 .debug_macro   0x0000000000001079       0x2f Core/Src/main.o
 .debug_macro   0x00000000000010a8       0x22 Core/Src/main.o
 .debug_macro   0x00000000000010ca       0x8e Core/Src/main.o
 .debug_macro   0x0000000000001158       0x51 Core/Src/main.o
 .debug_macro   0x00000000000011a9      0x103 Core/Src/main.o
 .debug_macro   0x00000000000012ac       0x6a Core/Src/main.o
 .debug_macro   0x0000000000001316      0x1df Core/Src/main.o
 .debug_macro   0x00000000000014f5       0x1c Core/Src/main.o
 .debug_macro   0x0000000000001511       0x22 Core/Src/main.o
 .debug_macro   0x0000000000001533       0xdf Core/Src/main.o
 .debug_macro   0x0000000000001612     0x102d Core/Src/main.o
 .debug_macro   0x000000000000263f      0x11f Core/Src/main.o
 .debug_macro   0x000000000000275e    0x15e3c Core/Src/main.o
 .debug_macro   0x000000000001859a       0x43 Core/Src/main.o
 .debug_macro   0x00000000000185dd     0x3659 Core/Src/main.o
 .debug_macro   0x000000000001bc36      0x174 Core/Src/main.o
 .debug_macro   0x000000000001bdaa       0x5a Core/Src/main.o
 .debug_macro   0x000000000001be04      0x96b Core/Src/main.o
 .debug_macro   0x000000000001c76f      0x9fe Core/Src/main.o
 .debug_macro   0x000000000001d16d      0x117 Core/Src/main.o
 .debug_macro   0x000000000001d284      0x13e Core/Src/main.o
 .debug_macro   0x000000000001d3c2       0x27 Core/Src/main.o
 .debug_macro   0x000000000001d3e9      0x174 Core/Src/main.o
 .debug_macro   0x000000000001d55d      0x287 Core/Src/main.o
 .debug_macro   0x000000000001d7e4       0x5f Core/Src/main.o
 .debug_macro   0x000000000001d843      0x236 Core/Src/main.o
 .debug_macro   0x000000000001da79      0x12c Core/Src/main.o
 .debug_macro   0x000000000001dba5      0x21e Core/Src/main.o
 .debug_macro   0x000000000001ddc3       0x2e Core/Src/main.o
 .debug_macro   0x000000000001ddf1      0x11a Core/Src/main.o
 .debug_macro   0x000000000001df0b       0x7e Core/Src/main.o
 .debug_macro   0x000000000001df89       0x89 Core/Src/main.o
 .debug_macro   0x000000000001e012      0x861 Core/Src/main.o
 .debug_macro   0x000000000001e873      0x1d5 Core/Src/main.o
 .debug_macro   0x000000000001ea48      0x12d Core/Src/main.o
 .debug_macro   0x000000000001eb75       0x58 Core/Src/main.o
 .debug_macro   0x000000000001ebcd       0x1c Core/Src/main.o
 .debug_macro   0x000000000001ebe9       0x34 Core/Src/main.o
 .debug_macro   0x000000000001ec1d       0xe5 Core/Src/main.o
 .debug_macro   0x000000000001ed02       0x18 Core/Src/main.o
 .debug_macro   0x000000000001ed1a       0x52 Core/Src/main.o
 .debug_macro   0x000000000001ed6c       0x3c Core/Src/main.o
 .debug_macro   0x000000000001eda8       0x34 Core/Src/main.o
 .debug_macro   0x000000000001eddc       0x16 Core/Src/main.o
 .debug_macro   0x000000000001edf2       0x35 Core/Src/main.o
 .debug_macro   0x000000000001ee27       0x16 Core/Src/main.o
 .debug_macro   0x000000000001ee3d       0x43 Core/Src/main.o
 .debug_macro   0x000000000001ee80       0x34 Core/Src/main.o
 .debug_macro   0x000000000001eeb4       0x10 Core/Src/main.o
 .debug_macro   0x000000000001eec4       0x58 Core/Src/main.o
 .debug_macro   0x000000000001ef1c       0x71 Core/Src/main.o
 .debug_macro   0x000000000001ef8d       0x1c Core/Src/main.o
 .debug_macro   0x000000000001efa9      0x12a Core/Src/main.o
 .debug_macro   0x000000000001f0d3      0x333 Core/Src/main.o
 .debug_macro   0x000000000001f406       0x16 Core/Src/main.o
 .debug_macro   0x000000000001f41c       0x29 Core/Src/main.o
 .debug_macro   0x000000000001f445       0x12 Core/Src/main.o
 .debug_macro   0x000000000001f457       0xe2 Core/Src/main.o
 .debug_macro   0x000000000001f539       0x8e Core/Src/main.o
 .debug_macro   0x000000000001f5c7      0x1d8 Core/Src/stm32f4xx_hal_msp.o
 .debug_macro   0x000000000001f79f      0x1e2 Core/Src/stm32f4xx_it.o
 .debug_macro   0x000000000001f981      0x1cf Core/Src/system_stm32f4xx.o
 .debug_macro   0x000000000001fb50      0x229 Drivers/STM32F4xx_HAL_Driver/Src/stm32f4xx_hal.o
 .debug_macro   0x000000000001fd79      0x1c9 Drivers/STM32F4xx_HAL_Driver/Src/stm32f4xx_hal_cortex.o
 .debug_macro   0x000000000001ff42      0x1cf Drivers/STM32F4xx_HAL_Driver/Src/stm32f4xx_hal_dma.o
 .debug_macro   0x0000000000020111      0x1ff Drivers/STM32F4xx_HAL_Driver/Src/stm32f4xx_hal_gpio.o
 .debug_macro   0x0000000000020310      0x1ed Drivers/STM32F4xx_HAL_Driver/Src/stm32f4xx_hal_rcc.o
 .debug_macro   0x00000000000204fd      0x1ca Drivers/STM32F4xx_HAL_Driver/Src/stm32f4xx_hal_sd.o
 .debug_macro   0x00000000000206c7      0x1ca Drivers/STM32F4xx_HAL_Driver/Src/stm32f4xx_ll_sdmmc.o
 .debug_macro   0x0000000000020891      0x315 FATFS/App/fatfs.o
 .debug_macro   0x0000000000020ba6      0x1e1 FATFS/Target/bsp_driver_sd.o
 .debug_macro   0x0000000000020d87      0x1d2 FATFS/Target/fatfs_platform.o
 .debug_macro   0x0000000000020f59      0x348 FATFS/Target/sd_diskio.o
 .debug_macro   0x00000000000212a1       0x16 FATFS/Target/sd_diskio.o
 .debug_macro   0x00000000000212b7       0x7c FATFS/Target/sd_diskio.o
 .debug_macro   0x0000000000021333       0x16 FATFS/Target/sd_diskio.o
 .debug_macro   0x0000000000021349       0x20 FATFS/Target/sd_diskio.o
 .debug_macro   0x0000000000021369      0x302 Middlewares/Third_Party/FatFs/src/diskio.o
 .debug_macro   0x000000000002166b      0x710 Middlewares/Third_Party/FatFs/src/ff.o
 .debug_macro   0x0000000000021d7b       0x58 Middlewares/Third_Party/FatFs/src/ff.o
 .debug_macro   0x0000000000021dd3      0x302 Middlewares/Third_Party/FatFs/src/ff_gen_drv.o
 .debug_macro   0x00000000000220d5      0x2f0 Middlewares/Third_Party/FatFs/src/option/ccsbcs.o

.debug_line     0x0000000000000000    0x105f6
 .debug_line    0x0000000000000000      0x9c1 Core/Src/main.o
 .debug_line    0x00000000000009c1      0x773 Core/Src/stm32f4xx_hal_msp.o
 .debug_line    0x0000000000001134      0x7b0 Core/Src/stm32f4xx_it.o
 .debug_line    0x00000000000018e4      0x733 Core/Src/system_stm32f4xx.o
 .debug_line    0x0000000000002017       0x85 Core/Startup/startup_stm32f407vgtx.o
 .debug_line    0x000000000000209c      0x993 Drivers/STM32F4xx_HAL_Driver/Src/stm32f4xx_hal.o
 .debug_line    0x0000000000002a2f      0xc42 Drivers/STM32F4xx_HAL_Driver/Src/stm32f4xx_hal_cortex.o
 .debug_line    0x0000000000003671      0xefc Drivers/STM32F4xx_HAL_Driver/Src/stm32f4xx_hal_dma.o
 .debug_line    0x000000000000456d      0xb1b Drivers/STM32F4xx_HAL_Driver/Src/stm32f4xx_hal_gpio.o
 .debug_line    0x0000000000005088      0xcf8 Drivers/STM32F4xx_HAL_Driver/Src/stm32f4xx_hal_rcc.o
 .debug_line    0x0000000000005d80     0x1dd7 Drivers/STM32F4xx_HAL_Driver/Src/stm32f4xx_hal_sd.o
 .debug_line    0x0000000000007b57      0xed9 Drivers/STM32F4xx_HAL_Driver/Src/stm32f4xx_ll_sdmmc.o
 .debug_line    0x0000000000008a30      0x8be FATFS/App/fatfs.o
 .debug_line    0x00000000000092ee      0x899 FATFS/Target/bsp_driver_sd.o
 .debug_line    0x0000000000009b87      0x6c1 FATFS/Target/fatfs_platform.o
 .debug_line    0x000000000000a248      0xacf FATFS/Target/sd_diskio.o
 .debug_line    0x000000000000ad17      0x92f Middlewares/Third_Party/FatFs/src/diskio.o
 .debug_line    0x000000000000b646     0x3cd6 Middlewares/Third_Party/FatFs/src/ff.o
 .debug_line    0x000000000000f31c      0x94d Middlewares/Third_Party/FatFs/src/ff_gen_drv.o
 .debug_line    0x000000000000fc69      0x98d Middlewares/Third_Party/FatFs/src/option/ccsbcs.o

.debug_str      0x0000000000000000    0xc631d
 .debug_str     0x0000000000000000    0xc2fd2 Core/Src/main.o
                                      0xc33e4 (size before relaxing)
 .debug_str     0x00000000000c2fd2       0x4c Core/Src/stm32f4xx_hal_msp.o
                                      0xbf5bc (size before relaxing)
 .debug_str     0x00000000000c301e       0xed Core/Src/stm32f4xx_it.o
                                      0xbefee (size before relaxing)
 .debug_str     0x00000000000c310b       0xc4 Core/Src/system_stm32f4xx.o
                                      0xbead4 (size before relaxing)
 .debug_str     0x00000000000c31cf       0x36 Core/Startup/startup_stm32f407vgtx.o
                                         0x91 (size before relaxing)
 .debug_str     0x00000000000c3205      0x588 Drivers/STM32F4xx_HAL_Driver/Src/stm32f4xx_hal.o
                                      0xbf5a1 (size before relaxing)
 .debug_str     0x00000000000c378d      0x399 Drivers/STM32F4xx_HAL_Driver/Src/stm32f4xx_hal_cortex.o
                                      0xbf390 (size before relaxing)
 .debug_str     0x00000000000c3b26      0x322 Drivers/STM32F4xx_HAL_Driver/Src/stm32f4xx_hal_dma.o
                                      0xbeee9 (size before relaxing)
 .debug_str     0x00000000000c3e48      0x20c Drivers/STM32F4xx_HAL_Driver/Src/stm32f4xx_hal_gpio.o
                                      0xbed13 (size before relaxing)
 .debug_str     0x00000000000c4054      0x259 Drivers/STM32F4xx_HAL_Driver/Src/stm32f4xx_hal_rcc.o
                                      0xbeec1 (size before relaxing)
 .debug_str     0x00000000000c42ad      0x6e1 Drivers/STM32F4xx_HAL_Driver/Src/stm32f4xx_hal_sd.o
                                      0xbf5c0 (size before relaxing)
 .debug_str     0x00000000000c498e      0x436 Drivers/STM32F4xx_HAL_Driver/Src/stm32f4xx_ll_sdmmc.o
                                      0xbef38 (size before relaxing)
 .debug_str     0x00000000000c4dc4       0x2f FATFS/App/fatfs.o
                                      0xc25f1 (size before relaxing)
 .debug_str     0x00000000000c4df3      0x164 FATFS/Target/bsp_driver_sd.o
                                      0xbf0d4 (size before relaxing)
 .debug_str     0x00000000000c4f57       0x38 FATFS/Target/fatfs_platform.o
                                      0xbea23 (size before relaxing)
 .debug_str     0x00000000000c4f8f      0x148 FATFS/Target/sd_diskio.o
                                      0xc26ac (size before relaxing)
 .debug_str     0x00000000000c50d7       0x57 Middlewares/Third_Party/FatFs/src/diskio.o
                                      0xc250a (size before relaxing)
 .debug_str     0x00000000000c512e     0x10ed Middlewares/Third_Party/FatFs/src/ff.o
                                      0xc37bc (size before relaxing)
 .debug_str     0x00000000000c621b       0xa2 Middlewares/Third_Party/FatFs/src/ff_gen_drv.o
                                      0xc255b (size before relaxing)
 .debug_str     0x00000000000c62bd       0x60 Middlewares/Third_Party/FatFs/src/option/ccsbcs.o
                                      0xc22f1 (size before relaxing)

.comment        0x0000000000000000       0x53
 .comment       0x0000000000000000       0x53 Core/Src/main.o
                                         0x54 (size before relaxing)
 .comment       0x0000000000000053       0x54 Core/Src/stm32f4xx_hal_msp.o
 .comment       0x0000000000000053       0x54 Core/Src/stm32f4xx_it.o
 .comment       0x0000000000000053       0x54 Core/Src/system_stm32f4xx.o
 .comment       0x0000000000000053       0x54 Drivers/STM32F4xx_HAL_Driver/Src/stm32f4xx_hal.o
 .comment       0x0000000000000053       0x54 Drivers/STM32F4xx_HAL_Driver/Src/stm32f4xx_hal_cortex.o
 .comment       0x0000000000000053       0x54 Drivers/STM32F4xx_HAL_Driver/Src/stm32f4xx_hal_dma.o
 .comment       0x0000000000000053       0x54 Drivers/STM32F4xx_HAL_Driver/Src/stm32f4xx_hal_gpio.o
 .comment       0x0000000000000053       0x54 Drivers/STM32F4xx_HAL_Driver/Src/stm32f4xx_hal_rcc.o
 .comment       0x0000000000000053       0x54 Drivers/STM32F4xx_HAL_Driver/Src/stm32f4xx_hal_sd.o
 .comment       0x0000000000000053       0x54 Drivers/STM32F4xx_HAL_Driver/Src/stm32f4xx_ll_sdmmc.o
 .comment       0x0000000000000053       0x54 FATFS/App/fatfs.o
 .comment       0x0000000000000053       0x54 FATFS/Target/bsp_driver_sd.o
 .comment       0x0000000000000053       0x54 FATFS/Target/fatfs_platform.o
 .comment       0x0000000000000053       0x54 FATFS/Target/sd_diskio.o
 .comment       0x0000000000000053       0x54 Middlewares/Third_Party/FatFs/src/diskio.o
 .comment       0x0000000000000053       0x54 Middlewares/Third_Party/FatFs/src/ff.o
 .comment       0x0000000000000053       0x54 Middlewares/Third_Party/FatFs/src/ff_gen_drv.o
 .comment       0x0000000000000053       0x54 Middlewares/Third_Party/FatFs/src/option/ccsbcs.o

.debug_frame    0x0000000000000000     0x2e80
 .debug_frame   0x0000000000000000       0xe4 Core/Src/main.o
 .debug_frame   0x00000000000000e4       0x7c Core/Src/stm32f4xx_hal_msp.o
 .debug_frame   0x0000000000000160      0x160 Core/Src/stm32f4xx_it.o
 .debug_frame   0x00000000000002c0       0x58 Core/Src/system_stm32f4xx.o
 .debug_frame   0x0000000000000318      0x374 Drivers/STM32F4xx_HAL_Driver/Src/stm32f4xx_hal.o
 .debug_frame   0x000000000000068c      0x498 Drivers/STM32F4xx_HAL_Driver/Src/stm32f4xx_hal_cortex.o
 .debug_frame   0x0000000000000b24      0x250 Drivers/STM32F4xx_HAL_Driver/Src/stm32f4xx_hal_dma.o
 .debug_frame   0x0000000000000d74      0x14c Drivers/STM32F4xx_HAL_Driver/Src/stm32f4xx_hal_gpio.o
 .debug_frame   0x0000000000000ec0      0x1f0 Drivers/STM32F4xx_HAL_Driver/Src/stm32f4xx_hal_rcc.o
 .debug_frame   0x00000000000010b0      0x650 Drivers/STM32F4xx_HAL_Driver/Src/stm32f4xx_hal_sd.o
 .debug_frame   0x0000000000001700      0x690 Drivers/STM32F4xx_HAL_Driver/Src/stm32f4xx_ll_sdmmc.o
 .debug_frame   0x0000000000001d90       0x4c FATFS/App/fatfs.o
 .debug_frame   0x0000000000001ddc      0x258 FATFS/Target/bsp_driver_sd.o
 .debug_frame   0x0000000000002034       0x34 FATFS/Target/fatfs_platform.o
 .debug_frame   0x0000000000002068      0x14c FATFS/Target/sd_diskio.o
 .debug_frame   0x00000000000021b4       0xec Middlewares/Third_Party/FatFs/src/diskio.o
 .debug_frame   0x00000000000022a0      0xa0c Middlewares/Third_Party/FatFs/src/ff.o
 .debug_frame   0x0000000000002cac       0xc8 Middlewares/Third_Party/FatFs/src/ff_gen_drv.o
 .debug_frame   0x0000000000002d74       0x60 Middlewares/Third_Party/FatFs/src/option/ccsbcs.o
 .debug_frame   0x0000000000002dd4       0x2c c:/st/stm32cubeide_1.6.0/stm32cubeide/plugins/com.st.stm32cube.ide.mcu.externaltools.gnu-tools-for-stm32.9-2020-q2-update.win32_1.5.0.202011040924/tools/bin/../lib/gcc/arm-none-eabi/9.3.1/../../../../arm-none-eabi/lib/thumb/v7e-m+fp/hard\libc_nano.a(lib_a-init.o)
 .debug_frame   0x0000000000002e00       0x20 c:/st/stm32cubeide_1.6.0/stm32cubeide/plugins/com.st.stm32cube.ide.mcu.externaltools.gnu-tools-for-stm32.9-2020-q2-update.win32_1.5.0.202011040924/tools/bin/../lib/gcc/arm-none-eabi/9.3.1/../../../../arm-none-eabi/lib/thumb/v7e-m+fp/hard\libc_nano.a(lib_a-memset.o)
 .debug_frame   0x0000000000002e20       0x2c c:/st/stm32cubeide_1.6.0/stm32cubeide/plugins/com.st.stm32cube.ide.mcu.externaltools.gnu-tools-for-stm32.9-2020-q2-update.win32_1.5.0.202011040924/tools/bin/../lib/gcc/arm-none-eabi/9.3.1/thumb/v7e-m+fp/hard\libgcc.a(_aeabi_uldivmod.o)
 .debug_frame   0x0000000000002e4c       0x34 c:/st/stm32cubeide_1.6.0/stm32cubeide/plugins/com.st.stm32cube.ide.mcu.externaltools.gnu-tools-for-stm32.9-2020-q2-update.win32_1.5.0.202011040924/tools/bin/../lib/gcc/arm-none-eabi/9.3.1/thumb/v7e-m+fp/hard\libgcc.a(_udivmoddi4.o)
